PS E:\work\learn\src\main\greekTime\week2> java -XX:+UseConcMarkSweepGC -Xms512m -Xmx512m -XX:+PrintGCDetails -XX:+PrintGCDateStamps GCLogAnalysis
正在执行...
2020-10-27T22:54:40.866+0800: [GC (Allocation Failure) 2020-10-27T22:54:40.867+0800: [ParNew: 139776K->17465K(157248K), 0.0065469 secs] 139776K->45533K(506816K), 0.0070162 secs] [Times: user=0.03 sys=0.06, real=0.01 secs]
2020-10-27T22:54:40.888+0800: [GC (Allocation Failure) 2020-10-27T22:54:40.888+0800: [ParNew: 157241K->17472K(157248K), 0.0090735 secs] 185309K->93270K(506816K), 0.0093294 secs] [Times: user=0.00 sys=0.00, real=0.01 secs]
2020-10-27T22:54:40.912+0800: [GC (Allocation Failure) 2020-10-27T22:54:40.912+0800: [ParNew: 156996K->17472K(157248K), 0.0164770 secs] 232794K->139266K(506816K), 0.0168397 secs] [Times: user=0.08 sys=0.00, real=0.02 secs]
2020-10-27T22:54:40.943+0800: [GC (Allocation Failure) 2020-10-27T22:54:40.944+0800: [ParNew: 157248K->17469K(157248K), 0.0152530 secs] 279042K->182531K(506816K), 0.0154640 secs] [Times: user=0.08 sys=0.00, real=0.02 secs]
2020-10-27T22:54:40.974+0800: [GC (Allocation Failure) 2020-10-27T22:54:40.974+0800: [ParNew: 157245K->17471K(157248K), 0.0144135 secs] 322307K->224769K(506816K), 0.0145770 secs] [Times: user=0.05 sys=0.00, real=0.02 secs]
2020-10-27T22:54:40.989+0800: [GC (CMS Initial Mark) [1 CMS-initial-mark: 207298K(349568K)] 225304K(506816K), 0.0002220 secs] [Times: user=0.00 sys=0.00, real=0.00 secs]
2020-10-27T22:54:40.989+0800: [CMS-concurrent-mark-start]
2020-10-27T22:54:40.991+0800: [CMS-concurrent-mark: 0.001/0.001 secs] [Times: user=0.00 sys=0.00, real=0.00 secs]
2020-10-27T22:54:40.991+0800: [CMS-concurrent-preclean-start]
2020-10-27T22:54:40.992+0800: [CMS-concurrent-preclean: 0.000/0.000 secs] [Times: user=0.00 sys=0.00, real=0.00 secs]
2020-10-27T22:54:40.992+0800: [CMS-concurrent-abortable-preclean-start]
2020-10-27T22:54:41.004+0800: [GC (Allocation Failure) 2020-10-27T22:54:41.004+0800: [ParNew: 157247K->17469K(157248K), 0.0136119 secs] 364545K->262100K(506816K), 0.0137580 secs] [Times: user=0.08 sys=0.00, real=0.01 secs]
2020-10-27T22:54:41.031+0800: [GC (Allocation Failure) 2020-10-27T22:54:41.032+0800: [ParNew: 157245K->17471K(157248K), 0.0171774 secs] 401876K->310272K(506816K), 0.0173178 secs] [Times: user=0.00 sys=0.00, real=0.02 secs]
2020-10-27T22:54:41.064+0800: [GC (Allocation Failure) 2020-10-27T22:54:41.064+0800: [ParNew: 157247K->17471K(157248K), 0.0151359 secs] 450048K->352980K(506816K), 0.0152816 secs] [Times: user=0.09 sys=0.00, real=0.02 secs]
2020-10-27T22:54:41.079+0800: [CMS-concurrent-abortable-preclean: 0.002/0.087 secs] [Times: user=0.22 sys=0.00, real=0.09 secs]
2020-10-27T22:54:41.079+0800: [GC (CMS Final Remark) [YG occupancy: 20531 K (157248 K)]2020-10-27T22:54:41.079+0800: [Rescan (parallel) , 0.0002049 secs]2020-10-27T22:54:41.080+0800: [weak refs processing, 0.0000611 secs]2020-10-27T22:54:41.080+0800: [class unloading, 0.0002200 secs]2020-10-27T22:54:41.080+0800: [scrub symbol table, 0.0002959 secs]2020-10-27T22:54:41.080+0800: [scrub string table, 0.0001240 secs][1 CMS-remark: 335508K(349568K)] 356040K(506816K), 0.0012361 secs] [Times: user=0.00 sys=0.00, real=0.00 secs]
2020-10-27T22:54:41.081+0800: [CMS-concurrent-sweep-start]
2020-10-27T22:54:41.081+0800: [CMS-concurrent-sweep: 0.000/0.000 secs] [Times: user=0.00 sys=0.00, real=0.00 secs]
2020-10-27T22:54:41.081+0800: [CMS-concurrent-reset-start]
2020-10-27T22:54:41.082+0800: [CMS-concurrent-reset: 0.001/0.001 secs] [Times: user=0.00 sys=0.00, real=0.00 secs]
2020-10-27T22:54:41.095+0800: [GC (Allocation Failure) 2020-10-27T22:54:41.095+0800: [ParNew: 157247K->17471K(157248K), 0.0086871 secs] 451352K->356634K(506816K), 0.0088446 secs] [Times: user=0.09 sys=0.00, real=0.01 secs]
2020-10-27T22:54:41.104+0800: [GC (CMS Initial Mark) [1 CMS-initial-mark: 339163K(349568K)] 357268K(506816K), 0.0001862 secs] [Times: user=0.00 sys=0.00, real=0.00 secs]
2020-10-27T22:54:41.104+0800: [CMS-concurrent-mark-start]
2020-10-27T22:54:41.105+0800: [CMS-concurrent-mark: 0.001/0.001 secs] [Times: user=0.00 sys=0.00, real=0.00 secs]
2020-10-27T22:54:41.105+0800: [CMS-concurrent-preclean-start]
2020-10-27T22:54:41.106+0800: [CMS-concurrent-preclean: 0.000/0.000 secs] [Times: user=0.00 sys=0.00, real=0.00 secs]
2020-10-27T22:54:41.106+0800: [CMS-concurrent-abortable-preclean-start]
2020-10-27T22:54:41.106+0800: [CMS-concurrent-abortable-preclean: 0.000/0.000 secs] [Times: user=0.00 sys=0.00, real=0.00 secs]
2020-10-27T22:54:41.106+0800: [GC (CMS Final Remark) [YG occupancy: 39362 K (157248 K)]2020-10-27T22:54:41.106+0800: [Rescan (parallel) , 0.0003770 secs]2020-10-27T22:54:41.107+0800: [weak refs processing, 0.0000610 secs]2020-10-27T22:54:41.107+0800: [class unloading, 0.0002256 secs]2020-10-27T22:54:41.107+0800: [scrub symbol table, 0.0003252 secs]2020-10-27T22:54:41.107+0800: [scrub string table, 0.0001601 secs][1 CMS-remark: 339163K(349568K)] 378525K(506816K), 0.0015259 secs] [Times: user=0.00 sys=0.00, real=0.00 secs]
2020-10-27T22:54:41.108+0800: [CMS-concurrent-sweep-start]
2020-10-27T22:54:41.109+0800: [CMS-concurrent-sweep: 0.001/0.001 secs] [Times: user=0.00 sys=0.00, real=0.00 secs]
2020-10-27T22:54:41.109+0800: [CMS-concurrent-reset-start]
2020-10-27T22:54:41.109+0800: [CMS-concurrent-reset: 0.000/0.000 secs] [Times: user=0.00 sys=0.00, real=0.00 secs]
2020-10-27T22:54:41.121+0800: [GC (Allocation Failure) 2020-10-27T22:54:41.121+0800: [ParNew: 157219K->17465K(157248K), 0.0085196 secs] 396065K->300533K(506816K), 0.0086584 secs] [Times: user=0.00 sys=0.00, real=0.01 secs]
2020-10-27T22:54:41.130+0800: [GC (CMS Initial Mark) [1 CMS-initial-mark: 283068K(349568K)] 300984K(506816K), 0.0001794 secs] [Times: user=0.00 sys=0.00, real=0.00 secs]
2020-10-27T22:54:41.130+0800: [CMS-concurrent-mark-start]
2020-10-27T22:54:41.131+0800: [CMS-concurrent-mark: 0.001/0.001 secs] [Times: user=0.00 sys=0.00, real=0.00 secs]
2020-10-27T22:54:41.132+0800: [CMS-concurrent-preclean-start]
2020-10-27T22:54:41.132+0800: [CMS-concurrent-preclean: 0.000/0.000 secs] [Times: user=0.00 sys=0.00, real=0.00 secs]
2020-10-27T22:54:41.132+0800: [CMS-concurrent-abortable-preclean-start]
2020-10-27T22:54:41.145+0800: [GC (Allocation Failure) 2020-10-27T22:54:41.145+0800: [ParNew: 157241K->17470K(157248K), 0.0070624 secs] 440309K->342087K(506816K), 0.0072471 secs] [Times: user=0.09 sys=0.00, real=0.01 secs]
2020-10-27T22:54:41.166+0800: [GC (Allocation Failure) 2020-10-27T22:54:41.166+0800: [ParNew: 157246K->157246K(157248K), 0.0001146 secs]2020-10-27T22:54:41.166+0800: [CMS2020-10-27T22:54:41.166+0800: [CMS-concurrent-abortable-preclean: 0.001/0.034 secs] [Times: user=0.13 sys=0.00, real=0.03 secs]
 (concurrent mode failure): 324616K->292678K(349568K), 0.0376338 secs] 481863K->292678K(506816K), [Metaspace: 2617K->2617K(1056768K)], 0.0381307 secs] [Times: user=0.03 sys=0.00, real=0.04 secs]
2020-10-27T22:54:41.220+0800: [GC (Allocation Failure) 2020-10-27T22:54:41.220+0800: [ParNew: 139776K->17471K(157248K), 0.0068297 secs] 432454K->340027K(506816K), 0.0069997 secs] [Times: user=0.06 sys=0.00, real=0.01 secs]
2020-10-27T22:54:41.228+0800: [GC (CMS Initial Mark) [1 CMS-initial-mark: 322555K(349568K)] 340315K(506816K), 0.0004356 secs] [Times: user=0.00 sys=0.00, real=0.00 secs]
2020-10-27T22:54:41.228+0800: [CMS-concurrent-mark-start]
2020-10-27T22:54:41.230+0800: [CMS-concurrent-mark: 0.001/0.001 secs] [Times: user=0.00 sys=0.00, real=0.00 secs]
2020-10-27T22:54:41.231+0800: [CMS-concurrent-preclean-start]
2020-10-27T22:54:41.232+0800: [CMS-concurrent-preclean: 0.000/0.000 secs] [Times: user=0.00 sys=0.00, real=0.00 secs]
2020-10-27T22:54:41.232+0800: [CMS-concurrent-abortable-preclean-start]
2020-10-27T22:54:41.232+0800: [CMS-concurrent-abortable-preclean: 0.000/0.000 secs] [Times: user=0.00 sys=0.00, real=0.00 secs]
2020-10-27T22:54:41.233+0800: [GC (CMS Final Remark) [YG occupancy: 52930 K (157248 K)]2020-10-27T22:54:41.233+0800: [Rescan (parallel) , 0.0005007 secs]2020-10-27T22:54:41.234+0800: [weak refs processing, 0.0001679 secs]2020-10-27T22:54:41.234+0800: [class unloading, 0.0003559 secs]2020-10-27T22:54:41.234+0800: [scrub symbol table, 0.0003457 secs]2020-10-27T22:54:41.235+0800: [scrub string table, 0.0001292 secs][1 CMS-remark: 322555K(349568K)] 375485K(506816K), 0.0022300 secs] [Times: user=0.00 sys=0.00, real=0.00 secs]
2020-10-27T22:54:41.235+0800: [CMS-concurrent-sweep-start]
2020-10-27T22:54:41.236+0800: [CMS-concurrent-sweep: 0.001/0.001 secs] [Times: user=0.00 sys=0.00, real=0.00 secs]
2020-10-27T22:54:41.236+0800: [CMS-concurrent-reset-start]
2020-10-27T22:54:41.236+0800: [CMS-concurrent-reset: 0.000/0.000 secs] [Times: user=0.00 sys=0.00, real=0.00 secs]
2020-10-27T22:54:41.247+0800: [GC (Allocation Failure) 2020-10-27T22:54:41.248+0800: [ParNew: 157247K->17471K(157248K), 0.0081563 secs] 442410K->348822K(506816K), 0.0086298 secs] [Times: user=0.00 sys=0.00, real=0.01 secs]
2020-10-27T22:54:41.256+0800: [GC (CMS Initial Mark) [1 CMS-initial-mark: 331351K(349568K)] 351637K(506816K), 0.0003619 secs] [Times: user=0.00 sys=0.00, real=0.00 secs]
2020-10-27T22:54:41.257+0800: [CMS-concurrent-mark-start]
2020-10-27T22:54:41.259+0800: [CMS-concurrent-mark: 0.001/0.001 secs] [Times: user=0.05 sys=0.00, real=0.00 secs]
2020-10-27T22:54:41.259+0800: [CMS-concurrent-preclean-start]
2020-10-27T22:54:41.260+0800: [CMS-concurrent-preclean: 0.000/0.000 secs] [Times: user=0.00 sys=0.00, real=0.00 secs]
2020-10-27T22:54:41.260+0800: [CMS-concurrent-abortable-preclean-start]
2020-10-27T22:54:41.260+0800: [CMS-concurrent-abortable-preclean: 0.000/0.000 secs] [Times: user=0.00 sys=0.00, real=0.00 secs]
2020-10-27T22:54:41.261+0800: [GC (CMS Final Remark) [YG occupancy: 48614 K (157248 K)]2020-10-27T22:54:41.261+0800: [Rescan (parallel) , 0.0004282 secs]2020-10-27T22:54:41.262+0800: [weak refs processing, 0.0000618 secs]2020-10-27T22:54:41.262+0800: [class unloading, 0.0002388 secs]2020-10-27T22:54:41.262+0800: [scrub symbol table, 0.0003011 secs]2020-10-27T22:54:41.262+0800: [scrub string table, 0.0001621 secs][1 CMS-remark: 331351K(349568K)] 379965K(506816K), 0.0016619 secs] [Times: user=0.00 sys=0.00, real=0.00 secs]
2020-10-27T22:54:41.263+0800: [CMS-concurrent-sweep-start]
2020-10-27T22:54:41.263+0800: [CMS-concurrent-sweep: 0.000/0.000 secs] [Times: user=0.00 sys=0.00, real=0.00 secs]
2020-10-27T22:54:41.263+0800: [CMS-concurrent-reset-start]
2020-10-27T22:54:41.264+0800: [CMS-concurrent-reset: 0.000/0.000 secs] [Times: user=0.00 sys=0.00, real=0.00 secs]
2020-10-27T22:54:41.275+0800: [GC (Allocation Failure) 2020-10-27T22:54:41.276+0800: [ParNew: 157247K->157247K(157248K), 0.0001838 secs]2020-10-27T22:54:41.276+0800: [CMS: 297946K->326741K(349568K), 0.0385611 secs] 455193K->326741K(506816K), [Metaspace: 2617K->2617K(1056768K)], 0.0392298 secs] [Times: user=0.03 sys=0.00, real=0.04 secs]
2020-10-27T22:54:41.315+0800: [GC (CMS Initial Mark) [1 CMS-initial-mark: 326741K(349568K)] 327316K(506816K), 0.0002071 secs] [Times: user=0.00 sys=0.00, real=0.00 secs]
2020-10-27T22:54:41.315+0800: [CMS-concurrent-mark-start]
2020-10-27T22:54:41.316+0800: [CMS-concurrent-mark: 0.001/0.001 secs] [Times: user=0.00 sys=0.00, real=0.00 secs]
2020-10-27T22:54:41.316+0800: [CMS-concurrent-preclean-start]
2020-10-27T22:54:41.317+0800: [CMS-concurrent-preclean: 0.000/0.000 secs] [Times: user=0.00 sys=0.00, real=0.00 secs]
2020-10-27T22:54:41.317+0800: [CMS-concurrent-abortable-preclean-start]
2020-10-27T22:54:41.317+0800: [CMS-concurrent-abortable-preclean: 0.000/0.000 secs] [Times: user=0.00 sys=0.00, real=0.00 secs]
2020-10-27T22:54:41.318+0800: [GC (CMS Final Remark) [YG occupancy: 26644 K (157248 K)]2020-10-27T22:54:41.318+0800: [Rescan (parallel) , 0.0002278 secs]2020-10-27T22:54:41.318+0800: [weak refs processing, 0.0000645 secs]2020-10-27T22:54:41.318+0800: [class unloading, 0.0002246 secs]2020-10-27T22:54:41.318+0800: [scrub symbol table, 0.0003016 secs]2020-10-27T22:54:41.319+0800: [scrub string table, 0.0001303 secs][1 CMS-remark: 326741K(349568K)] 353386K(506816K), 0.0012957 secs] [Times: user=0.00 sys=0.00, real=0.00 secs]
2020-10-27T22:54:41.319+0800: [CMS-concurrent-sweep-start]
2020-10-27T22:54:41.319+0800: [CMS-concurrent-sweep: 0.000/0.000 secs] [Times: user=0.00 sys=0.00, real=0.00 secs]
2020-10-27T22:54:41.320+0800: [CMS-concurrent-reset-start]
2020-10-27T22:54:41.320+0800: [CMS-concurrent-reset: 0.000/0.000 secs] [Times: user=0.00 sys=0.00, real=0.00 secs]
2020-10-27T22:54:41.331+0800: [GC (Allocation Failure) 2020-10-27T22:54:41.331+0800: [ParNew: 139776K->139776K(157248K), 0.0001728 secs]2020-10-27T22:54:41.332+0800: [CMS: 323936K->333808K(349568K), 0.0386185 secs] 463712K->333808K(506816K), [Metaspace: 2617K->2617K(1056768K)], 0.0392666 secs] [Times: user=0.05 sys=0.00, real=0.04 secs]
2020-10-27T22:54:41.371+0800: [GC (CMS Initial Mark) [1 CMS-initial-mark: 333808K(349568K)] 333952K(506816K), 0.0002487 secs] [Times: user=0.00 sys=0.00, real=0.00 secs]
2020-10-27T22:54:41.371+0800: [CMS-concurrent-mark-start]
2020-10-27T22:54:41.372+0800: [CMS-concurrent-mark: 0.001/0.001 secs] [Times: user=0.00 sys=0.00, real=0.00 secs]
2020-10-27T22:54:41.373+0800: [CMS-concurrent-preclean-start]
2020-10-27T22:54:41.373+0800: [CMS-concurrent-preclean: 0.000/0.000 secs] [Times: user=0.00 sys=0.00, real=0.00 secs]
2020-10-27T22:54:41.374+0800: [CMS-concurrent-abortable-preclean-start]
2020-10-27T22:54:41.374+0800: [CMS-concurrent-abortable-preclean: 0.000/0.000 secs] [Times: user=0.00 sys=0.00, real=0.00 secs]
2020-10-27T22:54:41.374+0800: [GC (CMS Final Remark) [YG occupancy: 24525 K (157248 K)]2020-10-27T22:54:41.374+0800: [Rescan (parallel) , 0.0003090 secs]2020-10-27T22:54:41.374+0800: [weak refs processing, 0.0000636 secs]2020-10-27T22:54:41.375+0800: [class unloading, 0.0003942 secs]2020-10-27T22:54:41.375+0800: [scrub symbol table, 0.0003781 secs]2020-10-27T22:54:41.375+0800: [scrub string table, 0.0001707 secs][1 CMS-remark: 333808K(349568K)] 358333K(506816K), 0.0017173 secs] [Times: user=0.00 sys=0.00, real=0.00 secs]
2020-10-27T22:54:41.376+0800: [CMS-concurrent-sweep-start]
2020-10-27T22:54:41.376+0800: [CMS-concurrent-sweep: 0.000/0.000 secs] [Times: user=0.00 sys=0.00, real=0.00 secs]
2020-10-27T22:54:41.376+0800: [CMS-concurrent-reset-start]
2020-10-27T22:54:41.377+0800: [CMS-concurrent-reset: 0.000/0.000 secs] [Times: user=0.00 sys=0.00, real=0.00 secs]
2020-10-27T22:54:41.387+0800: [GC (Allocation Failure) 2020-10-27T22:54:41.387+0800: [ParNew: 139514K->139514K(157248K), 0.0001917 secs]2020-10-27T22:54:41.388+0800: [CMS: 333235K->339596K(349568K), 0.0402157 secs] 472749K->339596K(506816K), [Metaspace: 2617K->2617K(1056768K)], 0.0408181 secs] [Times: user=0.03 sys=0.00, real=0.04 secs]
2020-10-27T22:54:41.428+0800: [GC (CMS Initial Mark) [1 CMS-initial-mark: 339596K(349568K)] 342840K(506816K), 0.0004546 secs] [Times: user=0.00 sys=0.00, real=0.00 secs]
2020-10-27T22:54:41.429+0800: [CMS-concurrent-mark-start]
2020-10-27T22:54:41.430+0800: [CMS-concurrent-mark: 0.001/0.001 secs] [Times: user=0.00 sys=0.00, real=0.00 secs]
2020-10-27T22:54:41.430+0800: [CMS-concurrent-preclean-start]
2020-10-27T22:54:41.431+0800: [CMS-concurrent-preclean: 0.000/0.000 secs] [Times: user=0.02 sys=0.00, real=0.00 secs]
2020-10-27T22:54:41.431+0800: [CMS-concurrent-abortable-preclean-start]
2020-10-27T22:54:41.431+0800: [CMS-concurrent-abortable-preclean: 0.000/0.000 secs] [Times: user=0.00 sys=0.00, real=0.00 secs]
2020-10-27T22:54:41.431+0800: [GC (CMS Final Remark) [YG occupancy: 28637 K (157248 K)]2020-10-27T22:54:41.431+0800: [Rescan (parallel) , 0.0003423 secs]2020-10-27T22:54:41.431+0800: [weak refs processing, 0.0000712 secs]2020-10-27T22:54:41.432+0800: [class unloading, 0.0003166 secs]2020-10-27T22:54:41.432+0800: [scrub symbol table, 0.0003017 secs]2020-10-27T22:54:41.432+0800: [scrub string table, 0.0001280 secs][1 CMS-remark: 339596K(349568K)] 368234K(506816K), 0.0015327 secs] [Times: user=0.00 sys=0.00, real=0.00 secs]
2020-10-27T22:54:41.433+0800: [CMS-concurrent-sweep-start]
2020-10-27T22:54:41.433+0800: [CMS-concurrent-sweep: 0.000/0.000 secs] [Times: user=0.00 sys=0.00, real=0.00 secs]
2020-10-27T22:54:41.434+0800: [CMS-concurrent-reset-start]
2020-10-27T22:54:41.434+0800: [CMS-concurrent-reset: 0.000/0.000 secs] [Times: user=0.00 sys=0.00, real=0.00 secs]
2020-10-27T22:54:41.445+0800: [GC (Allocation Failure) 2020-10-27T22:54:41.445+0800: [ParNew: 139639K->139639K(157248K), 0.0001765 secs]2020-10-27T22:54:41.445+0800: [CMS: 338401K->349468K(349568K), 0.0418343 secs] 478041K->351059K(506816K), [Metaspace: 2617K->2617K(1056768K)], 0.0426515 secs] [Times: user=0.05 sys=0.00, real=0.04 secs]
2020-10-27T22:54:41.488+0800: [GC (CMS Initial Mark) [1 CMS-initial-mark: 349468K(349568K)] 351845K(506816K), 0.0002761 secs] [Times: user=0.00 sys=0.00, real=0.00 secs]
2020-10-27T22:54:41.488+0800: [CMS-concurrent-mark-start]
2020-10-27T22:54:41.489+0800: [CMS-concurrent-mark: 0.001/0.001 secs] [Times: user=0.00 sys=0.00, real=0.00 secs]
2020-10-27T22:54:41.490+0800: [CMS-concurrent-preclean-start]
2020-10-27T22:54:41.491+0800: [CMS-concurrent-preclean: 0.001/0.001 secs] [Times: user=0.00 sys=0.00, real=0.00 secs]
2020-10-27T22:54:41.492+0800: [CMS-concurrent-abortable-preclean-start]
2020-10-27T22:54:41.492+0800: [CMS-concurrent-abortable-preclean: 0.000/0.000 secs] [Times: user=0.00 sys=0.00, real=0.00 secs]
2020-10-27T22:54:41.493+0800: [GC (CMS Final Remark) [YG occupancy: 33139 K (157248 K)]2020-10-27T22:54:41.493+0800: [Rescan (parallel) , 0.0004186 secs]2020-10-27T22:54:41.493+0800: [weak refs processing, 0.0000794 secs]2020-10-27T22:54:41.493+0800: [class unloading, 0.0003032 secs]2020-10-27T22:54:41.494+0800: [scrub symbol table, 0.0003167 secs]2020-10-27T22:54:41.494+0800: [scrub string table, 0.0001436 secs][1 CMS-remark: 349468K(349568K)] 382608K(506816K), 0.0019173 secs] [Times: user=0.00 sys=0.00, real=0.00 secs]
2020-10-27T22:54:41.495+0800: [CMS-concurrent-sweep-start]
2020-10-27T22:54:41.495+0800: [CMS-concurrent-sweep: 0.000/0.000 secs] [Times: user=0.00 sys=0.00, real=0.00 secs]
2020-10-27T22:54:41.496+0800: [CMS-concurrent-reset-start]
2020-10-27T22:54:41.496+0800: [CMS-concurrent-reset: 0.000/0.000 secs] [Times: user=0.00 sys=0.00, real=0.00 secs]
2020-10-27T22:54:41.507+0800: [GC (Allocation Failure) 2020-10-27T22:54:41.508+0800: [ParNew: 157186K->157186K(157248K), 0.0001827 secs]2020-10-27T22:54:41.508+0800: [CMS: 347620K->349405K(349568K), 0.0411717 secs] 504807K->356373K(506816K), [Metaspace: 2617K->2617K(1056768K)], 0.0419864 secs] [Times: user=0.05 sys=0.00, real=0.04 secs]
2020-10-27T22:54:41.550+0800: [GC (CMS Initial Mark) [1 CMS-initial-mark: 349405K(349568K)] 359477K(506816K), 0.0006167 secs] [Times: user=0.00 sys=0.00, real=0.00 secs]
2020-10-27T22:54:41.551+0800: [CMS-concurrent-mark-start]
2020-10-27T22:54:41.552+0800: [CMS-concurrent-mark: 0.001/0.001 secs] [Times: user=0.00 sys=0.00, real=0.00 secs]
2020-10-27T22:54:41.553+0800: [CMS-concurrent-preclean-start]
2020-10-27T22:54:41.554+0800: [CMS-concurrent-preclean: 0.001/0.001 secs] [Times: user=0.00 sys=0.00, real=0.00 secs]
2020-10-27T22:54:41.554+0800: [CMS-concurrent-abortable-preclean-start]
2020-10-27T22:54:41.555+0800: [CMS-concurrent-abortable-preclean: 0.000/0.000 secs] [Times: user=0.00 sys=0.00, real=0.00 secs]
2020-10-27T22:54:41.555+0800: [GC (CMS Final Remark) [YG occupancy: 49863 K (157248 K)]2020-10-27T22:54:41.555+0800: [Rescan (parallel) , 0.0005135 secs]2020-10-27T22:54:41.556+0800: [weak refs processing, 0.0001199 secs]2020-10-27T22:54:41.556+0800: [class unloading, 0.0002596 secs]2020-10-27T22:54:41.556+0800: [scrub symbol table, 0.0003302 secs]2020-10-27T22:54:41.557+0800: [scrub string table, 0.0001359 secs][1 CMS-remark: 349405K(349568K)] 399268K(506816K), 0.0019689 secs] [Times: user=0.09 sys=0.00, real=0.00 secs]
2020-10-27T22:54:41.557+0800: [CMS-concurrent-sweep-start]
2020-10-27T22:54:41.558+0800: [CMS-concurrent-sweep: 0.001/0.001 secs] [Times: user=0.00 sys=0.00, real=0.00 secs]
2020-10-27T22:54:41.558+0800: [CMS-concurrent-reset-start]
2020-10-27T22:54:41.559+0800: [CMS-concurrent-reset: 0.000/0.000 secs] [Times: user=0.00 sys=0.00, real=0.00 secs]
2020-10-27T22:54:41.567+0800: [GC (Allocation Failure) 2020-10-27T22:54:41.567+0800: [ParNew: 157111K->157111K(157248K), 0.0002565 secs]2020-10-27T22:54:41.567+0800: [CMS: 347959K->349157K(349568K), 0.0421233 secs] 505071K->364342K(506816K), [Metaspace: 2617K->2617K(1056768K)], 0.0429601 secs] [Times: user=0.05 sys=0.00, real=0.04 secs]
2020-10-27T22:54:41.611+0800: [GC (CMS Initial Mark) [1 CMS-initial-mark: 349157K(349568K)] 367485K(506816K), 0.0003712 secs] [Times: user=0.00 sys=0.00, real=0.00 secs]
2020-10-27T22:54:41.611+0800: [CMS-concurrent-mark-start]
2020-10-27T22:54:41.612+0800: [CMS-concurrent-mark: 0.001/0.001 secs] [Times: user=0.00 sys=0.00, real=0.00 secs]
2020-10-27T22:54:41.613+0800: [CMS-concurrent-preclean-start]
2020-10-27T22:54:41.614+0800: [CMS-concurrent-preclean: 0.001/0.001 secs] [Times: user=0.00 sys=0.00, real=0.00 secs]
2020-10-27T22:54:41.614+0800: [CMS-concurrent-abortable-preclean-start]
2020-10-27T22:54:41.614+0800: [CMS-concurrent-abortable-preclean: 0.000/0.000 secs] [Times: user=0.00 sys=0.00, real=0.00 secs]
2020-10-27T22:54:41.614+0800: [GC (CMS Final Remark) [YG occupancy: 41684 K (157248 K)]2020-10-27T22:54:41.615+0800: [Rescan (parallel) , 0.0002973 secs]2020-10-27T22:54:41.615+0800: [weak refs processing, 0.0001048 secs]2020-10-27T22:54:41.615+0800: [class unloading, 0.0002269 secs]2020-10-27T22:54:41.615+0800: [scrub symbol table, 0.0003124 secs]2020-10-27T22:54:41.616+0800: [scrub string table, 0.0001291 secs][1 CMS-remark: 349157K(349568K)] 390841K(506816K), 0.0014855 secs] [Times: user=0.00 sys=0.00, real=0.00 secs]
2020-10-27T22:54:41.616+0800: [CMS-concurrent-sweep-start]
2020-10-27T22:54:41.617+0800: [CMS-concurrent-sweep: 0.000/0.000 secs] [Times: user=0.00 sys=0.00, real=0.00 secs]
2020-10-27T22:54:41.617+0800: [CMS-concurrent-reset-start]
2020-10-27T22:54:41.617+0800: [CMS-concurrent-reset: 0.000/0.000 secs] [Times: user=0.00 sys=0.00, real=0.00 secs]
2020-10-27T22:54:41.629+0800: [GC (Allocation Failure) 2020-10-27T22:54:41.629+0800: [ParNew: 157125K->157125K(157248K), 0.0003859 secs]2020-10-27T22:54:41.630+0800: [CMS: 348731K->349534K(349568K), 0.0427556 secs] 505857K->357147K(506816K), [Metaspace: 2617K->2617K(1056768K)], 0.0437372 secs] [Times: user=0.05 sys=0.00, real=0.04 secs]
2020-10-27T22:54:41.673+0800: [GC (CMS Initial Mark) [1 CMS-initial-mark: 349534K(349568K)] 360185K(506816K), 0.0005175 secs] [Times: user=0.00 sys=0.00, real=0.00 secs]
2020-10-27T22:54:41.674+0800: [CMS-concurrent-mark-start]
2020-10-27T22:54:41.675+0800: [CMS-concurrent-mark: 0.001/0.001 secs] [Times: user=0.00 sys=0.00, real=0.00 secs]
2020-10-27T22:54:41.675+0800: [CMS-concurrent-preclean-start]
2020-10-27T22:54:41.677+0800: [CMS-concurrent-preclean: 0.001/0.001 secs] [Times: user=0.00 sys=0.00, real=0.00 secs]
2020-10-27T22:54:41.677+0800: [CMS-concurrent-abortable-preclean-start]
2020-10-27T22:54:41.677+0800: [CMS-concurrent-abortable-preclean: 0.000/0.000 secs] [Times: user=0.00 sys=0.00, real=0.00 secs]
2020-10-27T22:54:41.678+0800: [GC (CMS Final Remark) [YG occupancy: 36724 K (157248 K)]2020-10-27T22:54:41.678+0800: [Rescan (parallel) , 0.0003750 secs]2020-10-27T22:54:41.678+0800: [weak refs processing, 0.0001153 secs]2020-10-27T22:54:41.678+0800: [class unloading, 0.0002696 secs]2020-10-27T22:54:41.679+0800: [scrub symbol table, 0.0003794 secs]2020-10-27T22:54:41.679+0800: [scrub string table, 0.0001637 secs][1 CMS-remark: 349534K(349568K)] 386259K(506816K), 0.0018280 secs] [Times: user=0.00 sys=0.00, real=0.00 secs]
2020-10-27T22:54:41.680+0800: [CMS-concurrent-sweep-start]
2020-10-27T22:54:41.680+0800: [CMS-concurrent-sweep: 0.000/0.000 secs] [Times: user=0.00 sys=0.00, real=0.00 secs]
2020-10-27T22:54:41.681+0800: [CMS-concurrent-reset-start]
2020-10-27T22:54:41.681+0800: [CMS-concurrent-reset: 0.000/0.000 secs] [Times: user=0.00 sys=0.00, real=0.00 secs]
2020-10-27T22:54:41.692+0800: [GC (Allocation Failure) 2020-10-27T22:54:41.692+0800: [ParNew: 156973K->156973K(157248K), 0.0002299 secs]2020-10-27T22:54:41.693+0800: [CMS: 349169K->349400K(349568K), 0.0417751 secs] 506143K->359207K(506816K), [Metaspace: 2617K->2617K(1056768K)], 0.0424413 secs] [Times: user=0.05 sys=0.00, real=0.04 secs]
2020-10-27T22:54:41.735+0800: [GC (CMS Initial Mark) [1 CMS-initial-mark: 349400K(349568K)] 362372K(506816K), 0.0005716 secs] [Times: user=0.00 sys=0.00, real=0.00 secs]
2020-10-27T22:54:41.736+0800: [CMS-concurrent-mark-start]
2020-10-27T22:54:41.737+0800: [CMS-concurrent-mark: 0.001/0.001 secs] [Times: user=0.00 sys=0.00, real=0.00 secs]
2020-10-27T22:54:41.737+0800: [CMS-concurrent-preclean-start]
2020-10-27T22:54:41.739+0800: [CMS-concurrent-preclean: 0.001/0.001 secs] [Times: user=0.00 sys=0.00, real=0.00 secs]
2020-10-27T22:54:41.739+0800: [CMS-concurrent-abortable-preclean-start]
2020-10-27T22:54:41.739+0800: [CMS-concurrent-abortable-preclean: 0.000/0.000 secs] [Times: user=0.00 sys=0.00, real=0.00 secs]
2020-10-27T22:54:41.739+0800: [GC (CMS Final Remark) [YG occupancy: 47788 K (157248 K)]2020-10-27T22:54:41.740+0800: [Rescan (parallel) , 0.0004285 secs]2020-10-27T22:54:41.740+0800: [weak refs processing, 0.0002432 secs]2020-10-27T22:54:41.740+0800: [class unloading, 0.0003908 secs]2020-10-27T22:54:41.741+0800: [scrub symbol table, 0.0005280 secs]2020-10-27T22:54:41.741+0800: [scrub string table, 0.0002143 secs][1 CMS-remark: 349400K(349568K)] 397188K(506816K), 0.0024140 secs] [Times: user=0.00 sys=0.00, real=0.00 secs]
2020-10-27T22:54:41.742+0800: [CMS-concurrent-sweep-start]
2020-10-27T22:54:41.743+0800: [CMS-concurrent-sweep: 0.000/0.000 secs] [Times: user=0.00 sys=0.00, real=0.00 secs]
2020-10-27T22:54:41.743+0800: [CMS-concurrent-reset-start]
2020-10-27T22:54:41.743+0800: [CMS-concurrent-reset: 0.000/0.000 secs] [Times: user=0.00 sys=0.00, real=0.00 secs]
2020-10-27T22:54:41.754+0800: [GC (Allocation Failure) 2020-10-27T22:54:41.754+0800: [ParNew: 157234K->157234K(157248K), 0.0001887 secs]2020-10-27T22:54:41.754+0800: [CMS: 347556K->349478K(349568K), 0.0432094 secs] 504790K->365638K(506816K), [Metaspace: 2617K->2617K(1056768K)], 0.0440068 secs] [Times: user=0.05 sys=0.00, real=0.04 secs]
2020-10-27T22:54:41.798+0800: [GC (CMS Initial Mark) [1 CMS-initial-mark: 349478K(349568K)] 368539K(506816K), 0.0003579 secs] [Times: user=0.00 sys=0.00, real=0.00 secs]
2020-10-27T22:54:41.799+0800: [CMS-concurrent-mark-start]
2020-10-27T22:54:41.800+0800: [CMS-concurrent-mark: 0.001/0.001 secs] [Times: user=0.00 sys=0.00, real=0.00 secs]
2020-10-27T22:54:41.800+0800: [CMS-concurrent-preclean-start]
2020-10-27T22:54:41.802+0800: [CMS-concurrent-preclean: 0.001/0.001 secs] [Times: user=0.00 sys=0.00, real=0.00 secs]
2020-10-27T22:54:41.802+0800: [CMS-concurrent-abortable-preclean-start]
2020-10-27T22:54:41.802+0800: [CMS-concurrent-abortable-preclean: 0.000/0.000 secs] [Times: user=0.00 sys=0.00, real=0.00 secs]
2020-10-27T22:54:41.802+0800: [GC (CMS Final Remark) [YG occupancy: 48549 K (157248 K)]2020-10-27T22:54:41.803+0800: [Rescan (parallel) , 0.0002975 secs]2020-10-27T22:54:41.803+0800: [weak refs processing, 0.0000652 secs]2020-10-27T22:54:41.803+0800: [class unloading, 0.0002203 secs]2020-10-27T22:54:41.803+0800: [scrub symbol table, 0.0003193 secs]2020-10-27T22:54:41.804+0800: [scrub string table, 0.0001860 secs][1 CMS-remark: 349478K(349568K)] 398028K(506816K), 0.0015413 secs] [Times: user=0.00 sys=0.00, real=0.00 secs]
2020-10-27T22:54:41.804+0800: [CMS-concurrent-sweep-start]
2020-10-27T22:54:41.805+0800: [CMS-concurrent-sweep: 0.000/0.000 secs] [Times: user=0.00 sys=0.00, real=0.00 secs]
2020-10-27T22:54:41.805+0800: [CMS-concurrent-reset-start]
2020-10-27T22:54:41.805+0800: [CMS-concurrent-reset: 0.000/0.000 secs] [Times: user=0.00 sys=0.00, real=0.00 secs]
执行结束!共生成对象次数:12497
Heap
 par new generation   total 157248K, used 103986K [0x00000000e0000000, 0x00000000eaaa0000, 0x00000000eaaa0000)
  eden space 139776K,  74% used [0x00000000e0000000, 0x00000000e658caf8, 0x00000000e8880000)
  from space 17472K,   0% used [0x00000000e9990000, 0x00000000e9990000, 0x00000000eaaa0000)
  to   space 17472K,   0% used [0x00000000e8880000, 0x00000000e8880000, 0x00000000e9990000)
 concurrent mark-sweep generation total 349568K, used 348589K [0x00000000eaaa0000, 0x0000000100000000, 0x0000000100000000)
 Metaspace       used 2624K, capacity 4486K, committed 4864K, reserved 1056768K
  class space    used 290K, capacity 386K, committed 512K, reserved 1048576K




  1.CMS可以在日志中看到垃圾回收的阶段：初始标记，并发标记，并发预清理，最终标记，并发清除，并发重置。
2020-10-27T22:54:40.989+0800: [GC (CMS Initial Mark) [1 CMS-initial-mark: 207298K(349568K)] 225304K(506816K), 0.0002220 secs] [Times: user=0.00 sys=0.00, real=0.00 secs]
2020-10-27T22:54:40.989+0800: [CMS-concurrent-mark-start]
2020-10-27T22:54:40.991+0800: [CMS-concurrent-mark: 0.001/0.001 secs] [Times: user=0.00 sys=0.00, real=0.00 secs]
2020-10-27T22:54:40.991+0800: [CMS-concurrent-preclean-start]
2020-10-27T22:54:40.992+0800: [CMS-concurrent-preclean: 0.000/0.000 secs] [Times: user=0.00 sys=0.00, real=0.00 secs]
2020-10-27T22:54:40.992+0800: [CMS-concurrent-abortable-preclean-start]

2020-10-27T22:54:41.079+0800: [CMS-concurrent-abortable-preclean: 0.002/0.087 secs] [Times: user=0.22 sys=0.00, real=0.09 secs]
2020-10-27T22:54:41.079+0800: [GC (CMS Final Remark) [YG occupancy: 20531 K (157248 K)]2020-10-27T22:54:41.079+0800: [Rescan (parallel) , 0.0002049 secs]2020-10-27T22:54:41.080+0800: [weak refs processing, 0.0000611 secs]2020-10-27T22:54:41.080+0800: [class unloading, 0.0002200 secs]2020-10-27T22:54:41.080+0800: [scrub symbol table, 0.0002959 secs]2020-10-27T22:54:41.080+0800: [scrub string table, 0.0001240 secs][1 CMS-remark: 335508K(349568K)] 356040K(506816K), 0.0012361 secs] [Times: user=0.00 sys=0.00, real=0.00 secs]
2020-10-27T22:54:41.081+0800: [CMS-concurrent-sweep-start]
2020-10-27T22:54:41.081+0800: [CMS-concurrent-sweep: 0.000/0.000 secs] [Times: user=0.00 sys=0.00, real=0.00 secs]
2020-10-27T22:54:41.081+0800: [CMS-concurrent-reset-start]
2020-10-27T22:54:41.082+0800: [CMS-concurrent-reset: 0.001/0.001 secs] [Times: user=0.00 sys=0.00, real=0.00 secs]

2、每次垃圾回收的时间都比较短，但是垃圾回收的次数相比并行串行GC 会更多，过程也更复杂。
