PS E:\work\learn\src\main\greekTime\week2> java -XX:+UseG1GC -Xms512m -Xmx512m -XX:+PrintGCDetails -XX:+PrintGCDateStamps GCLogAnalysis
正在执行...
2020-10-27T23:09:52.489+0800: [GC pause (G1 Evacuation Pause) (young), 0.0027871 secs]
   [Parallel Time: 1.4 ms, GC Workers: 6]
      [GC Worker Start (ms): Min: 89.0, Avg: 89.2, Max: 89.9, Diff: 0.8]
      [Ext Root Scanning (ms): Min: 0.0, Avg: 0.3, Max: 1.2, Diff: 1.2, Sum: 1.9]
      [Update RS (ms): Min: 0.0, Avg: 0.0, Max: 0.0, Diff: 0.0, Sum: 0.0]
         [Processed Buffers: Min: 0, Avg: 0.0, Max: 0, Diff: 0, Sum: 0]
      [Scan RS (ms): Min: 0.0, Avg: 0.0, Max: 0.0, Diff: 0.0, Sum: 0.0]
      [Code Root Scanning (ms): Min: 0.0, Avg: 0.0, Max: 0.0, Diff: 0.0, Sum: 0.0]
      [Object Copy (ms): Min: 0.0, Avg: 0.8, Max: 1.1, Diff: 1.1, Sum: 4.6]
      [Termination (ms): Min: 0.0, Avg: 0.0, Max: 0.0, Diff: 0.0, Sum: 0.2]
         [Termination Attempts: Min: 1, Avg: 1.0, Max: 1, Diff: 0, Sum: 6]
      [GC Worker Other (ms): Min: 0.0, Avg: 0.0, Max: 0.0, Diff: 0.0, Sum: 0.1]
      [GC Worker Total (ms): Min: 0.5, Avg: 1.1, Max: 1.3, Diff: 0.8, Sum: 6.8]
      [GC Worker End (ms): Min: 90.3, Avg: 90.3, Max: 90.3, Diff: 0.0]
   [Code Root Fixup: 0.0 ms]
   [Code Root Purge: 0.0 ms]
   [Clear CT: 0.3 ms]
   [Other: 1.1 ms]
      [Choose CSet: 0.0 ms]
      [Ref Proc: 0.3 ms]
      [Ref Enq: 0.0 ms]
      [Redirty Cards: 0.4 ms]
      [Humongous Register: 0.0 ms]
      [Humongous Reclaim: 0.0 ms]
      [Free CSet: 0.0 ms]
   [Eden: 25.0M(25.0M)->0.0B(22.0M) Survivors: 0.0B->4096.0K Heap: 30.6M(512.0M)->10.8M(512.0M)]
 [Times: user=0.00 sys=0.00, real=0.00 secs]
2020-10-27T23:09:52.500+0800: [GC pause (G1 Evacuation Pause) (young), 0.0028282 secs]
   [Parallel Time: 1.5 ms, GC Workers: 6]
      [GC Worker Start (ms): Min: 101.0, Avg: 101.1, Max: 101.1, Diff: 0.1]
      [Ext Root Scanning (ms): Min: 0.1, Avg: 0.1, Max: 0.2, Diff: 0.1, Sum: 0.7]
      [Update RS (ms): Min: 0.0, Avg: 0.0, Max: 0.0, Diff: 0.0, Sum: 0.0]
         [Processed Buffers: Min: 0, Avg: 0.3, Max: 1, Diff: 1, Sum: 2]
      [Scan RS (ms): Min: 0.0, Avg: 0.0, Max: 0.0, Diff: 0.0, Sum: 0.0]
      [Code Root Scanning (ms): Min: 0.0, Avg: 0.0, Max: 0.0, Diff: 0.0, Sum: 0.0]
      [Object Copy (ms): Min: 1.1, Avg: 1.2, Max: 1.3, Diff: 0.2, Sum: 7.0]
      [Termination (ms): Min: 0.0, Avg: 0.1, Max: 0.2, Diff: 0.2, Sum: 0.5]
         [Termination Attempts: Min: 1, Avg: 1.0, Max: 1, Diff: 0, Sum: 6]
      [GC Worker Other (ms): Min: 0.0, Avg: 0.0, Max: 0.0, Diff: 0.0, Sum: 0.0]
      [GC Worker Total (ms): Min: 1.3, Avg: 1.4, Max: 1.4, Diff: 0.1, Sum: 8.3]
      [GC Worker End (ms): Min: 102.4, Avg: 102.4, Max: 102.4, Diff: 0.0]
   [Code Root Fixup: 0.0 ms]
   [Code Root Purge: 0.0 ms]
   [Clear CT: 0.5 ms]
   [Other: 0.9 ms]
      [Choose CSet: 0.0 ms]
      [Ref Proc: 0.1 ms]
      [Ref Enq: 0.0 ms]
      [Redirty Cards: 0.4 ms]
      [Humongous Register: 0.0 ms]
      [Humongous Reclaim: 0.0 ms]
      [Free CSet: 0.0 ms]
   [Eden: 22.0M(22.0M)->0.0B(34.0M) Survivors: 4096.0K->4096.0K Heap: 43.7M(512.0M)->22.8M(512.0M)]
 [Times: user=0.00 sys=0.00, real=0.00 secs]
2020-10-27T23:09:52.512+0800: [GC pause (G1 Evacuation Pause) (young), 0.0027692 secs]
   [Parallel Time: 2.0 ms, GC Workers: 6]
      [GC Worker Start (ms): Min: 113.3, Avg: 113.3, Max: 113.3, Diff: 0.0]
      [Ext Root Scanning (ms): Min: 0.1, Avg: 0.1, Max: 0.1, Diff: 0.0, Sum: 0.7]
      [Update RS (ms): Min: 0.0, Avg: 0.1, Max: 0.2, Diff: 0.2, Sum: 0.4]
         [Processed Buffers: Min: 1, Avg: 1.3, Max: 2, Diff: 1, Sum: 8]
      [Scan RS (ms): Min: 0.0, Avg: 0.0, Max: 0.0, Diff: 0.0, Sum: 0.0]
      [Code Root Scanning (ms): Min: 0.0, Avg: 0.0, Max: 0.0, Diff: 0.0, Sum: 0.0]
      [Object Copy (ms): Min: 1.4, Avg: 1.6, Max: 1.7, Diff: 0.3, Sum: 9.6]
      [Termination (ms): Min: 0.0, Avg: 0.1, Max: 0.2, Diff: 0.2, Sum: 0.7]
         [Termination Attempts: Min: 1, Avg: 1.0, Max: 1, Diff: 0, Sum: 6]
      [GC Worker Other (ms): Min: 0.0, Avg: 0.0, Max: 0.0, Diff: 0.0, Sum: 0.0]
      [GC Worker Total (ms): Min: 1.9, Avg: 1.9, Max: 1.9, Diff: 0.0, Sum: 11.5]
      [GC Worker End (ms): Min: 115.2, Avg: 115.2, Max: 115.2, Diff: 0.0]
   [Code Root Fixup: 0.0 ms]
   [Code Root Purge: 0.0 ms]
   [Clear CT: 0.1 ms]
   [Other: 0.8 ms]
      [Choose CSet: 0.0 ms]
      [Ref Proc: 0.1 ms]
      [Ref Enq: 0.0 ms]
      [Redirty Cards: 0.3 ms]
      [Humongous Register: 0.0 ms]
      [Humongous Reclaim: 0.0 ms]
      [Free CSet: 0.0 ms]
   [Eden: 34.0M(34.0M)->0.0B(47.0M) Survivors: 4096.0K->5120.0K Heap: 66.4M(512.0M)->38.5M(512.0M)]
 [Times: user=0.00 sys=0.00, real=0.00 secs]
2020-10-27T23:09:52.530+0800: [GC pause (G1 Evacuation Pause) (young), 0.0039004 secs]
   [Parallel Time: 2.6 ms, GC Workers: 6]
      [GC Worker Start (ms): Min: 131.3, Avg: 131.3, Max: 131.4, Diff: 0.1]
      [Ext Root Scanning (ms): Min: 0.0, Avg: 0.1, Max: 0.2, Diff: 0.1, Sum: 0.5]
      [Update RS (ms): Min: 0.3, Avg: 0.3, Max: 0.4, Diff: 0.1, Sum: 2.0]
         [Processed Buffers: Min: 6, Avg: 7.3, Max: 9, Diff: 3, Sum: 44]
      [Scan RS (ms): Min: 0.0, Avg: 0.0, Max: 0.0, Diff: 0.0, Sum: 0.0]
      [Code Root Scanning (ms): Min: 0.0, Avg: 0.0, Max: 0.0, Diff: 0.0, Sum: 0.0]
      [Object Copy (ms): Min: 2.0, Avg: 2.1, Max: 2.1, Diff: 0.1, Sum: 12.4]
      [Termination (ms): Min: 0.0, Avg: 0.0, Max: 0.0, Diff: 0.0, Sum: 0.1]
         [Termination Attempts: Min: 1, Avg: 1.0, Max: 1, Diff: 0, Sum: 6]
      [GC Worker Other (ms): Min: 0.0, Avg: 0.0, Max: 0.0, Diff: 0.0, Sum: 0.0]
      [GC Worker Total (ms): Min: 2.5, Avg: 2.5, Max: 2.6, Diff: 0.1, Sum: 15.1]
      [GC Worker End (ms): Min: 133.8, Avg: 133.9, Max: 133.9, Diff: 0.0]
   [Code Root Fixup: 0.0 ms]
   [Code Root Purge: 0.0 ms]
   [Clear CT: 0.4 ms]
   [Other: 0.9 ms]
      [Choose CSet: 0.0 ms]
      [Ref Proc: 0.2 ms]
      [Ref Enq: 0.0 ms]
      [Redirty Cards: 0.3 ms]
      [Humongous Register: 0.0 ms]
      [Humongous Reclaim: 0.0 ms]
      [Free CSet: 0.0 ms]
   [Eden: 47.0M(47.0M)->0.0B(87.0M) Survivors: 5120.0K->7168.0K Heap: 100.3M(512.0M)->55.5M(512.0M)]
 [Times: user=0.00 sys=0.00, real=0.01 secs]
2020-10-27T23:09:52.563+0800: [GC pause (G1 Evacuation Pause) (young), 0.0054436 secs]
   [Parallel Time: 4.7 ms, GC Workers: 6]
      [GC Worker Start (ms): Min: 163.5, Avg: 163.6, Max: 163.7, Diff: 0.2]
      [Ext Root Scanning (ms): Min: 0.0, Avg: 0.1, Max: 0.2, Diff: 0.2, Sum: 0.5]
      [Update RS (ms): Min: 0.4, Avg: 0.4, Max: 0.4, Diff: 0.0, Sum: 2.3]
         [Processed Buffers: Min: 5, Avg: 8.3, Max: 10, Diff: 5, Sum: 50]
      [Scan RS (ms): Min: 0.0, Avg: 0.0, Max: 0.0, Diff: 0.0, Sum: 0.0]
      [Code Root Scanning (ms): Min: 0.0, Avg: 0.0, Max: 0.0, Diff: 0.0, Sum: 0.0]
      [Object Copy (ms): Min: 4.0, Avg: 4.0, Max: 4.1, Diff: 0.1, Sum: 24.2]
      [Termination (ms): Min: 0.0, Avg: 0.1, Max: 0.1, Diff: 0.1, Sum: 0.5]
         [Termination Attempts: Min: 1, Avg: 1.0, Max: 1, Diff: 0, Sum: 6]
      [GC Worker Other (ms): Min: 0.0, Avg: 0.0, Max: 0.0, Diff: 0.0, Sum: 0.0]
      [GC Worker Total (ms): Min: 4.5, Avg: 4.6, Max: 4.7, Diff: 0.2, Sum: 27.6]
      [GC Worker End (ms): Min: 168.2, Avg: 168.2, Max: 168.2, Diff: 0.0]
   [Code Root Fixup: 0.0 ms]
   [Code Root Purge: 0.0 ms]
   [Clear CT: 0.1 ms]
   [Other: 0.7 ms]
      [Choose CSet: 0.0 ms]
      [Ref Proc: 0.1 ms]
      [Ref Enq: 0.0 ms]
      [Redirty Cards: 0.2 ms]
      [Humongous Register: 0.0 ms]
      [Humongous Reclaim: 0.0 ms]
      [Free CSet: 0.0 ms]
   [Eden: 87.0M(87.0M)->0.0B(82.0M) Survivors: 7168.0K->12.0M Heap: 163.3M(512.0M)->93.1M(512.0M)]
 [Times: user=0.00 sys=0.00, real=0.01 secs]
2020-10-27T23:09:52.588+0800: [GC pause (G1 Evacuation Pause) (young), 0.0052184 secs]
   [Parallel Time: 4.7 ms, GC Workers: 6]
      [GC Worker Start (ms): Min: 188.9, Avg: 188.9, Max: 189.0, Diff: 0.1]
      [Ext Root Scanning (ms): Min: 0.0, Avg: 0.1, Max: 0.2, Diff: 0.1, Sum: 0.6]
      [Update RS (ms): Min: 0.4, Avg: 0.4, Max: 0.4, Diff: 0.0, Sum: 2.6]
         [Processed Buffers: Min: 8, Avg: 9.3, Max: 10, Diff: 2, Sum: 56]
      [Scan RS (ms): Min: 0.0, Avg: 0.0, Max: 0.0, Diff: 0.0, Sum: 0.0]
      [Code Root Scanning (ms): Min: 0.0, Avg: 0.0, Max: 0.0, Diff: 0.0, Sum: 0.0]
      [Object Copy (ms): Min: 3.8, Avg: 3.9, Max: 3.9, Diff: 0.1, Sum: 23.1]
      [Termination (ms): Min: 0.0, Avg: 0.1, Max: 0.1, Diff: 0.1, Sum: 0.4]
         [Termination Attempts: Min: 1, Avg: 1.0, Max: 1, Diff: 0, Sum: 6]
      [GC Worker Other (ms): Min: 0.0, Avg: 0.0, Max: 0.0, Diff: 0.0, Sum: 0.0]
      [GC Worker Total (ms): Min: 4.4, Avg: 4.5, Max: 4.5, Diff: 0.1, Sum: 26.9]
      [GC Worker End (ms): Min: 193.4, Avg: 193.4, Max: 193.4, Diff: 0.0]
   [Code Root Fixup: 0.0 ms]
   [Code Root Purge: 0.0 ms]
   [Clear CT: 0.0 ms]
   [Other: 0.5 ms]
      [Choose CSet: 0.0 ms]
      [Ref Proc: 0.1 ms]
      [Ref Enq: 0.0 ms]
      [Redirty Cards: 0.0 ms]
      [Humongous Register: 0.0 ms]
      [Humongous Reclaim: 0.0 ms]
      [Free CSet: 0.0 ms]
   [Eden: 82.0M(82.0M)->0.0B(119.0M) Survivors: 12.0M->12.0M Heap: 195.4M(512.0M)->124.5M(512.0M)]
 [Times: user=0.00 sys=0.00, real=0.01 secs]
2020-10-27T23:09:52.628+0800: [GC pause (G1 Evacuation Pause) (young), 0.0064767 secs]
   [Parallel Time: 5.8 ms, GC Workers: 6]
      [GC Worker Start (ms): Min: 227.9, Avg: 228.1, Max: 228.8, Diff: 0.9]
      [Ext Root Scanning (ms): Min: 0.0, Avg: 0.1, Max: 0.4, Diff: 0.4, Sum: 0.7]
      [Update RS (ms): Min: 0.0, Avg: 0.1, Max: 0.1, Diff: 0.1, Sum: 0.5]
         [Processed Buffers: Min: 0, Avg: 2.0, Max: 5, Diff: 5, Sum: 12]
      [Scan RS (ms): Min: 0.0, Avg: 0.0, Max: 0.0, Diff: 0.0, Sum: 0.1]
      [Code Root Scanning (ms): Min: 0.0, Avg: 0.0, Max: 0.0, Diff: 0.0, Sum: 0.0]
      [Object Copy (ms): Min: 4.7, Avg: 5.3, Max: 5.4, Diff: 0.8, Sum: 31.6]
      [Termination (ms): Min: 0.0, Avg: 0.0, Max: 0.1, Diff: 0.1, Sum: 0.3]
         [Termination Attempts: Min: 1, Avg: 1.0, Max: 1, Diff: 0, Sum: 6]
      [GC Worker Other (ms): Min: 0.0, Avg: 0.0, Max: 0.0, Diff: 0.0, Sum: 0.1]
      [GC Worker Total (ms): Min: 4.8, Avg: 5.5, Max: 5.7, Diff: 0.9, Sum: 33.2]
      [GC Worker End (ms): Min: 233.6, Avg: 233.6, Max: 233.6, Diff: 0.0]
   [Code Root Fixup: 0.0 ms]
   [Code Root Purge: 0.0 ms]
   [Clear CT: 0.1 ms]
   [Other: 0.6 ms]
      [Choose CSet: 0.0 ms]
      [Ref Proc: 0.1 ms]
      [Ref Enq: 0.0 ms]
      [Redirty Cards: 0.0 ms]
      [Humongous Register: 0.1 ms]
      [Humongous Reclaim: 0.0 ms]
      [Free CSet: 0.0 ms]
   [Eden: 119.0M(119.0M)->0.0B(138.0M) Survivors: 12.0M->17.0M Heap: 278.4M(512.0M)->174.7M(512.0M)]
 [Times: user=0.00 sys=0.00, real=0.01 secs]
2020-10-27T23:09:52.659+0800: [GC pause (G1 Humongous Allocation) (young) (initial-mark), 0.0070106 secs]
   [Parallel Time: 6.5 ms, GC Workers: 6]
      [GC Worker Start (ms): Min: 258.6, Avg: 258.6, Max: 258.7, Diff: 0.1]
      [Ext Root Scanning (ms): Min: 0.1, Avg: 0.1, Max: 0.2, Diff: 0.1, Sum: 0.7]
      [Update RS (ms): Min: 0.1, Avg: 0.1, Max: 0.1, Diff: 0.0, Sum: 0.6]
         [Processed Buffers: Min: 0, Avg: 2.2, Max: 3, Diff: 3, Sum: 13]
      [Scan RS (ms): Min: 0.0, Avg: 0.0, Max: 0.0, Diff: 0.0, Sum: 0.1]
      [Code Root Scanning (ms): Min: 0.0, Avg: 0.0, Max: 0.0, Diff: 0.0, Sum: 0.0]
      [Object Copy (ms): Min: 6.0, Avg: 6.1, Max: 6.2, Diff: 0.1, Sum: 36.6]
      [Termination (ms): Min: 0.0, Avg: 0.1, Max: 0.1, Diff: 0.1, Sum: 0.4]
         [Termination Attempts: Min: 1, Avg: 1.8, Max: 2, Diff: 1, Sum: 11]
      [GC Worker Other (ms): Min: 0.0, Avg: 0.0, Max: 0.0, Diff: 0.0, Sum: 0.0]
      [GC Worker Total (ms): Min: 6.4, Avg: 6.4, Max: 6.5, Diff: 0.1, Sum: 38.5]
      [GC Worker End (ms): Min: 265.0, Avg: 265.0, Max: 265.0, Diff: 0.0]
   [Code Root Fixup: 0.0 ms]
   [Code Root Purge: 0.0 ms]
   [Clear CT: 0.1 ms]
   [Other: 0.4 ms]
      [Choose CSet: 0.0 ms]
      [Ref Proc: 0.1 ms]
      [Ref Enq: 0.0 ms]
      [Redirty Cards: 0.0 ms]
      [Humongous Register: 0.0 ms]
      [Humongous Reclaim: 0.0 ms]
      [Free CSet: 0.1 ms]
   [Eden: 128.0M(138.0M)->0.0B(138.0M) Survivors: 17.0M->20.0M Heap: 331.9M(512.0M)->225.7M(512.0M)]
 [Times: user=0.02 sys=0.00, real=0.01 secs]
2020-10-27T23:09:52.668+0800: [GC concurrent-root-region-scan-start]
2020-10-27T23:09:52.669+0800: [GC concurrent-root-region-scan-end, 0.0003853 secs]
2020-10-27T23:09:52.669+0800: [GC concurrent-mark-start]
2020-10-27T23:09:52.670+0800: [GC concurrent-mark-end, 0.0011622 secs]
2020-10-27T23:09:52.670+0800: [GC remark 2020-10-27T23:09:52.670+0800: [Finalize Marking, 0.0001123 secs] 2020-10-27T23:09:52.671+0800: [GC ref-proc, 0.0001675 secs] 2020-10-27T23:09:52.671+0800: [Unloading, 0.0004332 secs], 0.0012402 secs]
 [Times: user=0.00 sys=0.00, real=0.00 secs]
2020-10-27T23:09:52.672+0800: [GC cleanup 240M->240M(512M), 0.0003326 secs]
 [Times: user=0.00 sys=0.00, real=0.00 secs]
2020-10-27T23:09:52.693+0800: [GC pause (G1 Evacuation Pause) (young), 0.0075157 secs]
   [Parallel Time: 6.9 ms, GC Workers: 6]
      [GC Worker Start (ms): Min: 293.4, Avg: 293.4, Max: 293.5, Diff: 0.1]
      [Ext Root Scanning (ms): Min: 0.0, Avg: 0.1, Max: 0.2, Diff: 0.1, Sum: 0.6]
      [Update RS (ms): Min: 0.1, Avg: 0.1, Max: 0.2, Diff: 0.1, Sum: 0.7]
         [Processed Buffers: Min: 0, Avg: 2.3, Max: 3, Diff: 3, Sum: 14]
      [Scan RS (ms): Min: 0.0, Avg: 0.0, Max: 0.0, Diff: 0.0, Sum: 0.1]
      [Code Root Scanning (ms): Min: 0.0, Avg: 0.0, Max: 0.0, Diff: 0.0, Sum: 0.0]
      [Object Copy (ms): Min: 6.3, Avg: 6.4, Max: 6.5, Diff: 0.1, Sum: 38.4]
      [Termination (ms): Min: 0.0, Avg: 0.1, Max: 0.2, Diff: 0.2, Sum: 0.7]
         [Termination Attempts: Min: 1, Avg: 1.0, Max: 1, Diff: 0, Sum: 6]
      [GC Worker Other (ms): Min: 0.0, Avg: 0.0, Max: 0.0, Diff: 0.0, Sum: 0.1]
      [GC Worker Total (ms): Min: 6.7, Avg: 6.8, Max: 6.9, Diff: 0.2, Sum: 40.5]
      [GC Worker End (ms): Min: 300.2, Avg: 300.2, Max: 300.2, Diff: 0.1]
   [Code Root Fixup: 0.0 ms]
   [Code Root Purge: 0.0 ms]
   [Clear CT: 0.1 ms]
   [Other: 0.5 ms]
      [Choose CSet: 0.0 ms]
      [Ref Proc: 0.1 ms]
      [Ref Enq: 0.0 ms]
      [Redirty Cards: 0.0 ms]
      [Humongous Register: 0.1 ms]
      [Humongous Reclaim: 0.1 ms]
      [Free CSet: 0.1 ms]
   [Eden: 138.0M(138.0M)->0.0B(5120.0K) Survivors: 20.0M->20.0M Heap: 394.7M(512.0M)->277.3M(512.0M)]
 [Times: user=0.05 sys=0.05, real=0.01 secs]
2020-10-27T23:09:52.704+0800: [GC pause (G1 Evacuation Pause) (mixed), 0.0038322 secs]
   [Parallel Time: 3.1 ms, GC Workers: 6]
      [GC Worker Start (ms): Min: 304.3, Avg: 304.3, Max: 304.4, Diff: 0.1]
      [Ext Root Scanning (ms): Min: 0.1, Avg: 0.1, Max: 0.2, Diff: 0.1, Sum: 0.6]
      [Update RS (ms): Min: 0.1, Avg: 0.1, Max: 0.2, Diff: 0.1, Sum: 0.7]
         [Processed Buffers: Min: 2, Avg: 2.8, Max: 4, Diff: 2, Sum: 17]
      [Scan RS (ms): Min: 0.0, Avg: 0.0, Max: 0.0, Diff: 0.0, Sum: 0.1]
      [Code Root Scanning (ms): Min: 0.0, Avg: 0.0, Max: 0.0, Diff: 0.0, Sum: 0.0]
      [Object Copy (ms): Min: 2.7, Avg: 2.7, Max: 2.8, Diff: 0.1, Sum: 16.4]
      [Termination (ms): Min: 0.0, Avg: 0.0, Max: 0.1, Diff: 0.1, Sum: 0.3]
         [Termination Attempts: Min: 1, Avg: 1.0, Max: 1, Diff: 0, Sum: 6]
      [GC Worker Other (ms): Min: 0.0, Avg: 0.0, Max: 0.0, Diff: 0.0, Sum: 0.0]
      [GC Worker Total (ms): Min: 3.0, Avg: 3.0, Max: 3.1, Diff: 0.1, Sum: 18.2]
      [GC Worker End (ms): Min: 307.4, Avg: 307.4, Max: 307.4, Diff: 0.0]
   [Code Root Fixup: 0.0 ms]
   [Code Root Purge: 0.0 ms]
   [Clear CT: 0.1 ms]
   [Other: 0.6 ms]
      [Choose CSet: 0.0 ms]
      [Ref Proc: 0.1 ms]
      [Ref Enq: 0.0 ms]
      [Redirty Cards: 0.1 ms]
      [Humongous Register: 0.1 ms]
      [Humongous Reclaim: 0.0 ms]
      [Free CSet: 0.0 ms]
   [Eden: 5120.0K(5120.0K)->0.0B(114.0M) Survivors: 20.0M->2048.0K Heap: 283.5M(512.0M)->263.3M(512.0M)]
 [Times: user=0.00 sys=0.00, real=0.01 secs]
2020-10-27T23:09:52.710+0800: [GC pause (G1 Humongous Allocation) (young) (initial-mark), 0.0015462 secs]
   [Parallel Time: 0.5 ms, GC Workers: 6]
      [GC Worker Start (ms): Min: 310.1, Avg: 310.1, Max: 310.1, Diff: 0.1]
      [Ext Root Scanning (ms): Min: 0.1, Avg: 0.1, Max: 0.2, Diff: 0.1, Sum: 0.7]
      [Update RS (ms): Min: 0.0, Avg: 0.1, Max: 0.2, Diff: 0.2, Sum: 0.4]
         [Processed Buffers: Min: 1, Avg: 1.2, Max: 2, Diff: 1, Sum: 7]
      [Scan RS (ms): Min: 0.0, Avg: 0.0, Max: 0.0, Diff: 0.0, Sum: 0.0]
      [Code Root Scanning (ms): Min: 0.0, Avg: 0.0, Max: 0.0, Diff: 0.0, Sum: 0.0]
      [Object Copy (ms): Min: 0.0, Avg: 0.1, Max: 0.1, Diff: 0.1, Sum: 0.4]
      [Termination (ms): Min: 0.0, Avg: 0.0, Max: 0.1, Diff: 0.1, Sum: 0.3]
         [Termination Attempts: Min: 1, Avg: 1.8, Max: 3, Diff: 2, Sum: 11]
      [GC Worker Other (ms): Min: 0.0, Avg: 0.0, Max: 0.0, Diff: 0.0, Sum: 0.0]
      [GC Worker Total (ms): Min: 0.3, Avg: 0.3, Max: 0.3, Diff: 0.1, Sum: 1.8]
      [GC Worker End (ms): Min: 310.4, Avg: 310.4, Max: 310.4, Diff: 0.0]
   [Code Root Fixup: 0.0 ms]
   [Code Root Purge: 0.0 ms]
   [Clear CT: 0.0 ms]
   [Other: 1.0 ms]
      [Choose CSet: 0.0 ms]
      [Ref Proc: 0.7 ms]
      [Ref Enq: 0.0 ms]
      [Redirty Cards: 0.1 ms]
      [Humongous Register: 0.0 ms]
      [Humongous Reclaim: 0.0 ms]
      [Free CSet: 0.0 ms]
   [Eden: 1024.0K(114.0M)->0.0B(120.0M) Survivors: 2048.0K->2048.0K Heap: 263.9M(512.0M)->263.6M(512.0M)]
 [Times: user=0.00 sys=0.02, real=0.00 secs]
2020-10-27T23:09:52.713+0800: [GC concurrent-root-region-scan-start]
2020-10-27T23:09:52.714+0800: [GC concurrent-root-region-scan-end, 0.0002563 secs]
2020-10-27T23:09:52.714+0800: [GC concurrent-mark-start]
2020-10-27T23:09:52.715+0800: [GC concurrent-mark-end, 0.0012860 secs]
2020-10-27T23:09:52.715+0800: [GC remark 2020-10-27T23:09:52.715+0800: [Finalize Marking, 0.0001550 secs] 2020-10-27T23:09:52.716+0800: [GC ref-proc, 0.0001651 secs] 2020-10-27T23:09:52.716+0800: [Unloading, 0.0004597 secs], 0.0013510 secs]
 [Times: user=0.00 sys=0.00, real=0.00 secs]
2020-10-27T23:09:52.717+0800: [GC cleanup 277M->276M(512M), 0.0005014 secs]
 [Times: user=0.00 sys=0.00, real=0.00 secs]
2020-10-27T23:09:52.718+0800: [GC concurrent-cleanup-start]
2020-10-27T23:09:52.718+0800: [GC concurrent-cleanup-end, 0.0001338 secs]
2020-10-27T23:09:52.734+0800: [GC pause (G1 Evacuation Pause) (young) (to-space exhausted), 0.0050436 secs]
   [Parallel Time: 3.8 ms, GC Workers: 6]
      [GC Worker Start (ms): Min: 334.8, Avg: 334.8, Max: 334.9, Diff: 0.1]
      [Ext Root Scanning (ms): Min: 0.1, Avg: 0.1, Max: 0.1, Diff: 0.1, Sum: 0.6]
      [Update RS (ms): Min: 0.1, Avg: 0.1, Max: 0.2, Diff: 0.1, Sum: 0.8]
         [Processed Buffers: Min: 0, Avg: 2.7, Max: 4, Diff: 4, Sum: 16]
      [Scan RS (ms): Min: 0.0, Avg: 0.0, Max: 0.0, Diff: 0.0, Sum: 0.0]
      [Code Root Scanning (ms): Min: 0.0, Avg: 0.0, Max: 0.0, Diff: 0.0, Sum: 0.0]
      [Object Copy (ms): Min: 3.3, Avg: 3.4, Max: 3.4, Diff: 0.1, Sum: 20.5]
      [Termination (ms): Min: 0.0, Avg: 0.0, Max: 0.0, Diff: 0.0, Sum: 0.2]
         [Termination Attempts: Min: 1, Avg: 1.8, Max: 2, Diff: 1, Sum: 11]
      [GC Worker Other (ms): Min: 0.0, Avg: 0.0, Max: 0.0, Diff: 0.0, Sum: 0.0]
      [GC Worker Total (ms): Min: 3.6, Avg: 3.7, Max: 3.7, Diff: 0.1, Sum: 22.2]
      [GC Worker End (ms): Min: 338.5, Avg: 338.5, Max: 338.6, Diff: 0.0]
   [Code Root Fixup: 0.0 ms]
   [Code Root Purge: 0.0 ms]
   [Clear CT: 0.3 ms]
   [Other: 1.0 ms]
      [Evacuation Failure: 0.2 ms]
      [Choose CSet: 0.0 ms]
      [Ref Proc: 0.1 ms]
      [Ref Enq: 0.0 ms]
      [Redirty Cards: 0.2 ms]
      [Humongous Register: 0.1 ms]
      [Humongous Reclaim: 0.0 ms]
      [Free CSet: 0.0 ms]
   [Eden: 120.0M(120.0M)->0.0B(9216.0K) Survivors: 2048.0K->16.0M Heap: 416.8M(512.0M)->311.1M(512.0M)]
 [Times: user=0.00 sys=0.00, real=0.01 secs]
2020-10-27T23:09:52.742+0800: [GC pause (G1 Evacuation Pause) (mixed), 0.0043088 secs]
   [Parallel Time: 3.9 ms, GC Workers: 6]
      [GC Worker Start (ms): Min: 342.4, Avg: 342.5, Max: 342.5, Diff: 0.1]
      [Ext Root Scanning (ms): Min: 0.1, Avg: 0.1, Max: 0.2, Diff: 0.1, Sum: 0.7]
      [Update RS (ms): Min: 0.1, Avg: 0.1, Max: 0.2, Diff: 0.0, Sum: 0.9]
         [Processed Buffers: Min: 3, Avg: 3.8, Max: 5, Diff: 2, Sum: 23]
      [Scan RS (ms): Min: 0.0, Avg: 0.0, Max: 0.0, Diff: 0.0, Sum: 0.1]
      [Code Root Scanning (ms): Min: 0.0, Avg: 0.0, Max: 0.0, Diff: 0.0, Sum: 0.0]
      [Object Copy (ms): Min: 3.3, Avg: 3.3, Max: 3.4, Diff: 0.1, Sum: 19.9]
      [Termination (ms): Min: 0.0, Avg: 0.1, Max: 0.3, Diff: 0.3, Sum: 0.8]
         [Termination Attempts: Min: 1, Avg: 1.0, Max: 1, Diff: 0, Sum: 6]
      [GC Worker Other (ms): Min: 0.0, Avg: 0.0, Max: 0.0, Diff: 0.0, Sum: 0.0]
      [GC Worker Total (ms): Min: 3.7, Avg: 3.7, Max: 3.9, Diff: 0.2, Sum: 22.4]
      [GC Worker End (ms): Min: 346.1, Avg: 346.2, Max: 346.3, Diff: 0.2]
   [Code Root Fixup: 0.0 ms]
   [Code Root Purge: 0.0 ms]
   [Clear CT: 0.0 ms]
   [Other: 0.3 ms]
      [Choose CSet: 0.0 ms]
      [Ref Proc: 0.1 ms]
      [Ref Enq: 0.0 ms]
      [Redirty Cards: 0.0 ms]
      [Humongous Register: 0.0 ms]
      [Humongous Reclaim: 0.0 ms]
      [Free CSet: 0.0 ms]
   [Eden: 9216.0K(9216.0K)->0.0B(95.0M) Survivors: 16.0M->4096.0K Heap: 322.0M(512.0M)->291.3M(512.0M)]
 [Times: user=0.09 sys=0.00, real=0.01 secs]
2020-10-27T23:09:52.750+0800: [GC pause (G1 Humongous Allocation) (young) (initial-mark), 0.0015960 secs]
   [Parallel Time: 0.9 ms, GC Workers: 6]
      [GC Worker Start (ms): Min: 349.9, Avg: 349.9, Max: 349.9, Diff: 0.1]
      [Ext Root Scanning (ms): Min: 0.1, Avg: 0.1, Max: 0.2, Diff: 0.1, Sum: 0.6]
      [Update RS (ms): Min: 0.0, Avg: 0.1, Max: 0.1, Diff: 0.1, Sum: 0.4]
         [Processed Buffers: Min: 1, Avg: 1.2, Max: 2, Diff: 1, Sum: 7]
      [Scan RS (ms): Min: 0.0, Avg: 0.0, Max: 0.0, Diff: 0.0, Sum: 0.0]
      [Code Root Scanning (ms): Min: 0.0, Avg: 0.0, Max: 0.0, Diff: 0.0, Sum: 0.0]
      [Object Copy (ms): Min: 0.5, Avg: 0.6, Max: 0.7, Diff: 0.2, Sum: 3.5]
      [Termination (ms): Min: 0.0, Avg: 0.0, Max: 0.1, Diff: 0.1, Sum: 0.2]
         [Termination Attempts: Min: 1, Avg: 1.0, Max: 1, Diff: 0, Sum: 6]
      [GC Worker Other (ms): Min: 0.0, Avg: 0.0, Max: 0.0, Diff: 0.0, Sum: 0.0]
      [GC Worker Total (ms): Min: 0.8, Avg: 0.8, Max: 0.9, Diff: 0.1, Sum: 4.8]
      [GC Worker End (ms): Min: 350.7, Avg: 350.7, Max: 350.7, Diff: 0.0]
   [Code Root Fixup: 0.0 ms]
   [Code Root Purge: 0.0 ms]
   [Clear CT: 0.2 ms]
   [Other: 0.5 ms]
      [Choose CSet: 0.0 ms]
      [Ref Proc: 0.2 ms]
      [Ref Enq: 0.0 ms]
      [Redirty Cards: 0.1 ms]
      [Humongous Register: 0.1 ms]
      [Humongous Reclaim: 0.0 ms]
      [Free CSet: 0.0 ms]
   [Eden: 8192.0K(95.0M)->0.0B(85.0M) Survivors: 4096.0K->8192.0K Heap: 298.7M(512.0M)->294.0M(512.0M)]
 [Times: user=0.00 sys=0.00, real=0.00 secs]
2020-10-27T23:09:52.753+0800: [GC concurrent-root-region-scan-start]
2020-10-27T23:09:52.754+0800: [GC concurrent-root-region-scan-end, 0.0003127 secs]
2020-10-27T23:09:52.754+0800: [GC concurrent-mark-start]
2020-10-27T23:09:52.755+0800: [GC concurrent-mark-end, 0.0011938 secs]
2020-10-27T23:09:52.755+0800: [GC remark 2020-10-27T23:09:52.755+0800: [Finalize Marking, 0.0001480 secs] 2020-10-27T23:09:52.756+0800: [GC ref-proc, 0.0002090 secs] 2020-10-27T23:09:52.756+0800: [Unloading, 0.0004274 secs], 0.0013024 secs]
 [Times: user=0.00 sys=0.00, real=0.00 secs]
2020-10-27T23:09:52.757+0800: [GC cleanup 310M->310M(512M), 0.0003678 secs]
 [Times: user=0.00 sys=0.00, real=0.00 secs]
2020-10-27T23:09:52.768+0800: [GC pause (G1 Evacuation Pause) (young), 0.0044194 secs]
   [Parallel Time: 3.6 ms, GC Workers: 6]
      [GC Worker Start (ms): Min: 367.9, Avg: 368.0, Max: 368.0, Diff: 0.1]
      [Ext Root Scanning (ms): Min: 0.1, Avg: 0.1, Max: 0.2, Diff: 0.1, Sum: 0.7]
      [Update RS (ms): Min: 0.2, Avg: 0.2, Max: 0.2, Diff: 0.0, Sum: 1.2]
         [Processed Buffers: Min: 1, Avg: 3.8, Max: 5, Diff: 4, Sum: 23]
      [Scan RS (ms): Min: 0.0, Avg: 0.0, Max: 0.0, Diff: 0.0, Sum: 0.0]
      [Code Root Scanning (ms): Min: 0.0, Avg: 0.0, Max: 0.0, Diff: 0.0, Sum: 0.0]
      [Object Copy (ms): Min: 3.1, Avg: 3.1, Max: 3.2, Diff: 0.1, Sum: 18.7]
      [Termination (ms): Min: 0.0, Avg: 0.0, Max: 0.1, Diff: 0.1, Sum: 0.3]
         [Termination Attempts: Min: 1, Avg: 1.3, Max: 2, Diff: 1, Sum: 8]
      [GC Worker Other (ms): Min: 0.0, Avg: 0.0, Max: 0.0, Diff: 0.0, Sum: 0.0]
      [GC Worker Total (ms): Min: 3.4, Avg: 3.5, Max: 3.5, Diff: 0.1, Sum: 20.9]
      [GC Worker End (ms): Min: 371.5, Avg: 371.5, Max: 371.5, Diff: 0.0]
   [Code Root Fixup: 0.0 ms]
   [Code Root Purge: 0.0 ms]
   [Clear CT: 0.2 ms]
   [Other: 0.6 ms]
      [Choose CSet: 0.0 ms]
      [Ref Proc: 0.1 ms]
      [Ref Enq: 0.0 ms]
      [Redirty Cards: 0.2 ms]
      [Humongous Register: 0.1 ms]
      [Humongous Reclaim: 0.0 ms]
      [Free CSet: 0.0 ms]
   [Eden: 85.0M(85.0M)->0.0B(13.0M) Survivors: 8192.0K->12.0M Heap: 399.7M(512.0M)->321.0M(512.0M)]
 [Times: user=0.00 sys=0.00, real=0.01 secs]
2020-10-27T23:09:52.776+0800: [GC pause (G1 Evacuation Pause) (mixed), 0.0046524 secs]
   [Parallel Time: 4.2 ms, GC Workers: 6]
      [GC Worker Start (ms): Min: 375.8, Avg: 375.8, Max: 375.8, Diff: 0.0]
      [Ext Root Scanning (ms): Min: 0.1, Avg: 0.1, Max: 0.1, Diff: 0.0, Sum: 0.7]
      [Update RS (ms): Min: 0.2, Avg: 0.2, Max: 0.2, Diff: 0.0, Sum: 1.1]
         [Processed Buffers: Min: 1, Avg: 4.0, Max: 5, Diff: 4, Sum: 24]
      [Scan RS (ms): Min: 0.0, Avg: 0.0, Max: 0.0, Diff: 0.0, Sum: 0.1]
      [Code Root Scanning (ms): Min: 0.0, Avg: 0.0, Max: 0.0, Diff: 0.0, Sum: 0.0]
      [Object Copy (ms): Min: 3.8, Avg: 3.8, Max: 3.8, Diff: 0.0, Sum: 22.8]
      [Termination (ms): Min: 0.0, Avg: 0.0, Max: 0.1, Diff: 0.1, Sum: 0.2]
         [Termination Attempts: Min: 1, Avg: 1.0, Max: 1, Diff: 0, Sum: 6]
      [GC Worker Other (ms): Min: 0.0, Avg: 0.0, Max: 0.0, Diff: 0.0, Sum: 0.0]
      [GC Worker Total (ms): Min: 4.2, Avg: 4.2, Max: 4.2, Diff: 0.0, Sum: 25.0]
      [GC Worker End (ms): Min: 380.0, Avg: 380.0, Max: 380.0, Diff: 0.0]
   [Code Root Fixup: 0.0 ms]
   [Code Root Purge: 0.0 ms]
   [Clear CT: 0.1 ms]
   [Other: 0.4 ms]
      [Choose CSet: 0.0 ms]
      [Ref Proc: 0.1 ms]
      [Ref Enq: 0.0 ms]
      [Redirty Cards: 0.0 ms]
      [Humongous Register: 0.1 ms]
      [Humongous Reclaim: 0.0 ms]
      [Free CSet: 0.1 ms]
   [Eden: 13.0M(13.0M)->0.0B(79.0M) Survivors: 12.0M->4096.0K Heap: 337.4M(512.0M)->303.9M(512.0M)]
 [Times: user=0.00 sys=0.00, real=0.01 secs]
2020-10-27T23:09:52.784+0800: [GC pause (G1 Humongous Allocation) (young) (initial-mark), 0.0010406 secs]
   [Parallel Time: 0.6 ms, GC Workers: 6]
      [GC Worker Start (ms): Min: 383.5, Avg: 383.5, Max: 383.6, Diff: 0.1]
      [Ext Root Scanning (ms): Min: 0.1, Avg: 0.1, Max: 0.1, Diff: 0.1, Sum: 0.7]
      [Update RS (ms): Min: 0.0, Avg: 0.0, Max: 0.1, Diff: 0.0, Sum: 0.3]
         [Processed Buffers: Min: 1, Avg: 1.2, Max: 2, Diff: 1, Sum: 7]
      [Scan RS (ms): Min: 0.0, Avg: 0.0, Max: 0.0, Diff: 0.0, Sum: 0.0]
      [Code Root Scanning (ms): Min: 0.0, Avg: 0.0, Max: 0.0, Diff: 0.0, Sum: 0.0]
      [Object Copy (ms): Min: 0.3, Avg: 0.3, Max: 0.4, Diff: 0.1, Sum: 2.1]
      [Termination (ms): Min: 0.0, Avg: 0.0, Max: 0.1, Diff: 0.1, Sum: 0.2]
         [Termination Attempts: Min: 1, Avg: 1.0, Max: 1, Diff: 0, Sum: 6]
      [GC Worker Other (ms): Min: 0.0, Avg: 0.0, Max: 0.0, Diff: 0.0, Sum: 0.0]
      [GC Worker Total (ms): Min: 0.5, Avg: 0.5, Max: 0.6, Diff: 0.1, Sum: 3.3]
      [GC Worker End (ms): Min: 384.1, Avg: 384.1, Max: 384.1, Diff: 0.0]
   [Code Root Fixup: 0.0 ms]
   [Code Root Purge: 0.0 ms]
   [Clear CT: 0.1 ms]
   [Other: 0.3 ms]
      [Choose CSet: 0.0 ms]
      [Ref Proc: 0.1 ms]
      [Ref Enq: 0.0 ms]
      [Redirty Cards: 0.1 ms]
      [Humongous Register: 0.0 ms]
      [Humongous Reclaim: 0.0 ms]
      [Free CSet: 0.0 ms]
   [Eden: 3072.0K(79.0M)->0.0B(81.0M) Survivors: 4096.0K->5120.0K Heap: 306.0M(512.0M)->304.4M(512.0M)]
 [Times: user=0.00 sys=0.00, real=0.00 secs]
2020-10-27T23:09:52.786+0800: [GC concurrent-root-region-scan-start]
2020-10-27T23:09:52.787+0800: [GC concurrent-root-region-scan-end, 0.0002228 secs]
2020-10-27T23:09:52.787+0800: [GC concurrent-mark-start]
2020-10-27T23:09:52.788+0800: [GC concurrent-mark-end, 0.0012612 secs]
2020-10-27T23:09:52.788+0800: [GC remark 2020-10-27T23:09:52.788+0800: [Finalize Marking, 0.0001952 secs] 2020-10-27T23:09:52.789+0800: [GC ref-proc, 0.0001610 secs] 2020-10-27T23:09:52.789+0800: [Unloading, 0.0004198 secs], 0.0013767 secs]
 [Times: user=0.00 sys=0.00, real=0.00 secs]
2020-10-27T23:09:52.790+0800: [GC cleanup 325M->324M(512M), 0.0004120 secs]
 [Times: user=0.00 sys=0.00, real=0.00 secs]
2020-10-27T23:09:52.790+0800: [GC concurrent-cleanup-start]
2020-10-27T23:09:52.791+0800: [GC concurrent-cleanup-end, 0.0001055 secs]
2020-10-27T23:09:52.801+0800: [GC pause (G1 Evacuation Pause) (young), 0.0031681 secs]
   [Parallel Time: 2.7 ms, GC Workers: 6]
      [GC Worker Start (ms): Min: 400.9, Avg: 400.9, Max: 400.9, Diff: 0.1]
      [Ext Root Scanning (ms): Min: 0.1, Avg: 0.1, Max: 0.1, Diff: 0.1, Sum: 0.7]
      [Update RS (ms): Min: 0.2, Avg: 0.2, Max: 0.2, Diff: 0.0, Sum: 1.0]
         [Processed Buffers: Min: 2, Avg: 3.3, Max: 4, Diff: 2, Sum: 20]
      [Scan RS (ms): Min: 0.0, Avg: 0.0, Max: 0.0, Diff: 0.0, Sum: 0.0]
      [Code Root Scanning (ms): Min: 0.0, Avg: 0.0, Max: 0.0, Diff: 0.0, Sum: 0.0]
      [Object Copy (ms): Min: 2.3, Avg: 2.3, Max: 2.4, Diff: 0.0, Sum: 14.0]
      [Termination (ms): Min: 0.0, Avg: 0.0, Max: 0.1, Diff: 0.1, Sum: 0.2]
         [Termination Attempts: Min: 1, Avg: 1.2, Max: 2, Diff: 1, Sum: 7]
      [GC Worker Other (ms): Min: 0.0, Avg: 0.0, Max: 0.0, Diff: 0.0, Sum: 0.0]
      [GC Worker Total (ms): Min: 2.6, Avg: 2.7, Max: 2.7, Diff: 0.1, Sum: 16.0]
      [GC Worker End (ms): Min: 403.5, Avg: 403.5, Max: 403.5, Diff: 0.0]
   [Code Root Fixup: 0.0 ms]
   [Code Root Purge: 0.0 ms]
   [Clear CT: 0.0 ms]
   [Other: 0.4 ms]
      [Choose CSet: 0.0 ms]
      [Ref Proc: 0.1 ms]
      [Ref Enq: 0.0 ms]
      [Redirty Cards: 0.0 ms]
      [Humongous Register: 0.1 ms]
      [Humongous Reclaim: 0.0 ms]
      [Free CSet: 0.0 ms]
   [Eden: 81.0M(81.0M)->0.0B(14.0M) Survivors: 5120.0K->11.0M Heap: 409.1M(512.0M)->328.2M(512.0M)]
 [Times: user=0.00 sys=0.00, real=0.00 secs]
2020-10-27T23:09:52.808+0800: [GC pause (G1 Evacuation Pause) (mixed), 0.0045705 secs]
   [Parallel Time: 4.0 ms, GC Workers: 6]
      [GC Worker Start (ms): Min: 408.1, Avg: 408.2, Max: 408.2, Diff: 0.1]
      [Ext Root Scanning (ms): Min: 0.1, Avg: 0.1, Max: 0.2, Diff: 0.1, Sum: 0.7]
      [Update RS (ms): Min: 0.2, Avg: 0.2, Max: 0.2, Diff: 0.0, Sum: 1.2]
         [Processed Buffers: Min: 1, Avg: 4.0, Max: 5, Diff: 4, Sum: 24]
      [Scan RS (ms): Min: 0.0, Avg: 0.0, Max: 0.0, Diff: 0.0, Sum: 0.1]
      [Code Root Scanning (ms): Min: 0.0, Avg: 0.0, Max: 0.0, Diff: 0.0, Sum: 0.0]
      [Object Copy (ms): Min: 3.4, Avg: 3.4, Max: 3.4, Diff: 0.1, Sum: 20.4]
      [Termination (ms): Min: 0.0, Avg: 0.1, Max: 0.2, Diff: 0.2, Sum: 0.5]
         [Termination Attempts: Min: 1, Avg: 1.0, Max: 1, Diff: 0, Sum: 6]
      [GC Worker Other (ms): Min: 0.0, Avg: 0.0, Max: 0.0, Diff: 0.0, Sum: 0.0]
      [GC Worker Total (ms): Min: 3.7, Avg: 3.8, Max: 4.0, Diff: 0.3, Sum: 22.9]
      [GC Worker End (ms): Min: 411.9, Avg: 412.0, Max: 412.1, Diff: 0.2]
   [Code Root Fixup: 0.0 ms]
   [Code Root Purge: 0.0 ms]
   [Clear CT: 0.1 ms]
   [Other: 0.5 ms]
      [Choose CSet: 0.0 ms]
      [Ref Proc: 0.2 ms]
      [Ref Enq: 0.0 ms]
      [Redirty Cards: 0.0 ms]
      [Humongous Register: 0.1 ms]
      [Humongous Reclaim: 0.0 ms]
      [Free CSet: 0.1 ms]
   [Eden: 14.0M(14.0M)->0.0B(70.0M) Survivors: 11.0M->4096.0K Heap: 349.0M(512.0M)->316.2M(512.0M)]
 [Times: user=0.00 sys=0.00, real=0.01 secs]
2020-10-27T23:09:52.815+0800: [GC pause (G1 Humongous Allocation) (young) (initial-mark), 0.0009744 secs]
   [Parallel Time: 0.5 ms, GC Workers: 6]
      [GC Worker Start (ms): Min: 414.9, Avg: 415.0, Max: 415.0, Diff: 0.0]
      [Ext Root Scanning (ms): Min: 0.1, Avg: 0.1, Max: 0.1, Diff: 0.0, Sum: 0.7]
      [Update RS (ms): Min: 0.0, Avg: 0.1, Max: 0.1, Diff: 0.1, Sum: 0.3]
         [Processed Buffers: Min: 1, Avg: 1.2, Max: 2, Diff: 1, Sum: 7]
      [Scan RS (ms): Min: 0.0, Avg: 0.0, Max: 0.0, Diff: 0.0, Sum: 0.0]
      [Code Root Scanning (ms): Min: 0.0, Avg: 0.0, Max: 0.0, Diff: 0.0, Sum: 0.0]
      [Object Copy (ms): Min: 0.3, Avg: 0.3, Max: 0.3, Diff: 0.1, Sum: 1.7]
      [Termination (ms): Min: 0.0, Avg: 0.0, Max: 0.0, Diff: 0.0, Sum: 0.1]
         [Termination Attempts: Min: 1, Avg: 1.0, Max: 1, Diff: 0, Sum: 6]
      [GC Worker Other (ms): Min: 0.0, Avg: 0.0, Max: 0.0, Diff: 0.0, Sum: 0.0]
      [GC Worker Total (ms): Min: 0.5, Avg: 0.5, Max: 0.5, Diff: 0.0, Sum: 2.9]
      [GC Worker End (ms): Min: 415.4, Avg: 415.4, Max: 415.4, Diff: 0.0]
   [Code Root Fixup: 0.0 ms]
   [Code Root Purge: 0.0 ms]
   [Clear CT: 0.1 ms]
   [Other: 0.4 ms]
      [Choose CSet: 0.0 ms]
      [Ref Proc: 0.1 ms]
      [Ref Enq: 0.0 ms]
      [Redirty Cards: 0.1 ms]
      [Humongous Register: 0.1 ms]
      [Humongous Reclaim: 0.0 ms]
      [Free CSet: 0.0 ms]
   [Eden: 1024.0K(70.0M)->0.0B(74.0M) Survivors: 4096.0K->4096.0K Heap: 316.4M(512.0M)->315.9M(512.0M)]
 [Times: user=0.00 sys=0.00, real=0.00 secs]
2020-10-27T23:09:52.818+0800: [GC concurrent-root-region-scan-start]
2020-10-27T23:09:52.818+0800: [GC concurrent-root-region-scan-end, 0.0002039 secs]
2020-10-27T23:09:52.818+0800: [GC concurrent-mark-start]
2020-10-27T23:09:52.820+0800: [GC concurrent-mark-end, 0.0011699 secs]
2020-10-27T23:09:52.820+0800: [GC remark 2020-10-27T23:09:52.820+0800: [Finalize Marking, 0.0001227 secs] 2020-10-27T23:09:52.820+0800: [GC ref-proc, 0.0001622 secs] 2020-10-27T23:09:52.820+0800: [Unloading, 0.0003765 secs], 0.0012471 secs]
 [Times: user=0.00 sys=0.00, real=0.00 secs]
2020-10-27T23:09:52.821+0800: [GC cleanup 333M->333M(512M), 0.0003746 secs]
 [Times: user=0.01 sys=0.00, real=0.00 secs]
2020-10-27T23:09:52.830+0800: [GC pause (G1 Evacuation Pause) (young), 0.0036439 secs]
   [Parallel Time: 3.0 ms, GC Workers: 6]
      [GC Worker Start (ms): Min: 430.8, Avg: 430.9, Max: 431.1, Diff: 0.3]
      [Ext Root Scanning (ms): Min: 0.0, Avg: 0.1, Max: 0.1, Diff: 0.1, Sum: 0.5]
      [Update RS (ms): Min: 0.1, Avg: 0.2, Max: 0.2, Diff: 0.1, Sum: 1.1]
         [Processed Buffers: Min: 1, Avg: 3.7, Max: 5, Diff: 4, Sum: 22]
      [Scan RS (ms): Min: 0.0, Avg: 0.0, Max: 0.0, Diff: 0.0, Sum: 0.0]
      [Code Root Scanning (ms): Min: 0.0, Avg: 0.0, Max: 0.0, Diff: 0.0, Sum: 0.0]
      [Object Copy (ms): Min: 2.4, Avg: 2.5, Max: 2.5, Diff: 0.1, Sum: 14.9]
      [Termination (ms): Min: 0.0, Avg: 0.0, Max: 0.1, Diff: 0.1, Sum: 0.2]
         [Termination Attempts: Min: 1, Avg: 1.0, Max: 1, Diff: 0, Sum: 6]
      [GC Worker Other (ms): Min: 0.0, Avg: 0.0, Max: 0.0, Diff: 0.0, Sum: 0.0]
      [GC Worker Total (ms): Min: 2.6, Avg: 2.8, Max: 2.9, Diff: 0.3, Sum: 16.8]
      [GC Worker End (ms): Min: 433.7, Avg: 433.7, Max: 433.7, Diff: 0.0]
   [Code Root Fixup: 0.0 ms]
   [Code Root Purge: 0.0 ms]
   [Clear CT: 0.2 ms]
   [Other: 0.5 ms]
      [Choose CSet: 0.0 ms]
      [Ref Proc: 0.0 ms]
      [Ref Enq: 0.0 ms]
      [Redirty Cards: 0.1 ms]
      [Humongous Register: 0.1 ms]
      [Humongous Reclaim: 0.0 ms]
      [Free CSet: 0.0 ms]
   [Eden: 74.0M(74.0M)->0.0B(15.0M) Survivors: 4096.0K->10.0M Heap: 400.4M(512.0M)->340.5M(512.0M)]
 [Times: user=0.00 sys=0.00, real=0.01 secs]
2020-10-27T23:09:52.838+0800: [GC pause (G1 Evacuation Pause) (mixed), 0.0042229 secs]
   [Parallel Time: 3.6 ms, GC Workers: 6]
      [GC Worker Start (ms): Min: 438.4, Avg: 438.5, Max: 438.5, Diff: 0.0]
      [Ext Root Scanning (ms): Min: 0.1, Avg: 0.1, Max: 0.1, Diff: 0.0, Sum: 0.7]
      [Update RS (ms): Min: 0.2, Avg: 0.2, Max: 0.2, Diff: 0.0, Sum: 1.2]
         [Processed Buffers: Min: 4, Avg: 4.8, Max: 6, Diff: 2, Sum: 29]
      [Scan RS (ms): Min: 0.0, Avg: 0.0, Max: 0.0, Diff: 0.0, Sum: 0.1]
      [Code Root Scanning (ms): Min: 0.0, Avg: 0.0, Max: 0.0, Diff: 0.0, Sum: 0.0]
      [Object Copy (ms): Min: 3.1, Avg: 3.2, Max: 3.2, Diff: 0.1, Sum: 19.0]
      [Termination (ms): Min: 0.0, Avg: 0.0, Max: 0.1, Diff: 0.1, Sum: 0.2]
         [Termination Attempts: Min: 1, Avg: 1.0, Max: 1, Diff: 0, Sum: 6]
      [GC Worker Other (ms): Min: 0.0, Avg: 0.0, Max: 0.0, Diff: 0.0, Sum: 0.0]
      [GC Worker Total (ms): Min: 3.5, Avg: 3.6, Max: 3.6, Diff: 0.0, Sum: 21.3]
      [GC Worker End (ms): Min: 442.0, Avg: 442.0, Max: 442.0, Diff: 0.0]
   [Code Root Fixup: 0.0 ms]
   [Code Root Purge: 0.0 ms]
   [Clear CT: 0.1 ms]
   [Other: 0.5 ms]
      [Choose CSet: 0.0 ms]
      [Ref Proc: 0.2 ms]
      [Ref Enq: 0.0 ms]
      [Redirty Cards: 0.0 ms]
      [Humongous Register: 0.1 ms]
      [Humongous Reclaim: 0.0 ms]
      [Free CSet: 0.0 ms]
   [Eden: 15.0M(15.0M)->0.0B(66.0M) Survivors: 10.0M->4096.0K Heap: 358.1M(512.0M)->324.9M(512.0M)]
 [Times: user=0.00 sys=0.00, real=0.01 secs]
2020-10-27T23:09:52.845+0800: [GC pause (G1 Humongous Allocation) (young) (initial-mark), 0.0012583 secs]
   [Parallel Time: 0.8 ms, GC Workers: 6]
      [GC Worker Start (ms): Min: 445.4, Avg: 445.5, Max: 445.6, Diff: 0.1]
      [Ext Root Scanning (ms): Min: 0.0, Avg: 0.3, Max: 0.7, Diff: 0.6, Sum: 1.8]
      [Update RS (ms): Min: 0.0, Avg: 0.0, Max: 0.1, Diff: 0.1, Sum: 0.3]
         [Processed Buffers: Min: 0, Avg: 1.2, Max: 2, Diff: 2, Sum: 7]
      [Scan RS (ms): Min: 0.0, Avg: 0.0, Max: 0.0, Diff: 0.0, Sum: 0.0]
      [Code Root Scanning (ms): Min: 0.0, Avg: 0.0, Max: 0.0, Diff: 0.0, Sum: 0.0]
      [Object Copy (ms): Min: 0.0, Avg: 0.3, Max: 0.5, Diff: 0.5, Sum: 2.0]
      [Termination (ms): Min: 0.0, Avg: 0.0, Max: 0.0, Diff: 0.0, Sum: 0.1]
         [Termination Attempts: Min: 1, Avg: 1.0, Max: 1, Diff: 0, Sum: 6]
      [GC Worker Other (ms): Min: 0.0, Avg: 0.0, Max: 0.0, Diff: 0.0, Sum: 0.0]
      [GC Worker Total (ms): Min: 0.6, Avg: 0.7, Max: 0.7, Diff: 0.1, Sum: 4.2]
      [GC Worker End (ms): Min: 446.1, Avg: 446.1, Max: 446.2, Diff: 0.0]
   [Code Root Fixup: 0.0 ms]
   [Code Root Purge: 0.0 ms]
   [Clear CT: 0.0 ms]
   [Other: 0.5 ms]
      [Choose CSet: 0.0 ms]
      [Ref Proc: 0.1 ms]
      [Ref Enq: 0.0 ms]
      [Redirty Cards: 0.1 ms]
      [Humongous Register: 0.1 ms]
      [Humongous Reclaim: 0.0 ms]
      [Free CSet: 0.0 ms]
   [Eden: 4096.0K(66.0M)->0.0B(67.0M) Survivors: 4096.0K->6144.0K Heap: 328.3M(512.0M)->326.2M(512.0M)]
 [Times: user=0.00 sys=0.00, real=0.00 secs]
2020-10-27T23:09:52.848+0800: [GC concurrent-root-region-scan-start]
2020-10-27T23:09:52.848+0800: [GC concurrent-root-region-scan-end, 0.0002795 secs]
2020-10-27T23:09:52.848+0800: [GC concurrent-mark-start]
2020-10-27T23:09:52.850+0800: [GC concurrent-mark-end, 0.0013137 secs]
2020-10-27T23:09:52.850+0800: [GC remark 2020-10-27T23:09:52.850+0800: [Finalize Marking, 0.0001333 secs] 2020-10-27T23:09:52.850+0800: [GC ref-proc, 0.0001613 secs] 2020-10-27T23:09:52.850+0800: [Unloading, 0.0003897 secs], 0.0012472 secs]
 [Times: user=0.00 sys=0.00, real=0.00 secs]
2020-10-27T23:09:52.851+0800: [GC cleanup 345M->345M(512M), 0.0004160 secs]
 [Times: user=0.00 sys=0.00, real=0.00 secs]
2020-10-27T23:09:52.858+0800: [GC pause (G1 Evacuation Pause) (young), 0.0039951 secs]
   [Parallel Time: 3.3 ms, GC Workers: 6]
      [GC Worker Start (ms): Min: 459.2, Avg: 459.2, Max: 459.2, Diff: 0.1]
      [Ext Root Scanning (ms): Min: 0.0, Avg: 0.1, Max: 0.1, Diff: 0.1, Sum: 0.6]
      [Update RS (ms): Min: 0.2, Avg: 0.3, Max: 0.3, Diff: 0.0, Sum: 1.5]
         [Processed Buffers: Min: 2, Avg: 5.2, Max: 6, Diff: 4, Sum: 31]
      [Scan RS (ms): Min: 0.0, Avg: 0.0, Max: 0.0, Diff: 0.0, Sum: 0.0]
      [Code Root Scanning (ms): Min: 0.0, Avg: 0.0, Max: 0.0, Diff: 0.0, Sum: 0.0]
      [Object Copy (ms): Min: 2.7, Avg: 2.7, Max: 2.8, Diff: 0.1, Sum: 16.3]
      [Termination (ms): Min: 0.0, Avg: 0.1, Max: 0.2, Diff: 0.2, Sum: 0.7]
         [Termination Attempts: Min: 1, Avg: 1.0, Max: 1, Diff: 0, Sum: 6]
      [GC Worker Other (ms): Min: 0.0, Avg: 0.0, Max: 0.0, Diff: 0.0, Sum: 0.0]
      [GC Worker Total (ms): Min: 3.1, Avg: 3.2, Max: 3.3, Diff: 0.2, Sum: 19.2]
      [GC Worker End (ms): Min: 462.4, Avg: 462.4, Max: 462.5, Diff: 0.1]
   [Code Root Fixup: 0.0 ms]
   [Code Root Purge: 0.0 ms]
   [Clear CT: 0.2 ms]
   [Other: 0.5 ms]
      [Choose CSet: 0.0 ms]
      [Ref Proc: 0.1 ms]
      [Ref Enq: 0.0 ms]
      [Redirty Cards: 0.1 ms]
      [Humongous Register: 0.1 ms]
      [Humongous Reclaim: 0.1 ms]
      [Free CSet: 0.0 ms]
   [Eden: 67.0M(67.0M)->0.0B(15.0M) Survivors: 6144.0K->10.0M Heap: 406.8M(512.0M)->348.7M(512.0M)]
 [Times: user=0.00 sys=0.00, real=0.01 secs]
2020-10-27T23:09:52.867+0800: [GC pause (G1 Evacuation Pause) (mixed), 0.0043565 secs]
   [Parallel Time: 3.9 ms, GC Workers: 6]
      [GC Worker Start (ms): Min: 467.7, Avg: 467.8, Max: 467.8, Diff: 0.1]
      [Ext Root Scanning (ms): Min: 0.1, Avg: 0.1, Max: 0.2, Diff: 0.1, Sum: 0.6]
      [Update RS (ms): Min: 0.2, Avg: 0.2, Max: 0.2, Diff: 0.0, Sum: 1.0]
         [Processed Buffers: Min: 3, Avg: 3.7, Max: 4, Diff: 1, Sum: 22]
      [Scan RS (ms): Min: 0.0, Avg: 0.0, Max: 0.0, Diff: 0.0, Sum: 0.1]
      [Code Root Scanning (ms): Min: 0.0, Avg: 0.0, Max: 0.0, Diff: 0.0, Sum: 0.0]
      [Object Copy (ms): Min: 3.5, Avg: 3.5, Max: 3.5, Diff: 0.0, Sum: 20.8]
      [Termination (ms): Min: 0.0, Avg: 0.0, Max: 0.0, Diff: 0.0, Sum: 0.2]
         [Termination Attempts: Min: 1, Avg: 1.0, Max: 1, Diff: 0, Sum: 6]
      [GC Worker Other (ms): Min: 0.0, Avg: 0.0, Max: 0.0, Diff: 0.0, Sum: 0.0]
      [GC Worker Total (ms): Min: 3.7, Avg: 3.8, Max: 3.8, Diff: 0.1, Sum: 22.7]
      [GC Worker End (ms): Min: 471.6, Avg: 471.6, Max: 471.6, Diff: 0.0]
   [Code Root Fixup: 0.0 ms]
   [Code Root Purge: 0.0 ms]
   [Clear CT: 0.1 ms]
   [Other: 0.4 ms]
      [Choose CSet: 0.0 ms]
      [Ref Proc: 0.1 ms]
      [Ref Enq: 0.0 ms]
      [Redirty Cards: 0.1 ms]
      [Humongous Register: 0.1 ms]
      [Humongous Reclaim: 0.0 ms]
      [Free CSet: 0.0 ms]
   [Eden: 15.0M(15.0M)->0.0B(57.0M) Survivors: 10.0M->4096.0K Heap: 365.5M(512.0M)->336.5M(512.0M)]
 [Times: user=0.09 sys=0.00, real=0.01 secs]
2020-10-27T23:09:52.874+0800: [GC pause (G1 Humongous Allocation) (young) (initial-mark), 0.0011409 secs]
   [Parallel Time: 0.6 ms, GC Workers: 6]
      [GC Worker Start (ms): Min: 474.4, Avg: 474.4, Max: 474.4, Diff: 0.0]
      [Ext Root Scanning (ms): Min: 0.1, Avg: 0.1, Max: 0.1, Diff: 0.0, Sum: 0.7]
      [Update RS (ms): Min: 0.0, Avg: 0.1, Max: 0.1, Diff: 0.1, Sum: 0.4]
         [Processed Buffers: Min: 1, Avg: 1.2, Max: 2, Diff: 1, Sum: 7]
      [Scan RS (ms): Min: 0.0, Avg: 0.0, Max: 0.0, Diff: 0.0, Sum: 0.0]
      [Code Root Scanning (ms): Min: 0.0, Avg: 0.0, Max: 0.0, Diff: 0.0, Sum: 0.0]
      [Object Copy (ms): Min: 0.3, Avg: 0.3, Max: 0.4, Diff: 0.1, Sum: 2.0]
      [Termination (ms): Min: 0.0, Avg: 0.0, Max: 0.0, Diff: 0.0, Sum: 0.1]
         [Termination Attempts: Min: 1, Avg: 1.0, Max: 1, Diff: 0, Sum: 6]
      [GC Worker Other (ms): Min: 0.0, Avg: 0.0, Max: 0.0, Diff: 0.0, Sum: 0.0]
      [GC Worker Total (ms): Min: 0.5, Avg: 0.5, Max: 0.5, Diff: 0.0, Sum: 3.2]
      [GC Worker End (ms): Min: 474.9, Avg: 474.9, Max: 474.9, Diff: 0.0]
   [Code Root Fixup: 0.0 ms]
   [Code Root Purge: 0.0 ms]
   [Clear CT: 0.1 ms]
   [Other: 0.4 ms]
      [Choose CSet: 0.0 ms]
      [Ref Proc: 0.1 ms]
      [Ref Enq: 0.0 ms]
      [Redirty Cards: 0.1 ms]
      [Humongous Register: 0.1 ms]
      [Humongous Reclaim: 0.0 ms]
      [Free CSet: 0.0 ms]
   [Eden: 3072.0K(57.0M)->0.0B(54.0M) Survivors: 4096.0K->5120.0K Heap: 338.9M(512.0M)->336.8M(512.0M)]
 [Times: user=0.00 sys=0.00, real=0.00 secs]
2020-10-27T23:09:52.877+0800: [GC concurrent-root-region-scan-start]
2020-10-27T23:09:52.877+0800: [GC concurrent-root-region-scan-end, 0.0002712 secs]
2020-10-27T23:09:52.877+0800: [GC concurrent-mark-start]
2020-10-27T23:09:52.879+0800: [GC concurrent-mark-end, 0.0015572 secs]
2020-10-27T23:09:52.879+0800: [GC remark 2020-10-27T23:09:52.880+0800: [Finalize Marking, 0.0002128 secs] 2020-10-27T23:09:52.880+0800: [GC ref-proc, 0.0001639 secs] 2020-10-27T23:09:52.880+0800: [Unloading, 0.0003783 secs], 0.0015974 secs]
 [Times: user=0.00 sys=0.00, real=0.00 secs]
2020-10-27T23:09:52.881+0800: [GC cleanup 355M->355M(512M), 0.0005380 secs]
 [Times: user=0.00 sys=0.00, real=0.00 secs]
2020-10-27T23:09:52.888+0800: [GC pause (G1 Evacuation Pause) (young), 0.0030674 secs]
   [Parallel Time: 2.4 ms, GC Workers: 6]
      [GC Worker Start (ms): Min: 488.1, Avg: 488.1, Max: 488.1, Diff: 0.1]
      [Ext Root Scanning (ms): Min: 0.1, Avg: 0.1, Max: 0.1, Diff: 0.1, Sum: 0.7]
      [Update RS (ms): Min: 0.3, Avg: 0.3, Max: 0.3, Diff: 0.0, Sum: 1.7]
         [Processed Buffers: Min: 2, Avg: 5.7, Max: 7, Diff: 5, Sum: 34]
      [Scan RS (ms): Min: 0.0, Avg: 0.0, Max: 0.0, Diff: 0.0, Sum: 0.0]
      [Code Root Scanning (ms): Min: 0.0, Avg: 0.0, Max: 0.0, Diff: 0.0, Sum: 0.0]
      [Object Copy (ms): Min: 1.9, Avg: 1.9, Max: 2.0, Diff: 0.1, Sum: 11.5]
      [Termination (ms): Min: 0.0, Avg: 0.0, Max: 0.1, Diff: 0.1, Sum: 0.2]
         [Termination Attempts: Min: 1, Avg: 1.0, Max: 1, Diff: 0, Sum: 6]
      [GC Worker Other (ms): Min: 0.0, Avg: 0.0, Max: 0.0, Diff: 0.0, Sum: 0.0]
      [GC Worker Total (ms): Min: 2.3, Avg: 2.4, Max: 2.4, Diff: 0.1, Sum: 14.2]
      [GC Worker End (ms): Min: 490.5, Avg: 490.5, Max: 490.5, Diff: 0.0]
   [Code Root Fixup: 0.0 ms]
   [Code Root Purge: 0.0 ms]
   [Clear CT: 0.2 ms]
   [Other: 0.5 ms]
      [Choose CSet: 0.0 ms]
      [Ref Proc: 0.1 ms]
      [Ref Enq: 0.0 ms]
      [Redirty Cards: 0.1 ms]
      [Humongous Register: 0.1 ms]
      [Humongous Reclaim: 0.0 ms]
      [Free CSet: 0.0 ms]
   [Eden: 54.0M(54.0M)->0.0B(17.0M) Survivors: 5120.0K->8192.0K Heap: 400.8M(512.0M)->355.0M(512.0M)]
 [Times: user=0.00 sys=0.00, real=0.00 secs]
2020-10-27T23:09:52.895+0800: [GC pause (G1 Evacuation Pause) (mixed), 0.0049607 secs]
   [Parallel Time: 4.4 ms, GC Workers: 6]
      [GC Worker Start (ms): Min: 495.7, Avg: 495.9, Max: 496.3, Diff: 0.6]
      [Ext Root Scanning (ms): Min: 0.0, Avg: 0.1, Max: 0.2, Diff: 0.2, Sum: 0.5]
      [Update RS (ms): Min: 0.0, Avg: 0.3, Max: 0.4, Diff: 0.4, Sum: 1.6]
         [Processed Buffers: Min: 0, Avg: 7.0, Max: 11, Diff: 11, Sum: 42]
      [Scan RS (ms): Min: 0.0, Avg: 0.0, Max: 0.0, Diff: 0.0, Sum: 0.1]
      [Code Root Scanning (ms): Min: 0.0, Avg: 0.0, Max: 0.0, Diff: 0.0, Sum: 0.0]
      [Object Copy (ms): Min: 3.7, Avg: 3.7, Max: 3.8, Diff: 0.1, Sum: 22.4]
      [Termination (ms): Min: 0.0, Avg: 0.1, Max: 0.1, Diff: 0.1, Sum: 0.4]
         [Termination Attempts: Min: 1, Avg: 1.0, Max: 1, Diff: 0, Sum: 6]
      [GC Worker Other (ms): Min: 0.0, Avg: 0.0, Max: 0.0, Diff: 0.0, Sum: 0.0]
      [GC Worker Total (ms): Min: 3.8, Avg: 4.2, Max: 4.4, Diff: 0.6, Sum: 25.0]
      [GC Worker End (ms): Min: 500.1, Avg: 500.1, Max: 500.1, Diff: 0.0]
   [Code Root Fixup: 0.0 ms]
   [Code Root Purge: 0.0 ms]
   [Clear CT: 0.1 ms]
   [Other: 0.5 ms]
      [Choose CSet: 0.0 ms]
      [Ref Proc: 0.1 ms]
      [Ref Enq: 0.0 ms]
      [Redirty Cards: 0.1 ms]
      [Humongous Register: 0.1 ms]
      [Humongous Reclaim: 0.0 ms]
      [Free CSet: 0.1 ms]
   [Eden: 17.0M(17.0M)->0.0B(54.0M) Survivors: 8192.0K->4096.0K Heap: 376.3M(512.0M)->337.7M(512.0M)]
 [Times: user=0.06 sys=0.00, real=0.01 secs]
2020-10-27T23:09:52.902+0800: [GC pause (G1 Humongous Allocation) (young) (initial-mark), 0.0009947 secs]
   [Parallel Time: 0.5 ms, GC Workers: 6]
      [GC Worker Start (ms): Min: 502.8, Avg: 502.9, Max: 502.9, Diff: 0.1]
      [Ext Root Scanning (ms): Min: 0.1, Avg: 0.1, Max: 0.1, Diff: 0.1, Sum: 0.6]
      [Update RS (ms): Min: 0.0, Avg: 0.0, Max: 0.1, Diff: 0.0, Sum: 0.3]
         [Processed Buffers: Min: 1, Avg: 1.2, Max: 2, Diff: 1, Sum: 7]
      [Scan RS (ms): Min: 0.0, Avg: 0.0, Max: 0.0, Diff: 0.0, Sum: 0.0]
      [Code Root Scanning (ms): Min: 0.0, Avg: 0.0, Max: 0.0, Diff: 0.0, Sum: 0.0]
      [Object Copy (ms): Min: 0.3, Avg: 0.3, Max: 0.3, Diff: 0.1, Sum: 1.8]
      [Termination (ms): Min: 0.0, Avg: 0.0, Max: 0.1, Diff: 0.1, Sum: 0.2]
         [Termination Attempts: Min: 1, Avg: 1.0, Max: 1, Diff: 0, Sum: 6]
      [GC Worker Other (ms): Min: 0.0, Avg: 0.0, Max: 0.0, Diff: 0.0, Sum: 0.0]
      [GC Worker Total (ms): Min: 0.5, Avg: 0.5, Max: 0.5, Diff: 0.1, Sum: 3.0]
      [GC Worker End (ms): Min: 503.4, Avg: 503.4, Max: 503.4, Diff: 0.0]
   [Code Root Fixup: 0.0 ms]
   [Code Root Purge: 0.0 ms]
   [Clear CT: 0.1 ms]
   [Other: 0.3 ms]
      [Choose CSet: 0.0 ms]
      [Ref Proc: 0.1 ms]
      [Ref Enq: 0.0 ms]
      [Redirty Cards: 0.1 ms]
      [Humongous Register: 0.1 ms]
      [Humongous Reclaim: 0.0 ms]
      [Free CSet: 0.0 ms]
   [Eden: 1024.0K(54.0M)->0.0B(57.0M) Survivors: 4096.0K->4096.0K Heap: 338.0M(512.0M)->337.2M(512.0M)]
 [Times: user=0.00 sys=0.00, real=0.00 secs]
2020-10-27T23:09:52.905+0800: [GC concurrent-root-region-scan-start]
2020-10-27T23:09:52.905+0800: [GC concurrent-root-region-scan-end, 0.0002750 secs]
2020-10-27T23:09:52.905+0800: [GC concurrent-mark-start]
2020-10-27T23:09:52.907+0800: [GC concurrent-mark-end, 0.0013175 secs]
2020-10-27T23:09:52.907+0800: [GC remark 2020-10-27T23:09:52.907+0800: [Finalize Marking, 0.0001891 secs] 2020-10-27T23:09:52.907+0800: [GC ref-proc, 0.0001606 secs] 2020-10-27T23:09:52.908+0800: [Unloading, 0.0004179 secs], 0.0013261 secs]
 [Times: user=0.00 sys=0.00, real=0.00 secs]
2020-10-27T23:09:52.909+0800: [GC cleanup 359M->359M(512M), 0.0005907 secs]
 [Times: user=0.00 sys=0.00, real=0.00 secs]
2020-10-27T23:09:52.916+0800: [GC pause (G1 Evacuation Pause) (young), 0.0030052 secs]
   [Parallel Time: 2.4 ms, GC Workers: 6]
      [GC Worker Start (ms): Min: 516.8, Avg: 516.8, Max: 516.8, Diff: 0.1]
      [Ext Root Scanning (ms): Min: 0.1, Avg: 0.1, Max: 0.2, Diff: 0.1, Sum: 0.7]
      [Update RS (ms): Min: 0.3, Avg: 0.3, Max: 0.3, Diff: 0.0, Sum: 1.6]
         [Processed Buffers: Min: 2, Avg: 5.7, Max: 7, Diff: 5, Sum: 34]
      [Scan RS (ms): Min: 0.0, Avg: 0.0, Max: 0.0, Diff: 0.0, Sum: 0.0]
      [Code Root Scanning (ms): Min: 0.0, Avg: 0.0, Max: 0.0, Diff: 0.0, Sum: 0.0]
      [Object Copy (ms): Min: 1.9, Avg: 1.9, Max: 1.9, Diff: 0.1, Sum: 11.3]
      [Termination (ms): Min: 0.0, Avg: 0.0, Max: 0.1, Diff: 0.1, Sum: 0.2]
         [Termination Attempts: Min: 1, Avg: 1.0, Max: 1, Diff: 0, Sum: 6]
      [GC Worker Other (ms): Min: 0.0, Avg: 0.0, Max: 0.0, Diff: 0.0, Sum: 0.0]
      [GC Worker Total (ms): Min: 2.3, Avg: 2.3, Max: 2.4, Diff: 0.1, Sum: 13.9]
      [GC Worker End (ms): Min: 519.1, Avg: 519.1, Max: 519.1, Diff: 0.0]
   [Code Root Fixup: 0.0 ms]
   [Code Root Purge: 0.0 ms]
   [Clear CT: 0.1 ms]
   [Other: 0.5 ms]
      [Choose CSet: 0.0 ms]
      [Ref Proc: 0.1 ms]
      [Ref Enq: 0.0 ms]
      [Redirty Cards: 0.1 ms]
      [Humongous Register: 0.1 ms]
      [Humongous Reclaim: 0.0 ms]
      [Free CSet: 0.0 ms]
   [Eden: 57.0M(57.0M)->0.0B(17.0M) Survivors: 4096.0K->8192.0K Heap: 409.2M(512.0M)->356.2M(512.0M)]
 [Times: user=0.00 sys=0.00, real=0.01 secs]
2020-10-27T23:09:52.923+0800: [GC pause (G1 Evacuation Pause) (mixed), 0.0050847 secs]
   [Parallel Time: 4.6 ms, GC Workers: 6]
      [GC Worker Start (ms): Min: 523.7, Avg: 523.7, Max: 523.7, Diff: 0.1]
      [Ext Root Scanning (ms): Min: 0.1, Avg: 0.1, Max: 0.1, Diff: 0.1, Sum: 0.6]
      [Update RS (ms): Min: 0.2, Avg: 0.3, Max: 0.3, Diff: 0.0, Sum: 1.5]
         [Processed Buffers: Min: 5, Avg: 5.5, Max: 6, Diff: 1, Sum: 33]
      [Scan RS (ms): Min: 0.0, Avg: 0.0, Max: 0.0, Diff: 0.0, Sum: 0.1]
      [Code Root Scanning (ms): Min: 0.0, Avg: 0.0, Max: 0.0, Diff: 0.0, Sum: 0.0]
      [Object Copy (ms): Min: 3.9, Avg: 3.9, Max: 4.0, Diff: 0.1, Sum: 23.6]
      [Termination (ms): Min: 0.0, Avg: 0.1, Max: 0.3, Diff: 0.3, Sum: 0.7]
         [Termination Attempts: Min: 1, Avg: 1.2, Max: 2, Diff: 1, Sum: 7]
      [GC Worker Other (ms): Min: 0.0, Avg: 0.0, Max: 0.0, Diff: 0.0, Sum: 0.0]
      [GC Worker Total (ms): Min: 4.3, Avg: 4.4, Max: 4.6, Diff: 0.3, Sum: 26.7]
      [GC Worker End (ms): Min: 528.1, Avg: 528.1, Max: 528.3, Diff: 0.2]
   [Code Root Fixup: 0.0 ms]
   [Code Root Purge: 0.0 ms]
   [Clear CT: 0.1 ms]
   [Other: 0.4 ms]
      [Choose CSet: 0.0 ms]
      [Ref Proc: 0.1 ms]
      [Ref Enq: 0.0 ms]
      [Redirty Cards: 0.0 ms]
      [Humongous Register: 0.1 ms]
      [Humongous Reclaim: 0.0 ms]
      [Free CSet: 0.0 ms]
   [Eden: 17.0M(17.0M)->0.0B(52.0M) Survivors: 8192.0K->4096.0K Heap: 376.4M(512.0M)->342.4M(512.0M)]
 [Times: user=0.02 sys=0.00, real=0.01 secs]
2020-10-27T23:09:52.931+0800: [GC pause (G1 Humongous Allocation) (young) (initial-mark), 0.0011921 secs]
   [Parallel Time: 0.8 ms, GC Workers: 6]
      [GC Worker Start (ms): Min: 531.8, Avg: 531.8, Max: 531.8, Diff: 0.0]
      [Ext Root Scanning (ms): Min: 0.1, Avg: 0.1, Max: 0.1, Diff: 0.0, Sum: 0.7]
      [Update RS (ms): Min: 0.0, Avg: 0.1, Max: 0.2, Diff: 0.1, Sum: 0.5]
         [Processed Buffers: Min: 1, Avg: 1.2, Max: 2, Diff: 1, Sum: 7]
      [Scan RS (ms): Min: 0.0, Avg: 0.0, Max: 0.0, Diff: 0.0, Sum: 0.0]
      [Code Root Scanning (ms): Min: 0.0, Avg: 0.0, Max: 0.0, Diff: 0.0, Sum: 0.0]
      [Object Copy (ms): Min: 0.4, Avg: 0.4, Max: 0.5, Diff: 0.1, Sum: 2.6]
      [Termination (ms): Min: 0.0, Avg: 0.0, Max: 0.1, Diff: 0.1, Sum: 0.2]
         [Termination Attempts: Min: 1, Avg: 1.0, Max: 1, Diff: 0, Sum: 6]
      [GC Worker Other (ms): Min: 0.0, Avg: 0.0, Max: 0.0, Diff: 0.0, Sum: 0.0]
      [GC Worker Total (ms): Min: 0.7, Avg: 0.7, Max: 0.7, Diff: 0.0, Sum: 4.1]
      [GC Worker End (ms): Min: 532.5, Avg: 532.5, Max: 532.5, Diff: 0.0]
   [Code Root Fixup: 0.0 ms]
   [Code Root Purge: 0.0 ms]
   [Clear CT: 0.1 ms]
   [Other: 0.3 ms]
      [Choose CSet: 0.0 ms]
      [Ref Proc: 0.1 ms]
      [Ref Enq: 0.0 ms]
      [Redirty Cards: 0.0 ms]
      [Humongous Register: 0.1 ms]
      [Humongous Reclaim: 0.0 ms]
      [Free CSet: 0.0 ms]
   [Eden: 4096.0K(52.0M)->0.0B(47.0M) Survivors: 4096.0K->2048.0K Heap: 346.1M(512.0M)->343.7M(512.0M)]
 [Times: user=0.00 sys=0.00, real=0.00 secs]
2020-10-27T23:09:52.934+0800: [GC concurrent-root-region-scan-start]
2020-10-27T23:09:52.935+0800: [GC concurrent-root-region-scan-end, 0.0001632 secs]
2020-10-27T23:09:52.935+0800: [GC concurrent-mark-start]
2020-10-27T23:09:52.936+0800: [GC concurrent-mark-end, 0.0013144 secs]
2020-10-27T23:09:52.936+0800: [GC remark 2020-10-27T23:09:52.936+0800: [Finalize Marking, 0.0002124 secs] 2020-10-27T23:09:52.937+0800: [GC ref-proc, 0.0001595 secs] 2020-10-27T23:09:52.937+0800: [Unloading, 0.0004645 secs], 0.0014366 secs]
 [Times: user=0.00 sys=0.00, real=0.00 secs]
2020-10-27T23:09:52.938+0800: [GC cleanup 365M->365M(512M), 0.0004278 secs]
 [Times: user=0.00 sys=0.00, real=0.00 secs]
2020-10-27T23:09:52.943+0800: [GC pause (G1 Evacuation Pause) (young), 0.0028071 secs]
   [Parallel Time: 2.4 ms, GC Workers: 6]
      [GC Worker Start (ms): Min: 543.3, Avg: 543.4, Max: 543.4, Diff: 0.1]
      [Ext Root Scanning (ms): Min: 0.1, Avg: 0.1, Max: 0.2, Diff: 0.1, Sum: 0.7]
      [Update RS (ms): Min: 0.3, Avg: 0.6, Max: 2.0, Diff: 1.7, Sum: 3.7]
         [Processed Buffers: Min: 4, Avg: 6.7, Max: 8, Diff: 4, Sum: 40]
      [Scan RS (ms): Min: 0.0, Avg: 0.0, Max: 0.0, Diff: 0.0, Sum: 0.0]
      [Code Root Scanning (ms): Min: 0.0, Avg: 0.0, Max: 0.0, Diff: 0.0, Sum: 0.0]
      [Object Copy (ms): Min: 0.0, Avg: 1.4, Max: 1.8, Diff: 1.8, Sum: 8.5]
      [Termination (ms): Min: 0.0, Avg: 0.1, Max: 0.2, Diff: 0.2, Sum: 0.5]
         [Termination Attempts: Min: 1, Avg: 1.0, Max: 1, Diff: 0, Sum: 6]
      [GC Worker Other (ms): Min: 0.0, Avg: 0.0, Max: 0.0, Diff: 0.0, Sum: 0.1]
      [GC Worker Total (ms): Min: 2.2, Avg: 2.2, Max: 2.3, Diff: 0.1, Sum: 13.5]
      [GC Worker End (ms): Min: 545.6, Avg: 545.6, Max: 545.7, Diff: 0.1]
   [Code Root Fixup: 0.0 ms]
   [Code Root Purge: 0.0 ms]
   [Clear CT: 0.0 ms]
   [Other: 0.4 ms]
      [Choose CSet: 0.0 ms]
      [Ref Proc: 0.1 ms]
      [Ref Enq: 0.0 ms]
      [Redirty Cards: 0.0 ms]
      [Humongous Register: 0.1 ms]
      [Humongous Reclaim: 0.0 ms]
      [Free CSet: 0.0 ms]
   [Eden: 47.0M(47.0M)->0.0B(18.0M) Survivors: 2048.0K->7168.0K Heap: 406.0M(512.0M)->358.9M(512.0M)]
 [Times: user=0.00 sys=0.02, real=0.00 secs]
2020-10-27T23:09:52.950+0800: [GC pause (G1 Evacuation Pause) (mixed), 0.0050208 secs]
   [Parallel Time: 4.5 ms, GC Workers: 6]
      [GC Worker Start (ms): Min: 550.7, Avg: 550.9, Max: 551.3, Diff: 0.5]
      [Ext Root Scanning (ms): Min: 0.0, Avg: 0.1, Max: 0.2, Diff: 0.2, Sum: 0.6]
      [Update RS (ms): Min: 0.0, Avg: 0.3, Max: 0.3, Diff: 0.3, Sum: 1.7]
         [Processed Buffers: Min: 0, Avg: 6.5, Max: 8, Diff: 8, Sum: 39]
      [Scan RS (ms): Min: 0.0, Avg: 0.0, Max: 0.0, Diff: 0.0, Sum: 0.1]
      [Code Root Scanning (ms): Min: 0.0, Avg: 0.0, Max: 0.0, Diff: 0.0, Sum: 0.0]
      [Object Copy (ms): Min: 3.8, Avg: 3.9, Max: 3.9, Diff: 0.1, Sum: 23.1]
      [Termination (ms): Min: 0.0, Avg: 0.0, Max: 0.1, Diff: 0.1, Sum: 0.2]
         [Termination Attempts: Min: 1, Avg: 1.0, Max: 1, Diff: 0, Sum: 6]
      [GC Worker Other (ms): Min: 0.0, Avg: 0.0, Max: 0.0, Diff: 0.0, Sum: 0.0]
      [GC Worker Total (ms): Min: 3.9, Avg: 4.3, Max: 4.4, Diff: 0.5, Sum: 25.8]
      [GC Worker End (ms): Min: 555.1, Avg: 555.2, Max: 555.2, Diff: 0.0]
   [Code Root Fixup: 0.0 ms]
   [Code Root Purge: 0.0 ms]
   [Clear CT: 0.1 ms]
   [Other: 0.4 ms]
      [Choose CSet: 0.0 ms]
      [Ref Proc: 0.0 ms]
      [Ref Enq: 0.0 ms]
      [Redirty Cards: 0.1 ms]
      [Humongous Register: 0.1 ms]
      [Humongous Reclaim: 0.0 ms]
      [Free CSet: 0.0 ms]
   [Eden: 18.0M(18.0M)->0.0B(46.0M) Survivors: 7168.0K->4096.0K Heap: 381.0M(512.0M)->345.9M(512.0M)]
 [Times: user=0.00 sys=0.00, real=0.01 secs]
2020-10-27T23:09:52.957+0800: [GC pause (G1 Humongous Allocation) (young) (initial-mark), 0.0011024 secs]
   [Parallel Time: 0.7 ms, GC Workers: 6]
      [GC Worker Start (ms): Min: 557.9, Avg: 557.9, Max: 558.0, Diff: 0.1]
      [Ext Root Scanning (ms): Min: 0.1, Avg: 0.1, Max: 0.2, Diff: 0.1, Sum: 0.7]
      [Update RS (ms): Min: 0.0, Avg: 0.1, Max: 0.1, Diff: 0.1, Sum: 0.3]
         [Processed Buffers: Min: 1, Avg: 1.2, Max: 2, Diff: 1, Sum: 7]
      [Scan RS (ms): Min: 0.0, Avg: 0.0, Max: 0.0, Diff: 0.0, Sum: 0.0]
      [Code Root Scanning (ms): Min: 0.0, Avg: 0.0, Max: 0.0, Diff: 0.0, Sum: 0.0]
      [Object Copy (ms): Min: 0.3, Avg: 0.3, Max: 0.4, Diff: 0.1, Sum: 2.0]
      [Termination (ms): Min: 0.0, Avg: 0.0, Max: 0.1, Diff: 0.1, Sum: 0.2]
         [Termination Attempts: Min: 1, Avg: 1.0, Max: 1, Diff: 0, Sum: 6]
      [GC Worker Other (ms): Min: 0.0, Avg: 0.0, Max: 0.0, Diff: 0.0, Sum: 0.0]
      [GC Worker Total (ms): Min: 0.5, Avg: 0.6, Max: 0.6, Diff: 0.1, Sum: 3.3]
      [GC Worker End (ms): Min: 558.5, Avg: 558.5, Max: 558.5, Diff: 0.0]
   [Code Root Fixup: 0.0 ms]
   [Code Root Purge: 0.0 ms]
   [Clear CT: 0.1 ms]
   [Other: 0.3 ms]
      [Choose CSet: 0.0 ms]
      [Ref Proc: 0.1 ms]
      [Ref Enq: 0.0 ms]
      [Redirty Cards: 0.1 ms]
      [Humongous Register: 0.1 ms]
      [Humongous Reclaim: 0.0 ms]
      [Free CSet: 0.0 ms]
   [Eden: 4096.0K(46.0M)->0.0B(48.0M) Survivors: 4096.0K->5120.0K Heap: 349.6M(512.0M)->346.1M(512.0M)]
 [Times: user=0.00 sys=0.00, real=0.00 secs]
2020-10-27T23:09:52.960+0800: [GC concurrent-root-region-scan-start]
2020-10-27T23:09:52.961+0800: [GC concurrent-root-region-scan-end, 0.0003031 secs]
2020-10-27T23:09:52.961+0800: [GC concurrent-mark-start]
2020-10-27T23:09:52.962+0800: [GC concurrent-mark-end, 0.0014148 secs]
2020-10-27T23:09:52.963+0800: [GC remark 2020-10-27T23:09:52.963+0800: [Finalize Marking, 0.0002576 secs] 2020-10-27T23:09:52.963+0800: [GC ref-proc, 0.0001599 secs] 2020-10-27T23:09:52.963+0800: [Unloading, 0.0004925 secs], 0.0016332 secs]
 [Times: user=0.00 sys=0.00, real=0.00 secs]
2020-10-27T23:09:52.965+0800: [GC cleanup 363M->363M(512M), 0.0006282 secs]
 [Times: user=0.00 sys=0.00, real=0.00 secs]
2020-10-27T23:09:52.970+0800: [GC pause (G1 Evacuation Pause) (young), 0.0031297 secs]
   [Parallel Time: 2.5 ms, GC Workers: 6]
      [GC Worker Start (ms): Min: 570.4, Avg: 570.5, Max: 570.5, Diff: 0.0]
      [Ext Root Scanning (ms): Min: 0.1, Avg: 0.1, Max: 0.1, Diff: 0.0, Sum: 0.7]
      [Update RS (ms): Min: 0.5, Avg: 0.5, Max: 0.5, Diff: 0.0, Sum: 2.8]
         [Processed Buffers: Min: 6, Avg: 9.5, Max: 11, Diff: 5, Sum: 57]
      [Scan RS (ms): Min: 0.0, Avg: 0.0, Max: 0.0, Diff: 0.0, Sum: 0.0]
      [Code Root Scanning (ms): Min: 0.0, Avg: 0.0, Max: 0.0, Diff: 0.0, Sum: 0.0]
      [Object Copy (ms): Min: 1.7, Avg: 1.8, Max: 1.8, Diff: 0.1, Sum: 10.7]
      [Termination (ms): Min: 0.0, Avg: 0.0, Max: 0.1, Diff: 0.1, Sum: 0.2]
         [Termination Attempts: Min: 1, Avg: 1.0, Max: 1, Diff: 0, Sum: 6]
      [GC Worker Other (ms): Min: 0.0, Avg: 0.0, Max: 0.0, Diff: 0.0, Sum: 0.0]
      [GC Worker Total (ms): Min: 2.4, Avg: 2.4, Max: 2.4, Diff: 0.0, Sum: 14.5]
      [GC Worker End (ms): Min: 572.9, Avg: 572.9, Max: 572.9, Diff: 0.0]
   [Code Root Fixup: 0.0 ms]
   [Code Root Purge: 0.0 ms]
   [Clear CT: 0.1 ms]
   [Other: 0.5 ms]
      [Choose CSet: 0.0 ms]
      [Ref Proc: 0.1 ms]
      [Ref Enq: 0.0 ms]
      [Redirty Cards: 0.2 ms]
      [Humongous Register: 0.1 ms]
      [Humongous Reclaim: 0.0 ms]
      [Free CSet: 0.0 ms]
   [Eden: 48.0M(48.0M)->0.0B(18.0M) Survivors: 5120.0K->7168.0K Heap: 407.9M(512.0M)->362.0M(512.0M)]
 [Times: user=0.00 sys=0.00, real=0.00 secs]
2020-10-27T23:09:52.977+0800: [GC pause (G1 Evacuation Pause) (mixed), 0.0038051 secs]
   [Parallel Time: 3.3 ms, GC Workers: 6]
      [GC Worker Start (ms): Min: 577.4, Avg: 577.6, Max: 577.9, Diff: 0.5]
      [Ext Root Scanning (ms): Min: 0.0, Avg: 0.1, Max: 0.2, Diff: 0.2, Sum: 0.5]
      [Update RS (ms): Min: 0.0, Avg: 0.2, Max: 0.3, Diff: 0.3, Sum: 1.2]
         [Processed Buffers: Min: 0, Avg: 3.8, Max: 8, Diff: 8, Sum: 23]
      [Scan RS (ms): Min: 0.0, Avg: 0.0, Max: 0.0, Diff: 0.0, Sum: 0.1]
      [Code Root Scanning (ms): Min: 0.0, Avg: 0.0, Max: 0.0, Diff: 0.0, Sum: 0.0]
      [Object Copy (ms): Min: 2.7, Avg: 2.7, Max: 2.7, Diff: 0.0, Sum: 16.2]
      [Termination (ms): Min: 0.0, Avg: 0.0, Max: 0.1, Diff: 0.1, Sum: 0.1]
         [Termination Attempts: Min: 1, Avg: 1.0, Max: 1, Diff: 0, Sum: 6]
      [GC Worker Other (ms): Min: 0.0, Avg: 0.0, Max: 0.0, Diff: 0.0, Sum: 0.0]
      [GC Worker Total (ms): Min: 2.7, Avg: 3.0, Max: 3.2, Diff: 0.5, Sum: 18.2]
      [GC Worker End (ms): Min: 580.7, Avg: 580.7, Max: 580.7, Diff: 0.0]
   [Code Root Fixup: 0.0 ms]
   [Code Root Purge: 0.0 ms]
   [Clear CT: 0.0 ms]
   [Other: 0.5 ms]
      [Choose CSet: 0.0 ms]
      [Ref Proc: 0.1 ms]
      [Ref Enq: 0.0 ms]
      [Redirty Cards: 0.1 ms]
      [Humongous Register: 0.1 ms]
      [Humongous Reclaim: 0.0 ms]
      [Free CSet: 0.0 ms]
   [Eden: 18.0M(18.0M)->0.0B(43.0M) Survivors: 7168.0K->4096.0K Heap: 382.0M(512.0M)->352.2M(512.0M)]
 [Times: user=0.05 sys=0.00, real=0.01 secs]
2020-10-27T23:09:52.983+0800: [GC pause (G1 Humongous Allocation) (young) (initial-mark), 0.0011238 secs]
   [Parallel Time: 0.6 ms, GC Workers: 6]
      [GC Worker Start (ms): Min: 583.5, Avg: 583.5, Max: 583.5, Diff: 0.0]
      [Ext Root Scanning (ms): Min: 0.1, Avg: 0.1, Max: 0.1, Diff: 0.0, Sum: 0.7]
      [Update RS (ms): Min: 0.0, Avg: 0.0, Max: 0.1, Diff: 0.0, Sum: 0.3]
         [Processed Buffers: Min: 1, Avg: 1.2, Max: 2, Diff: 1, Sum: 7]
      [Scan RS (ms): Min: 0.0, Avg: 0.0, Max: 0.0, Diff: 0.0, Sum: 0.0]
      [Code Root Scanning (ms): Min: 0.0, Avg: 0.0, Max: 0.0, Diff: 0.0, Sum: 0.0]
      [Object Copy (ms): Min: 0.3, Avg: 0.3, Max: 0.3, Diff: 0.1, Sum: 1.8]
      [Termination (ms): Min: 0.0, Avg: 0.0, Max: 0.1, Diff: 0.1, Sum: 0.2]
         [Termination Attempts: Min: 1, Avg: 1.0, Max: 1, Diff: 0, Sum: 6]
      [GC Worker Other (ms): Min: 0.0, Avg: 0.0, Max: 0.0, Diff: 0.0, Sum: 0.0]
      [GC Worker Total (ms): Min: 0.5, Avg: 0.5, Max: 0.5, Diff: 0.0, Sum: 3.0]
      [GC Worker End (ms): Min: 584.0, Avg: 584.0, Max: 584.0, Diff: 0.0]
   [Code Root Fixup: 0.0 ms]
   [Code Root Purge: 0.0 ms]
   [Clear CT: 0.2 ms]
   [Other: 0.4 ms]
      [Choose CSet: 0.0 ms]
      [Ref Proc: 0.1 ms]
      [Ref Enq: 0.0 ms]
      [Redirty Cards: 0.1 ms]
      [Humongous Register: 0.1 ms]
      [Humongous Reclaim: 0.0 ms]
      [Free CSet: 0.0 ms]
   [Eden: 2048.0K(43.0M)->0.0B(43.0M) Survivors: 4096.0K->1024.0K Heap: 353.4M(512.0M)->352.5M(512.0M)]
 [Times: user=0.00 sys=0.00, real=0.00 secs]
2020-10-27T23:09:52.986+0800: [GC concurrent-root-region-scan-start]
2020-10-27T23:09:52.986+0800: [GC concurrent-root-region-scan-end, 0.0002053 secs]
2020-10-27T23:09:52.986+0800: [GC concurrent-mark-start]
2020-10-27T23:09:52.988+0800: [GC concurrent-mark-end, 0.0013011 secs]
2020-10-27T23:09:52.988+0800: [GC remark 2020-10-27T23:09:52.988+0800: [Finalize Marking, 0.0001155 secs] 2020-10-27T23:09:52.988+0800: [GC ref-proc, 0.0001582 secs] 2020-10-27T23:09:52.988+0800: [Unloading, 0.0003846 secs], 0.0012265 secs]
 [Times: user=0.00 sys=0.00, real=0.00 secs]
2020-10-27T23:09:52.989+0800: [GC cleanup 369M->369M(512M), 0.0003106 secs]
 [Times: user=0.00 sys=0.00, real=0.00 secs]
2020-10-27T23:09:52.994+0800: [GC pause (G1 Evacuation Pause) (young), 0.0023365 secs]
   [Parallel Time: 1.9 ms, GC Workers: 6]
      [GC Worker Start (ms): Min: 594.6, Avg: 594.9, Max: 595.5, Diff: 0.9]
      [Ext Root Scanning (ms): Min: 0.0, Avg: 0.1, Max: 0.2, Diff: 0.2, Sum: 0.5]
      [Update RS (ms): Min: 0.0, Avg: 0.3, Max: 0.5, Diff: 0.5, Sum: 1.9]
         [Processed Buffers: Min: 0, Avg: 7.5, Max: 13, Diff: 13, Sum: 45]
      [Scan RS (ms): Min: 0.0, Avg: 0.0, Max: 0.0, Diff: 0.0, Sum: 0.0]
      [Code Root Scanning (ms): Min: 0.0, Avg: 0.0, Max: 0.0, Diff: 0.0, Sum: 0.0]
      [Object Copy (ms): Min: 1.0, Avg: 1.1, Max: 1.2, Diff: 0.3, Sum: 6.7]
      [Termination (ms): Min: 0.0, Avg: 0.1, Max: 0.1, Diff: 0.1, Sum: 0.3]
         [Termination Attempts: Min: 1, Avg: 1.0, Max: 1, Diff: 0, Sum: 6]
      [GC Worker Other (ms): Min: 0.0, Avg: 0.0, Max: 0.0, Diff: 0.0, Sum: 0.0]
      [GC Worker Total (ms): Min: 1.0, Avg: 1.6, Max: 1.9, Diff: 0.9, Sum: 9.6]
      [GC Worker End (ms): Min: 596.5, Avg: 596.5, Max: 596.5, Diff: 0.0]
   [Code Root Fixup: 0.0 ms]
   [Code Root Purge: 0.0 ms]
   [Clear CT: 0.0 ms]
   [Other: 0.4 ms]
      [Choose CSet: 0.0 ms]
      [Ref Proc: 0.1 ms]
      [Ref Enq: 0.0 ms]
      [Redirty Cards: 0.0 ms]
      [Humongous Register: 0.1 ms]
      [Humongous Reclaim: 0.0 ms]
      [Free CSet: 0.0 ms]
   [Eden: 43.0M(43.0M)->0.0B(19.0M) Survivors: 1024.0K->6144.0K Heap: 409.4M(512.0M)->367.4M(512.0M)]
 [Times: user=0.00 sys=0.00, real=0.00 secs]
2020-10-27T23:09:53.001+0800: [GC pause (G1 Evacuation Pause) (mixed), 0.0049218 secs]
   [Parallel Time: 4.4 ms, GC Workers: 6]
      [GC Worker Start (ms): Min: 601.2, Avg: 601.2, Max: 601.2, Diff: 0.1]
      [Ext Root Scanning (ms): Min: 0.1, Avg: 0.1, Max: 0.1, Diff: 0.1, Sum: 0.7]
      [Update RS (ms): Min: 0.4, Avg: 0.4, Max: 0.5, Diff: 0.0, Sum: 2.7]
         [Processed Buffers: Min: 8, Avg: 9.0, Max: 10, Diff: 2, Sum: 54]
      [Scan RS (ms): Min: 0.0, Avg: 0.0, Max: 0.0, Diff: 0.0, Sum: 0.1]
      [Code Root Scanning (ms): Min: 0.0, Avg: 0.0, Max: 0.0, Diff: 0.0, Sum: 0.0]
      [Object Copy (ms): Min: 3.8, Avg: 3.8, Max: 3.8, Diff: 0.0, Sum: 22.7]
      [Termination (ms): Min: 0.0, Avg: 0.0, Max: 0.0, Diff: 0.0, Sum: 0.1]
         [Termination Attempts: Min: 1, Avg: 1.0, Max: 1, Diff: 0, Sum: 6]
      [GC Worker Other (ms): Min: 0.0, Avg: 0.0, Max: 0.0, Diff: 0.0, Sum: 0.0]
      [GC Worker Total (ms): Min: 4.3, Avg: 4.4, Max: 4.4, Diff: 0.1, Sum: 26.2]
      [GC Worker End (ms): Min: 605.6, Avg: 605.6, Max: 605.6, Diff: 0.0]
   [Code Root Fixup: 0.0 ms]
   [Code Root Purge: 0.0 ms]
   [Clear CT: 0.1 ms]
   [Other: 0.4 ms]
      [Choose CSet: 0.0 ms]
      [Ref Proc: 0.1 ms]
      [Ref Enq: 0.0 ms]
      [Redirty Cards: 0.1 ms]
      [Humongous Register: 0.1 ms]
      [Humongous Reclaim: 0.0 ms]
      [Free CSet: 0.0 ms]
   [Eden: 19.0M(19.0M)->0.0B(38.0M) Survivors: 6144.0K->4096.0K Heap: 392.5M(512.0M)->357.5M(512.0M)]
 [Times: user=0.00 sys=0.00, real=0.01 secs]
2020-10-27T23:09:53.008+0800: [GC pause (G1 Humongous Allocation) (young) (initial-mark), 0.0012314 secs]
   [Parallel Time: 0.8 ms, GC Workers: 6]
      [GC Worker Start (ms): Min: 608.5, Avg: 608.5, Max: 608.5, Diff: 0.0]
      [Ext Root Scanning (ms): Min: 0.1, Avg: 0.1, Max: 0.1, Diff: 0.0, Sum: 0.7]
      [Update RS (ms): Min: 0.0, Avg: 0.1, Max: 0.1, Diff: 0.1, Sum: 0.4]
         [Processed Buffers: Min: 1, Avg: 1.2, Max: 2, Diff: 1, Sum: 7]
      [Scan RS (ms): Min: 0.0, Avg: 0.0, Max: 0.0, Diff: 0.0, Sum: 0.0]
      [Code Root Scanning (ms): Min: 0.0, Avg: 0.0, Max: 0.0, Diff: 0.0, Sum: 0.0]
      [Object Copy (ms): Min: 0.5, Avg: 0.6, Max: 0.6, Diff: 0.1, Sum: 3.3]
      [Termination (ms): Min: 0.0, Avg: 0.0, Max: 0.0, Diff: 0.0, Sum: 0.1]
         [Termination Attempts: Min: 1, Avg: 1.0, Max: 1, Diff: 0, Sum: 6]
      [GC Worker Other (ms): Min: 0.0, Avg: 0.0, Max: 0.0, Diff: 0.0, Sum: 0.0]
      [GC Worker Total (ms): Min: 0.7, Avg: 0.8, Max: 0.8, Diff: 0.0, Sum: 4.6]
      [GC Worker End (ms): Min: 609.3, Avg: 609.3, Max: 609.3, Diff: 0.0]
   [Code Root Fixup: 0.0 ms]
   [Code Root Purge: 0.0 ms]
   [Clear CT: 0.1 ms]
   [Other: 0.3 ms]
      [Choose CSet: 0.0 ms]
      [Ref Proc: 0.1 ms]
      [Ref Enq: 0.0 ms]
      [Redirty Cards: 0.1 ms]
      [Humongous Register: 0.1 ms]
      [Humongous Reclaim: 0.0 ms]
      [Free CSet: 0.0 ms]
   [Eden: 8192.0K(38.0M)->0.0B(32.0M) Survivors: 4096.0K->4096.0K Heap: 365.3M(512.0M)->360.9M(512.0M)]
 [Times: user=0.09 sys=0.00, real=0.00 secs]
2020-10-27T23:09:53.011+0800: [GC concurrent-root-region-scan-start]
2020-10-27T23:09:53.011+0800: [GC concurrent-root-region-scan-end, 0.0001740 secs]
2020-10-27T23:09:53.011+0800: [GC concurrent-mark-start]
2020-10-27T23:09:53.014+0800: [GC concurrent-mark-end, 0.0022569 secs]
2020-10-27T23:09:53.014+0800: [GC remark 2020-10-27T23:09:53.014+0800: [Finalize Marking, 0.0001308 secs] 2020-10-27T23:09:53.014+0800: [GC ref-proc, 0.0001595 secs] 2020-10-27T23:09:53.015+0800: [Unloading, 0.0004013 secs], 0.0013923 secs]
 [Times: user=0.00 sys=0.00, real=0.00 secs]
2020-10-27T23:09:53.016+0800: [GC cleanup 382M->382M(512M), 0.0004077 secs]
 [Times: user=0.00 sys=0.00, real=0.00 secs]
2020-10-27T23:09:53.019+0800: [GC pause (G1 Evacuation Pause) (young), 0.0025438 secs]
   [Parallel Time: 2.1 ms, GC Workers: 6]
      [GC Worker Start (ms): Min: 618.8, Avg: 618.8, Max: 618.9, Diff: 0.1]
      [Ext Root Scanning (ms): Min: 0.1, Avg: 0.1, Max: 0.1, Diff: 0.1, Sum: 0.7]
      [Update RS (ms): Min: 0.5, Avg: 0.6, Max: 0.6, Diff: 0.0, Sum: 3.3]
         [Processed Buffers: Min: 9, Avg: 11.0, Max: 12, Diff: 3, Sum: 66]
      [Scan RS (ms): Min: 0.0, Avg: 0.0, Max: 0.0, Diff: 0.0, Sum: 0.0]
      [Code Root Scanning (ms): Min: 0.0, Avg: 0.0, Max: 0.0, Diff: 0.0, Sum: 0.0]
      [Object Copy (ms): Min: 1.3, Avg: 1.4, Max: 1.4, Diff: 0.1, Sum: 8.3]
      [Termination (ms): Min: 0.0, Avg: 0.0, Max: 0.1, Diff: 0.1, Sum: 0.1]
         [Termination Attempts: Min: 1, Avg: 1.0, Max: 1, Diff: 0, Sum: 6]
      [GC Worker Other (ms): Min: 0.0, Avg: 0.0, Max: 0.0, Diff: 0.0, Sum: 0.0]
      [GC Worker Total (ms): Min: 2.0, Avg: 2.1, Max: 2.1, Diff: 0.0, Sum: 12.5]
      [GC Worker End (ms): Min: 620.9, Avg: 620.9, Max: 620.9, Diff: 0.0]
   [Code Root Fixup: 0.0 ms]
   [Code Root Purge: 0.0 ms]
   [Clear CT: 0.1 ms]
   [Other: 0.3 ms]
      [Choose CSet: 0.0 ms]
      [Ref Proc: 0.1 ms]
      [Ref Enq: 0.0 ms]
      [Redirty Cards: 0.1 ms]
      [Humongous Register: 0.1 ms]
      [Humongous Reclaim: 0.0 ms]
      [Free CSet: 0.0 ms]
   [Eden: 32.0M(32.0M)->0.0B(20.0M) Survivors: 4096.0K->5120.0K Heap: 401.8M(512.0M)->371.7M(512.0M)]
 [Times: user=0.00 sys=0.00, real=0.00 secs]
2020-10-27T23:09:53.025+0800: [GC pause (G1 Evacuation Pause) (mixed), 0.0056855 secs]
   [Parallel Time: 5.2 ms, GC Workers: 6]
      [GC Worker Start (ms): Min: 625.5, Avg: 625.5, Max: 625.5, Diff: 0.0]
      [Ext Root Scanning (ms): Min: 0.1, Avg: 0.1, Max: 0.1, Diff: 0.0, Sum: 0.7]
      [Update RS (ms): Min: 0.5, Avg: 0.5, Max: 0.5, Diff: 0.0, Sum: 2.9]
         [Processed Buffers: Min: 9, Avg: 10.0, Max: 11, Diff: 2, Sum: 60]
      [Scan RS (ms): Min: 0.0, Avg: 0.1, Max: 0.1, Diff: 0.1, Sum: 0.4]
      [Code Root Scanning (ms): Min: 0.0, Avg: 0.0, Max: 0.0, Diff: 0.0, Sum: 0.0]
      [Object Copy (ms): Min: 4.2, Avg: 4.3, Max: 4.3, Diff: 0.1, Sum: 25.5]
      [Termination (ms): Min: 0.0, Avg: 0.1, Max: 0.3, Diff: 0.3, Sum: 0.7]
         [Termination Attempts: Min: 1, Avg: 1.0, Max: 1, Diff: 0, Sum: 6]
      [GC Worker Other (ms): Min: 0.0, Avg: 0.0, Max: 0.0, Diff: 0.0, Sum: 0.0]
      [GC Worker Total (ms): Min: 5.0, Avg: 5.0, Max: 5.2, Diff: 0.3, Sum: 30.3]
      [GC Worker End (ms): Min: 630.5, Avg: 630.5, Max: 630.7, Diff: 0.2]
   [Code Root Fixup: 0.0 ms]
   [Code Root Purge: 0.0 ms]
   [Clear CT: 0.0 ms]
   [Other: 0.4 ms]
      [Choose CSet: 0.0 ms]
      [Ref Proc: 0.1 ms]
      [Ref Enq: 0.0 ms]
      [Redirty Cards: 0.1 ms]
      [Humongous Register: 0.1 ms]
      [Humongous Reclaim: 0.0 ms]
      [Free CSet: 0.1 ms]
   [Eden: 20.0M(20.0M)->0.0B(35.0M) Survivors: 5120.0K->4096.0K Heap: 398.2M(512.0M)->358.2M(512.0M)]
 [Times: user=0.00 sys=0.00, real=0.01 secs]
2020-10-27T23:09:53.033+0800: [GC pause (G1 Humongous Allocation) (young) (initial-mark), 0.0010675 secs]
   [Parallel Time: 0.6 ms, GC Workers: 6]
      [GC Worker Start (ms): Min: 633.5, Avg: 633.5, Max: 633.5, Diff: 0.0]
      [Ext Root Scanning (ms): Min: 0.1, Avg: 0.1, Max: 0.1, Diff: 0.0, Sum: 0.7]
      [Update RS (ms): Min: 0.1, Avg: 0.1, Max: 0.4, Diff: 0.3, Sum: 0.8]
         [Processed Buffers: Min: 1, Avg: 1.2, Max: 2, Diff: 1, Sum: 7]
      [Scan RS (ms): Min: 0.0, Avg: 0.0, Max: 0.0, Diff: 0.0, Sum: 0.0]
      [Code Root Scanning (ms): Min: 0.0, Avg: 0.0, Max: 0.0, Diff: 0.0, Sum: 0.0]
      [Object Copy (ms): Min: 0.1, Avg: 0.3, Max: 0.4, Diff: 0.3, Sum: 1.8]
      [Termination (ms): Min: 0.0, Avg: 0.0, Max: 0.0, Diff: 0.0, Sum: 0.1]
         [Termination Attempts: Min: 1, Avg: 1.0, Max: 1, Diff: 0, Sum: 6]
      [GC Worker Other (ms): Min: 0.0, Avg: 0.0, Max: 0.0, Diff: 0.0, Sum: 0.0]
      [GC Worker Total (ms): Min: 0.6, Avg: 0.6, Max: 0.6, Diff: 0.0, Sum: 3.5]
      [GC Worker End (ms): Min: 634.0, Avg: 634.1, Max: 634.1, Diff: 0.0]
   [Code Root Fixup: 0.0 ms]
   [Code Root Purge: 0.0 ms]
   [Clear CT: 0.1 ms]
   [Other: 0.3 ms]
      [Choose CSet: 0.0 ms]
      [Ref Proc: 0.1 ms]
      [Ref Enq: 0.0 ms]
      [Redirty Cards: 0.1 ms]
      [Humongous Register: 0.1 ms]
      [Humongous Reclaim: 0.0 ms]
      [Free CSet: 0.0 ms]
   [Eden: 3072.0K(35.0M)->0.0B(36.0M) Survivors: 4096.0K->1024.0K Heap: 360.7M(512.0M)->358.4M(512.0M)]
 [Times: user=0.00 sys=0.00, real=0.00 secs]
2020-10-27T23:09:53.036+0800: [GC concurrent-root-region-scan-start]
2020-10-27T23:09:53.036+0800: [GC concurrent-root-region-scan-end, 0.0001816 secs]
2020-10-27T23:09:53.036+0800: [GC concurrent-mark-start]
2020-10-27T23:09:53.038+0800: [GC concurrent-mark-end, 0.0013661 secs]
2020-10-27T23:09:53.038+0800: [GC remark 2020-10-27T23:09:53.038+0800: [Finalize Marking, 0.0000903 secs] 2020-10-27T23:09:53.038+0800: [GC ref-proc, 0.0001583 secs] 2020-10-27T23:09:53.038+0800: [Unloading, 0.0003794 secs], 0.0011947 secs]
 [Times: user=0.00 sys=0.00, real=0.00 secs]
2020-10-27T23:09:53.039+0800: [GC cleanup 377M->377M(512M), 0.0002951 secs]
 [Times: user=0.00 sys=0.00, real=0.00 secs]
2020-10-27T23:09:53.043+0800: [GC pause (G1 Evacuation Pause) (young), 0.0027327 secs]
   [Parallel Time: 2.3 ms, GC Workers: 6]
      [GC Worker Start (ms): Min: 642.9, Avg: 643.0, Max: 643.0, Diff: 0.0]
      [Ext Root Scanning (ms): Min: 0.1, Avg: 0.1, Max: 0.1, Diff: 0.0, Sum: 0.7]
      [Update RS (ms): Min: 0.6, Avg: 0.6, Max: 0.6, Diff: 0.0, Sum: 3.4]
         [Processed Buffers: Min: 7, Avg: 11.3, Max: 13, Diff: 6, Sum: 68]
      [Scan RS (ms): Min: 0.0, Avg: 0.0, Max: 0.0, Diff: 0.0, Sum: 0.0]
      [Code Root Scanning (ms): Min: 0.0, Avg: 0.0, Max: 0.0, Diff: 0.0, Sum: 0.0]
      [Object Copy (ms): Min: 1.2, Avg: 1.2, Max: 1.3, Diff: 0.1, Sum: 7.4]
      [Termination (ms): Min: 0.0, Avg: 0.1, Max: 0.3, Diff: 0.3, Sum: 0.9]
         [Termination Attempts: Min: 1, Avg: 1.0, Max: 1, Diff: 0, Sum: 6]
      [GC Worker Other (ms): Min: 0.0, Avg: 0.0, Max: 0.0, Diff: 0.0, Sum: 0.0]
      [GC Worker Total (ms): Min: 2.0, Avg: 2.1, Max: 2.2, Diff: 0.2, Sum: 12.5]
      [GC Worker End (ms): Min: 645.0, Avg: 645.0, Max: 645.2, Diff: 0.2]
   [Code Root Fixup: 0.0 ms]
   [Code Root Purge: 0.0 ms]
   [Clear CT: 0.0 ms]
   [Other: 0.4 ms]
      [Choose CSet: 0.0 ms]
      [Ref Proc: 0.1 ms]
      [Ref Enq: 0.0 ms]
      [Redirty Cards: 0.0 ms]
      [Humongous Register: 0.1 ms]
      [Humongous Reclaim: 0.0 ms]
      [Free CSet: 0.0 ms]
   [Eden: 36.0M(36.0M)->0.0B(20.0M) Survivors: 1024.0K->5120.0K Heap: 406.8M(512.0M)->373.4M(512.0M)]
 [Times: user=0.00 sys=0.00, real=0.00 secs]
2020-10-27T23:09:53.051+0800: [GC pause (G1 Evacuation Pause) (mixed), 0.0053002 secs]
   [Parallel Time: 4.8 ms, GC Workers: 6]
      [GC Worker Start (ms): Min: 650.7, Avg: 650.8, Max: 650.8, Diff: 0.1]
      [Ext Root Scanning (ms): Min: 0.1, Avg: 0.1, Max: 0.1, Diff: 0.1, Sum: 0.7]
      [Update RS (ms): Min: 0.8, Avg: 0.8, Max: 0.8, Diff: 0.0, Sum: 4.7]
         [Processed Buffers: Min: 15, Avg: 16.0, Max: 17, Diff: 2, Sum: 96]
      [Scan RS (ms): Min: 0.0, Avg: 0.0, Max: 0.0, Diff: 0.0, Sum: 0.1]
      [Code Root Scanning (ms): Min: 0.0, Avg: 0.0, Max: 0.0, Diff: 0.0, Sum: 0.0]
      [Object Copy (ms): Min: 3.8, Avg: 3.8, Max: 3.8, Diff: 0.0, Sum: 22.7]
      [Termination (ms): Min: 0.0, Avg: 0.0, Max: 0.0, Diff: 0.0, Sum: 0.1]
         [Termination Attempts: Min: 1, Avg: 1.0, Max: 1, Diff: 0, Sum: 6]
      [GC Worker Other (ms): Min: 0.0, Avg: 0.0, Max: 0.0, Diff: 0.0, Sum: 0.0]
      [GC Worker Total (ms): Min: 4.7, Avg: 4.7, Max: 4.8, Diff: 0.1, Sum: 28.4]
      [GC Worker End (ms): Min: 655.5, Avg: 655.5, Max: 655.5, Diff: 0.0]
   [Code Root Fixup: 0.0 ms]
   [Code Root Purge: 0.0 ms]
   [Clear CT: 0.1 ms]
   [Other: 0.4 ms]
      [Choose CSet: 0.0 ms]
      [Ref Proc: 0.1 ms]
      [Ref Enq: 0.0 ms]
      [Redirty Cards: 0.1 ms]
      [Humongous Register: 0.1 ms]
      [Humongous Reclaim: 0.0 ms]
      [Free CSet: 0.0 ms]
   [Eden: 20.0M(20.0M)->0.0B(32.0M) Survivors: 5120.0K->4096.0K Heap: 404.7M(512.0M)->363.6M(512.0M)]
 [Times: user=0.00 sys=0.02, real=0.01 secs]
2020-10-27T23:09:53.058+0800: [GC pause (G1 Humongous Allocation) (young) (initial-mark), 0.0011392 secs]
   [Parallel Time: 0.7 ms, GC Workers: 6]
      [GC Worker Start (ms): Min: 658.3, Avg: 658.4, Max: 658.4, Diff: 0.0]
      [Ext Root Scanning (ms): Min: 0.1, Avg: 0.1, Max: 0.1, Diff: 0.0, Sum: 0.7]
      [Update RS (ms): Min: 0.0, Avg: 0.1, Max: 0.1, Diff: 0.0, Sum: 0.3]
         [Processed Buffers: Min: 1, Avg: 1.2, Max: 2, Diff: 1, Sum: 7]
      [Scan RS (ms): Min: 0.0, Avg: 0.0, Max: 0.0, Diff: 0.0, Sum: 0.0]
      [Code Root Scanning (ms): Min: 0.0, Avg: 0.0, Max: 0.0, Diff: 0.0, Sum: 0.0]
      [Object Copy (ms): Min: 0.4, Avg: 0.4, Max: 0.5, Diff: 0.0, Sum: 2.6]
      [Termination (ms): Min: 0.0, Avg: 0.0, Max: 0.1, Diff: 0.1, Sum: 0.2]
         [Termination Attempts: Min: 1, Avg: 1.0, Max: 1, Diff: 0, Sum: 6]
      [GC Worker Other (ms): Min: 0.0, Avg: 0.0, Max: 0.0, Diff: 0.0, Sum: 0.0]
      [GC Worker Total (ms): Min: 0.6, Avg: 0.6, Max: 0.7, Diff: 0.0, Sum: 3.8]
      [GC Worker End (ms): Min: 659.0, Avg: 659.0, Max: 659.0, Diff: 0.0]
   [Code Root Fixup: 0.0 ms]
   [Code Root Purge: 0.0 ms]
   [Clear CT: 0.1 ms]
   [Other: 0.3 ms]
      [Choose CSet: 0.0 ms]
      [Ref Proc: 0.1 ms]
      [Ref Enq: 0.0 ms]
      [Redirty Cards: 0.1 ms]
      [Humongous Register: 0.1 ms]
      [Humongous Reclaim: 0.0 ms]
      [Free CSet: 0.0 ms]
   [Eden: 5120.0K(32.0M)->0.0B(32.0M) Survivors: 4096.0K->1024.0K Heap: 368.3M(512.0M)->364.5M(512.0M)]
 [Times: user=0.00 sys=0.00, real=0.00 secs]
2020-10-27T23:09:53.061+0800: [GC concurrent-root-region-scan-start]
2020-10-27T23:09:53.061+0800: [GC concurrent-root-region-scan-end, 0.0002593 secs]
2020-10-27T23:09:53.061+0800: [GC concurrent-mark-start]
2020-10-27T23:09:53.063+0800: [GC concurrent-mark-end, 0.0017403 secs]
2020-10-27T23:09:53.063+0800: [GC remark 2020-10-27T23:09:53.064+0800: [Finalize Marking, 0.0001744 secs] 2020-10-27T23:09:53.064+0800: [GC ref-proc, 0.0001616 secs] 2020-10-27T23:09:53.064+0800: [Unloading, 0.0005184 secs], 0.0015304 secs]
 [Times: user=0.00 sys=0.00, real=0.00 secs]
2020-10-27T23:09:53.065+0800: [GC cleanup 381M->381M(512M), 0.0004601 secs]
 [Times: user=0.00 sys=0.00, real=0.00 secs]
2020-10-27T23:09:53.069+0800: [GC pause (G1 Evacuation Pause) (young), 0.0025352 secs]
   [Parallel Time: 2.0 ms, GC Workers: 6]
      [GC Worker Start (ms): Min: 668.8, Avg: 668.9, Max: 668.9, Diff: 0.1]
      [Ext Root Scanning (ms): Min: 0.1, Avg: 0.1, Max: 0.1, Diff: 0.1, Sum: 0.7]
      [Update RS (ms): Min: 0.8, Avg: 0.8, Max: 0.8, Diff: 0.0, Sum: 4.7]
         [Processed Buffers: Min: 15, Avg: 16.0, Max: 17, Diff: 2, Sum: 96]
      [Scan RS (ms): Min: 0.0, Avg: 0.0, Max: 0.0, Diff: 0.0, Sum: 0.0]
      [Code Root Scanning (ms): Min: 0.0, Avg: 0.0, Max: 0.0, Diff: 0.0, Sum: 0.0]
      [Object Copy (ms): Min: 1.0, Avg: 1.0, Max: 1.1, Diff: 0.1, Sum: 6.2]
      [Termination (ms): Min: 0.0, Avg: 0.0, Max: 0.1, Diff: 0.1, Sum: 0.2]
         [Termination Attempts: Min: 1, Avg: 1.0, Max: 1, Diff: 0, Sum: 6]
      [GC Worker Other (ms): Min: 0.0, Avg: 0.0, Max: 0.0, Diff: 0.0, Sum: 0.0]
      [GC Worker Total (ms): Min: 1.9, Avg: 2.0, Max: 2.0, Diff: 0.1, Sum: 11.9]
      [GC Worker End (ms): Min: 670.8, Avg: 670.8, Max: 670.8, Diff: 0.0]
   [Code Root Fixup: 0.0 ms]
   [Code Root Purge: 0.0 ms]
   [Clear CT: 0.1 ms]
   [Other: 0.4 ms]
      [Choose CSet: 0.0 ms]
      [Ref Proc: 0.1 ms]
      [Ref Enq: 0.0 ms]
      [Redirty Cards: 0.1 ms]
      [Humongous Register: 0.1 ms]
      [Humongous Reclaim: 0.0 ms]
      [Free CSet: 0.0 ms]
   [Eden: 32.0M(32.0M)->0.0B(20.0M) Survivors: 1024.0K->5120.0K Heap: 407.5M(512.0M)->378.4M(512.0M)]
 [Times: user=0.00 sys=0.00, real=0.00 secs]
2020-10-27T23:09:53.075+0800: [GC pause (G1 Evacuation Pause) (mixed), 0.0058526 secs]
   [Parallel Time: 5.4 ms, GC Workers: 6]
      [GC Worker Start (ms): Min: 675.2, Avg: 675.2, Max: 675.3, Diff: 0.0]
      [Ext Root Scanning (ms): Min: 0.1, Avg: 0.1, Max: 0.1, Diff: 0.0, Sum: 0.7]
      [Update RS (ms): Min: 0.5, Avg: 0.5, Max: 0.5, Diff: 0.0, Sum: 2.9]
         [Processed Buffers: Min: 9, Avg: 10.2, Max: 11, Diff: 2, Sum: 61]
      [Scan RS (ms): Min: 0.0, Avg: 0.0, Max: 0.0, Diff: 0.0, Sum: 0.1]
      [Code Root Scanning (ms): Min: 0.0, Avg: 0.0, Max: 0.0, Diff: 0.0, Sum: 0.0]
      [Object Copy (ms): Min: 4.6, Avg: 4.6, Max: 4.6, Diff: 0.1, Sum: 27.5]
      [Termination (ms): Min: 0.0, Avg: 0.1, Max: 0.2, Diff: 0.2, Sum: 0.7]
         [Termination Attempts: Min: 1, Avg: 1.0, Max: 1, Diff: 0, Sum: 6]
      [GC Worker Other (ms): Min: 0.0, Avg: 0.0, Max: 0.0, Diff: 0.0, Sum: 0.0]
      [GC Worker Total (ms): Min: 5.2, Avg: 5.3, Max: 5.4, Diff: 0.2, Sum: 31.9]
      [GC Worker End (ms): Min: 680.5, Avg: 680.6, Max: 680.6, Diff: 0.1]
   [Code Root Fixup: 0.0 ms]
   [Code Root Purge: 0.0 ms]
   [Clear CT: 0.1 ms]
   [Other: 0.4 ms]
      [Choose CSet: 0.0 ms]
      [Ref Proc: 0.1 ms]
      [Ref Enq: 0.0 ms]
      [Redirty Cards: 0.0 ms]
      [Humongous Register: 0.1 ms]
      [Humongous Reclaim: 0.0 ms]
      [Free CSet: 0.1 ms]
   [Eden: 20.0M(20.0M)->0.0B(21.0M) Survivors: 5120.0K->4096.0K Heap: 405.0M(512.0M)->368.0M(512.0M)]
 [Times: user=0.00 sys=0.00, real=0.01 secs]
2020-10-27T23:09:53.085+0800: [GC pause (G1 Evacuation Pause) (mixed), 0.0018302 secs]
   [Parallel Time: 1.4 ms, GC Workers: 6]
      [GC Worker Start (ms): Min: 685.6, Avg: 685.6, Max: 685.6, Diff: 0.1]
      [Ext Root Scanning (ms): Min: 0.1, Avg: 0.1, Max: 0.1, Diff: 0.1, Sum: 0.7]
      [Update RS (ms): Min: 0.3, Avg: 0.3, Max: 0.4, Diff: 0.0, Sum: 2.1]
         [Processed Buffers: Min: 6, Avg: 7.0, Max: 8, Diff: 2, Sum: 42]
      [Scan RS (ms): Min: 0.0, Avg: 0.0, Max: 0.0, Diff: 0.0, Sum: 0.0]
      [Code Root Scanning (ms): Min: 0.0, Avg: 0.0, Max: 0.0, Diff: 0.0, Sum: 0.0]
      [Object Copy (ms): Min: 0.8, Avg: 0.9, Max: 0.9, Diff: 0.0, Sum: 5.1]
      [Termination (ms): Min: 0.0, Avg: 0.0, Max: 0.1, Diff: 0.1, Sum: 0.2]
         [Termination Attempts: Min: 1, Avg: 1.0, Max: 1, Diff: 0, Sum: 6]
      [GC Worker Other (ms): Min: 0.0, Avg: 0.0, Max: 0.0, Diff: 0.0, Sum: 0.0]
      [GC Worker Total (ms): Min: 1.3, Avg: 1.3, Max: 1.4, Diff: 0.1, Sum: 8.1]
      [GC Worker End (ms): Min: 686.9, Avg: 686.9, Max: 686.9, Diff: 0.0]
   [Code Root Fixup: 0.0 ms]
   [Code Root Purge: 0.0 ms]
   [Clear CT: 0.0 ms]
   [Other: 0.4 ms]
      [Choose CSet: 0.0 ms]
      [Ref Proc: 0.1 ms]
      [Ref Enq: 0.0 ms]
      [Redirty Cards: 0.1 ms]
      [Humongous Register: 0.1 ms]
      [Humongous Reclaim: 0.0 ms]
      [Free CSet: 0.0 ms]
   [Eden: 21.0M(21.0M)->0.0B(24.0M) Survivors: 4096.0K->4096.0K Heap: 393.3M(512.0M)->372.9M(512.0M)]
 [Times: user=0.00 sys=0.00, real=0.00 secs]
2020-10-27T23:09:53.090+0800: [GC pause (G1 Humongous Allocation) (young) (initial-mark), 0.0010090 secs]
   [Parallel Time: 0.6 ms, GC Workers: 6]
      [GC Worker Start (ms): Min: 689.7, Avg: 689.7, Max: 689.7, Diff: 0.0]
      [Ext Root Scanning (ms): Min: 0.1, Avg: 0.1, Max: 0.2, Diff: 0.0, Sum: 0.7]
      [Update RS (ms): Min: 0.0, Avg: 0.0, Max: 0.1, Diff: 0.0, Sum: 0.2]
         [Processed Buffers: Min: 1, Avg: 1.2, Max: 2, Diff: 1, Sum: 7]
      [Scan RS (ms): Min: 0.0, Avg: 0.0, Max: 0.0, Diff: 0.0, Sum: 0.0]
      [Code Root Scanning (ms): Min: 0.0, Avg: 0.0, Max: 0.0, Diff: 0.0, Sum: 0.0]
      [Object Copy (ms): Min: 0.3, Avg: 0.4, Max: 0.4, Diff: 0.0, Sum: 2.2]
      [Termination (ms): Min: 0.0, Avg: 0.0, Max: 0.1, Diff: 0.1, Sum: 0.2]
         [Termination Attempts: Min: 1, Avg: 1.0, Max: 1, Diff: 0, Sum: 6]
      [GC Worker Other (ms): Min: 0.0, Avg: 0.0, Max: 0.0, Diff: 0.0, Sum: 0.0]
      [GC Worker Total (ms): Min: 0.6, Avg: 0.6, Max: 0.6, Diff: 0.0, Sum: 3.4]
      [GC Worker End (ms): Min: 690.3, Avg: 690.3, Max: 690.3, Diff: 0.0]
   [Code Root Fixup: 0.0 ms]
   [Code Root Purge: 0.0 ms]
   [Clear CT: 0.1 ms]
   [Other: 0.3 ms]
      [Choose CSet: 0.0 ms]
      [Ref Proc: 0.1 ms]
      [Ref Enq: 0.0 ms]
      [Redirty Cards: 0.1 ms]
      [Humongous Register: 0.1 ms]
      [Humongous Reclaim: 0.0 ms]
      [Free CSet: 0.0 ms]
   [Eden: 6144.0K(24.0M)->0.0B(26.0M) Survivors: 4096.0K->1024.0K Heap: 378.2M(512.0M)->372.4M(512.0M)]
 [Times: user=0.00 sys=0.00, real=0.00 secs]
2020-10-27T23:09:53.092+0800: [GC concurrent-root-region-scan-start]
2020-10-27T23:09:53.093+0800: [GC concurrent-root-region-scan-end, 0.0001877 secs]
2020-10-27T23:09:53.093+0800: [GC concurrent-mark-start]
2020-10-27T23:09:53.094+0800: [GC concurrent-mark-end, 0.0013613 secs]
2020-10-27T23:09:53.094+0800: [GC remark 2020-10-27T23:09:53.094+0800: [Finalize Marking, 0.0001486 secs] 2020-10-27T23:09:53.095+0800: [GC ref-proc, 0.0001742 secs] 2020-10-27T23:09:53.095+0800: [Unloading, 0.0005013 secs], 0.0016176 secs]
 [Times: user=0.00 sys=0.00, real=0.00 secs]
2020-10-27T23:09:53.096+0800: [GC cleanup 387M->387M(512M), 0.0004137 secs]
 [Times: user=0.00 sys=0.00, real=0.00 secs]
2020-10-27T23:09:53.100+0800: [GC pause (G1 Evacuation Pause) (young), 0.0019540 secs]
   [Parallel Time: 1.5 ms, GC Workers: 6]
      [GC Worker Start (ms): Min: 699.6, Avg: 699.7, Max: 699.7, Diff: 0.0]
      [Ext Root Scanning (ms): Min: 0.1, Avg: 0.1, Max: 0.2, Diff: 0.0, Sum: 0.7]
      [Update RS (ms): Min: 0.6, Avg: 0.6, Max: 0.6, Diff: 0.0, Sum: 3.5]
         [Processed Buffers: Min: 11, Avg: 11.8, Max: 13, Diff: 2, Sum: 71]
      [Scan RS (ms): Min: 0.0, Avg: 0.0, Max: 0.0, Diff: 0.0, Sum: 0.0]
      [Code Root Scanning (ms): Min: 0.0, Avg: 0.0, Max: 0.0, Diff: 0.0, Sum: 0.0]
      [Object Copy (ms): Min: 0.7, Avg: 0.7, Max: 0.7, Diff: 0.0, Sum: 4.1]
      [Termination (ms): Min: 0.0, Avg: 0.0, Max: 0.1, Diff: 0.1, Sum: 0.1]
         [Termination Attempts: Min: 1, Avg: 1.0, Max: 1, Diff: 0, Sum: 6]
      [GC Worker Other (ms): Min: 0.0, Avg: 0.0, Max: 0.0, Diff: 0.0, Sum: 0.0]
      [GC Worker Total (ms): Min: 1.4, Avg: 1.4, Max: 1.5, Diff: 0.1, Sum: 8.5]
      [GC Worker End (ms): Min: 701.1, Avg: 701.1, Max: 701.1, Diff: 0.0]
   [Code Root Fixup: 0.0 ms]
   [Code Root Purge: 0.0 ms]
   [Clear CT: 0.1 ms]
   [Other: 0.4 ms]
      [Choose CSet: 0.0 ms]
      [Ref Proc: 0.1 ms]
      [Ref Enq: 0.0 ms]
      [Redirty Cards: 0.1 ms]
      [Humongous Register: 0.1 ms]
      [Humongous Reclaim: 0.0 ms]
      [Free CSet: 0.0 ms]
   [Eden: 26.0M(26.0M)->0.0B(21.0M) Survivors: 1024.0K->4096.0K Heap: 406.3M(512.0M)->378.4M(512.0M)]
 [Times: user=0.00 sys=0.00, real=0.00 secs]
2020-10-27T23:09:53.106+0800: [GC pause (G1 Evacuation Pause) (mixed), 0.0054037 secs]
   [Parallel Time: 4.9 ms, GC Workers: 6]
      [GC Worker Start (ms): Min: 706.2, Avg: 706.3, Max: 706.3, Diff: 0.0]
      [Ext Root Scanning (ms): Min: 0.1, Avg: 0.1, Max: 0.1, Diff: 0.0, Sum: 0.7]
      [Update RS (ms): Min: 0.5, Avg: 0.5, Max: 0.5, Diff: 0.0, Sum: 2.9]
         [Processed Buffers: Min: 10, Avg: 10.2, Max: 11, Diff: 1, Sum: 61]
      [Scan RS (ms): Min: 0.0, Avg: 0.0, Max: 0.0, Diff: 0.0, Sum: 0.1]
      [Code Root Scanning (ms): Min: 0.0, Avg: 0.0, Max: 0.0, Diff: 0.0, Sum: 0.0]
      [Object Copy (ms): Min: 3.8, Avg: 3.8, Max: 3.8, Diff: 0.1, Sum: 22.7]
      [Termination (ms): Min: 0.0, Avg: 0.2, Max: 0.5, Diff: 0.5, Sum: 1.5]
         [Termination Attempts: Min: 1, Avg: 1.0, Max: 1, Diff: 0, Sum: 6]
      [GC Worker Other (ms): Min: 0.0, Avg: 0.0, Max: 0.0, Diff: 0.0, Sum: 0.0]
      [GC Worker Total (ms): Min: 4.4, Avg: 4.7, Max: 4.9, Diff: 0.4, Sum: 28.0]
      [GC Worker End (ms): Min: 710.7, Avg: 710.9, Max: 711.1, Diff: 0.4]
   [Code Root Fixup: 0.0 ms]
   [Code Root Purge: 0.0 ms]
   [Clear CT: 0.1 ms]
   [Other: 0.4 ms]
      [Choose CSet: 0.0 ms]
      [Ref Proc: 0.1 ms]
      [Ref Enq: 0.0 ms]
      [Redirty Cards: 0.1 ms]
      [Humongous Register: 0.1 ms]
      [Humongous Reclaim: 0.0 ms]
      [Free CSet: 0.1 ms]
   [Eden: 21.0M(21.0M)->0.0B(21.0M) Survivors: 4096.0K->4096.0K Heap: 406.1M(512.0M)->364.6M(512.0M)]
 [Times: user=0.00 sys=0.00, real=0.01 secs]
2020-10-27T23:09:53.116+0800: [GC pause (G1 Evacuation Pause) (mixed), 0.0028265 secs]
   [Parallel Time: 2.3 ms, GC Workers: 6]
      [GC Worker Start (ms): Min: 716.2, Avg: 716.2, Max: 716.2, Diff: 0.0]
      [Ext Root Scanning (ms): Min: 0.1, Avg: 0.1, Max: 0.1, Diff: 0.0, Sum: 0.7]
      [Update RS (ms): Min: 0.3, Avg: 0.4, Max: 0.4, Diff: 0.1, Sum: 2.2]
         [Processed Buffers: Min: 7, Avg: 7.3, Max: 8, Diff: 1, Sum: 44]
      [Scan RS (ms): Min: 0.0, Avg: 0.0, Max: 0.0, Diff: 0.0, Sum: 0.0]
      [Code Root Scanning (ms): Min: 0.0, Avg: 0.0, Max: 0.0, Diff: 0.0, Sum: 0.0]
      [Object Copy (ms): Min: 1.7, Avg: 1.7, Max: 1.8, Diff: 0.1, Sum: 10.4]
      [Termination (ms): Min: 0.0, Avg: 0.0, Max: 0.1, Diff: 0.1, Sum: 0.2]
         [Termination Attempts: Min: 1, Avg: 1.0, Max: 1, Diff: 0, Sum: 6]
      [GC Worker Other (ms): Min: 0.0, Avg: 0.0, Max: 0.0, Diff: 0.0, Sum: 0.0]
      [GC Worker Total (ms): Min: 2.3, Avg: 2.3, Max: 2.3, Diff: 0.0, Sum: 13.6]
      [GC Worker End (ms): Min: 718.5, Avg: 718.5, Max: 718.5, Diff: 0.0]
   [Code Root Fixup: 0.0 ms]
   [Code Root Purge: 0.0 ms]
   [Clear CT: 0.1 ms]
   [Other: 0.4 ms]
      [Choose CSet: 0.0 ms]
      [Ref Proc: 0.1 ms]
      [Ref Enq: 0.0 ms]
      [Redirty Cards: 0.1 ms]
      [Humongous Register: 0.1 ms]
      [Humongous Reclaim: 0.0 ms]
      [Free CSet: 0.0 ms]
   [Eden: 21.0M(21.0M)->0.0B(30.0M) Survivors: 4096.0K->4096.0K Heap: 390.1M(512.0M)->366.9M(512.0M)]
 [Times: user=0.09 sys=0.00, real=0.01 secs]
2020-10-27T23:09:53.121+0800: [GC pause (G1 Humongous Allocation) (young) (initial-mark), 0.0009281 secs]
   [Parallel Time: 0.5 ms, GC Workers: 6]
      [GC Worker Start (ms): Min: 720.7, Avg: 720.8, Max: 720.8, Diff: 0.0]
      [Ext Root Scanning (ms): Min: 0.1, Avg: 0.1, Max: 0.1, Diff: 0.0, Sum: 0.6]
      [Update RS (ms): Min: 0.0, Avg: 0.0, Max: 0.0, Diff: 0.0, Sum: 0.2]
         [Processed Buffers: Min: 1, Avg: 1.2, Max: 2, Diff: 1, Sum: 7]
      [Scan RS (ms): Min: 0.0, Avg: 0.0, Max: 0.0, Diff: 0.0, Sum: 0.0]
      [Code Root Scanning (ms): Min: 0.0, Avg: 0.0, Max: 0.0, Diff: 0.0, Sum: 0.0]
      [Object Copy (ms): Min: 0.3, Avg: 0.3, Max: 0.3, Diff: 0.0, Sum: 1.7]
      [Termination (ms): Min: 0.0, Avg: 0.0, Max: 0.0, Diff: 0.0, Sum: 0.2]
         [Termination Attempts: Min: 1, Avg: 1.0, Max: 1, Diff: 0, Sum: 6]
      [GC Worker Other (ms): Min: 0.0, Avg: 0.0, Max: 0.0, Diff: 0.0, Sum: 0.0]
      [GC Worker Total (ms): Min: 0.4, Avg: 0.5, Max: 0.5, Diff: 0.0, Sum: 2.7]
      [GC Worker End (ms): Min: 721.2, Avg: 721.2, Max: 721.2, Diff: 0.0]
   [Code Root Fixup: 0.0 ms]
   [Code Root Purge: 0.0 ms]
   [Clear CT: 0.1 ms]
   [Other: 0.3 ms]
      [Choose CSet: 0.0 ms]
      [Ref Proc: 0.1 ms]
      [Ref Enq: 0.0 ms]
      [Redirty Cards: 0.1 ms]
      [Humongous Register: 0.1 ms]
      [Humongous Reclaim: 0.0 ms]
      [Free CSet: 0.0 ms]
   [Eden: 1024.0K(30.0M)->0.0B(33.0M) Survivors: 4096.0K->0.0B Heap: 367.7M(512.0M)->366.5M(512.0M)]
 [Times: user=0.00 sys=0.00, real=0.00 secs]
2020-10-27T23:09:53.123+0800: [GC concurrent-root-region-scan-start]
2020-10-27T23:09:53.123+0800: [GC concurrent-root-region-scan-end, 0.0000983 secs]
2020-10-27T23:09:53.124+0800: [GC concurrent-mark-start]
2020-10-27T23:09:53.125+0800: [GC concurrent-mark-end, 0.0014736 secs]
2020-10-27T23:09:53.125+0800: [GC remark 2020-10-27T23:09:53.125+0800: [Finalize Marking, 0.0001134 secs] 2020-10-27T23:09:53.125+0800: [GC ref-proc, 0.0001716 secs] 2020-10-27T23:09:53.126+0800: [Unloading, 0.0004020 secs], 0.0013171 secs]
 [Times: user=0.00 sys=0.00, real=0.00 secs]
2020-10-27T23:09:53.127+0800: [GC cleanup 384M->384M(512M), 0.0003475 secs]
 [Times: user=0.00 sys=0.00, real=0.00 secs]
2020-10-27T23:09:53.131+0800: [GC pause (G1 Evacuation Pause) (young), 0.0023471 secs]
   [Parallel Time: 1.9 ms, GC Workers: 6]
      [GC Worker Start (ms): Min: 731.1, Avg: 731.1, Max: 731.1, Diff: 0.0]
      [Ext Root Scanning (ms): Min: 0.1, Avg: 0.1, Max: 0.1, Diff: 0.0, Sum: 0.7]
      [Update RS (ms): Min: 0.5, Avg: 0.5, Max: 0.5, Diff: 0.0, Sum: 3.1]
         [Processed Buffers: Min: 10, Avg: 11.0, Max: 12, Diff: 2, Sum: 66]
      [Scan RS (ms): Min: 0.0, Avg: 0.0, Max: 0.0, Diff: 0.0, Sum: 0.0]
      [Code Root Scanning (ms): Min: 0.0, Avg: 0.0, Max: 0.0, Diff: 0.0, Sum: 0.0]
      [Object Copy (ms): Min: 1.1, Avg: 1.2, Max: 1.2, Diff: 0.1, Sum: 6.9]
      [Termination (ms): Min: 0.0, Avg: 0.0, Max: 0.1, Diff: 0.1, Sum: 0.2]
         [Termination Attempts: Min: 1, Avg: 1.0, Max: 1, Diff: 0, Sum: 6]
      [GC Worker Other (ms): Min: 0.0, Avg: 0.0, Max: 0.0, Diff: 0.0, Sum: 0.0]
      [GC Worker Total (ms): Min: 1.8, Avg: 1.8, Max: 1.9, Diff: 0.0, Sum: 11.1]
      [GC Worker End (ms): Min: 732.9, Avg: 732.9, Max: 732.9, Diff: 0.0]
   [Code Root Fixup: 0.0 ms]
   [Code Root Purge: 0.0 ms]
   [Clear CT: 0.0 ms]
   [Other: 0.4 ms]
      [Choose CSet: 0.0 ms]
      [Ref Proc: 0.0 ms]
      [Ref Enq: 0.0 ms]
      [Redirty Cards: 0.1 ms]
      [Humongous Register: 0.1 ms]
      [Humongous Reclaim: 0.0 ms]
      [Free CSet: 0.0 ms]
   [Eden: 33.0M(33.0M)->0.0B(20.0M) Survivors: 0.0B->5120.0K Heap: 406.6M(512.0M)->379.0M(512.0M)]
 [Times: user=0.00 sys=0.00, real=0.00 secs]
2020-10-27T23:09:53.138+0800: [GC pause (G1 Evacuation Pause) (mixed), 0.0043757 secs]
   [Parallel Time: 3.9 ms, GC Workers: 6]
      [GC Worker Start (ms): Min: 737.8, Avg: 737.9, Max: 737.9, Diff: 0.0]
      [Ext Root Scanning (ms): Min: 0.1, Avg: 0.1, Max: 0.1, Diff: 0.0, Sum: 0.7]
      [Update RS (ms): Min: 0.5, Avg: 0.6, Max: 0.6, Diff: 0.1, Sum: 3.4]
         [Processed Buffers: Min: 11, Avg: 11.5, Max: 12, Diff: 1, Sum: 69]
      [Scan RS (ms): Min: 0.0, Avg: 0.0, Max: 0.0, Diff: 0.0, Sum: 0.1]
      [Code Root Scanning (ms): Min: 0.0, Avg: 0.0, Max: 0.0, Diff: 0.0, Sum: 0.0]
      [Object Copy (ms): Min: 3.0, Avg: 3.1, Max: 3.1, Diff: 0.1, Sum: 18.3]
      [Termination (ms): Min: 0.0, Avg: 0.1, Max: 0.1, Diff: 0.1, Sum: 0.3]
         [Termination Attempts: Min: 1, Avg: 1.0, Max: 1, Diff: 0, Sum: 6]
      [GC Worker Other (ms): Min: 0.0, Avg: 0.0, Max: 0.0, Diff: 0.0, Sum: 0.0]
      [GC Worker Total (ms): Min: 3.8, Avg: 3.8, Max: 3.8, Diff: 0.0, Sum: 22.9]
      [GC Worker End (ms): Min: 741.7, Avg: 741.7, Max: 741.7, Diff: 0.0]
   [Code Root Fixup: 0.0 ms]
   [Code Root Purge: 0.0 ms]
   [Clear CT: 0.1 ms]
   [Other: 0.4 ms]
      [Choose CSet: 0.0 ms]
      [Ref Proc: 0.1 ms]
      [Ref Enq: 0.0 ms]
      [Redirty Cards: 0.1 ms]
      [Humongous Register: 0.1 ms]
      [Humongous Reclaim: 0.0 ms]
      [Free CSet: 0.0 ms]
   [Eden: 20.0M(20.0M)->0.0B(28.0M) Survivors: 5120.0K->4096.0K Heap: 406.7M(512.0M)->367.4M(512.0M)]
 [Times: user=0.00 sys=0.00, real=0.01 secs]
2020-10-27T23:09:53.144+0800: [GC pause (G1 Humongous Allocation) (young) (initial-mark), 0.0011068 secs]
   [Parallel Time: 0.7 ms, GC Workers: 6]
      [GC Worker Start (ms): Min: 744.3, Avg: 744.4, Max: 744.5, Diff: 0.2]
      [Ext Root Scanning (ms): Min: 0.0, Avg: 0.3, Max: 0.5, Diff: 0.5, Sum: 1.6]
      [Update RS (ms): Min: 0.0, Avg: 0.1, Max: 0.1, Diff: 0.1, Sum: 0.3]
         [Processed Buffers: Min: 0, Avg: 1.2, Max: 3, Diff: 3, Sum: 7]
      [Scan RS (ms): Min: 0.0, Avg: 0.0, Max: 0.0, Diff: 0.0, Sum: 0.0]
      [Code Root Scanning (ms): Min: 0.0, Avg: 0.0, Max: 0.0, Diff: 0.0, Sum: 0.0]
      [Object Copy (ms): Min: 0.0, Avg: 0.3, Max: 0.4, Diff: 0.4, Sum: 1.5]
      [Termination (ms): Min: 0.0, Avg: 0.0, Max: 0.1, Diff: 0.1, Sum: 0.2]
         [Termination Attempts: Min: 1, Avg: 1.0, Max: 1, Diff: 0, Sum: 6]
      [GC Worker Other (ms): Min: 0.0, Avg: 0.0, Max: 0.0, Diff: 0.0, Sum: 0.0]
      [GC Worker Total (ms): Min: 0.5, Avg: 0.6, Max: 0.7, Diff: 0.2, Sum: 3.6]
      [GC Worker End (ms): Min: 745.0, Avg: 745.0, Max: 745.0, Diff: 0.0]
   [Code Root Fixup: 0.0 ms]
   [Code Root Purge: 0.0 ms]
   [Clear CT: 0.0 ms]
   [Other: 0.3 ms]
      [Choose CSet: 0.0 ms]
      [Ref Proc: 0.1 ms]
      [Ref Enq: 0.0 ms]
      [Redirty Cards: 0.0 ms]
      [Humongous Register: 0.1 ms]
      [Humongous Reclaim: 0.0 ms]
      [Free CSet: 0.0 ms]
   [Eden: 2048.0K(28.0M)->0.0B(28.0M) Survivors: 4096.0K->1024.0K Heap: 368.9M(512.0M)->367.5M(512.0M)]
 [Times: user=0.00 sys=0.00, real=0.00 secs]
2020-10-27T23:09:53.148+0800: [GC concurrent-root-region-scan-start]
2020-10-27T23:09:53.148+0800: [GC concurrent-root-region-scan-end, 0.0001944 secs]
2020-10-27T23:09:53.148+0800: [GC concurrent-mark-start]
2020-10-27T23:09:53.149+0800: [GC concurrent-mark-end, 0.0013588 secs]
2020-10-27T23:09:53.150+0800: [GC remark 2020-10-27T23:09:53.150+0800: [Finalize Marking, 0.0001273 secs] 2020-10-27T23:09:53.150+0800: [GC ref-proc, 0.0001592 secs] 2020-10-27T23:09:53.150+0800: [Unloading, 0.0004123 secs], 0.0013438 secs]
 [Times: user=0.00 sys=0.00, real=0.00 secs]
2020-10-27T23:09:53.151+0800: [GC cleanup 386M->386M(512M), 0.0003032 secs]
 [Times: user=0.00 sys=0.00, real=0.00 secs]
2020-10-27T23:09:53.154+0800: [GC pause (G1 Evacuation Pause) (young), 0.0021565 secs]
   [Parallel Time: 1.8 ms, GC Workers: 6]
      [GC Worker Start (ms): Min: 753.7, Avg: 753.8, Max: 753.8, Diff: 0.0]
      [Ext Root Scanning (ms): Min: 0.1, Avg: 0.1, Max: 0.1, Diff: 0.0, Sum: 0.7]
      [Update RS (ms): Min: 0.7, Avg: 0.7, Max: 0.7, Diff: 0.0, Sum: 4.2]
         [Processed Buffers: Min: 13, Avg: 14.7, Max: 17, Diff: 4, Sum: 88]
      [Scan RS (ms): Min: 0.0, Avg: 0.0, Max: 0.0, Diff: 0.0, Sum: 0.0]
      [Code Root Scanning (ms): Min: 0.0, Avg: 0.0, Max: 0.0, Diff: 0.0, Sum: 0.0]
      [Object Copy (ms): Min: 0.8, Avg: 0.8, Max: 0.9, Diff: 0.1, Sum: 4.9]
      [Termination (ms): Min: 0.0, Avg: 0.1, Max: 0.1, Diff: 0.1, Sum: 0.4]
         [Termination Attempts: Min: 1, Avg: 1.0, Max: 1, Diff: 0, Sum: 6]
      [GC Worker Other (ms): Min: 0.0, Avg: 0.0, Max: 0.0, Diff: 0.0, Sum: 0.0]
      [GC Worker Total (ms): Min: 1.7, Avg: 1.7, Max: 1.7, Diff: 0.0, Sum: 10.3]
      [GC Worker End (ms): Min: 755.5, Avg: 755.5, Max: 755.5, Diff: 0.0]
   [Code Root Fixup: 0.0 ms]
   [Code Root Purge: 0.0 ms]
   [Clear CT: 0.1 ms]
   [Other: 0.3 ms]
      [Choose CSet: 0.0 ms]
      [Ref Proc: 0.0 ms]
      [Ref Enq: 0.0 ms]
      [Redirty Cards: 0.1 ms]
      [Humongous Register: 0.1 ms]
      [Humongous Reclaim: 0.0 ms]
      [Free CSet: 0.0 ms]
   [Eden: 28.0M(28.0M)->0.0B(21.0M) Survivors: 1024.0K->4096.0K Heap: 405.6M(512.0M)->378.4M(512.0M)]
 [Times: user=0.00 sys=0.00, real=0.00 secs]
2020-10-27T23:09:53.160+0800: [GC pause (G1 Evacuation Pause) (mixed), 0.0044015 secs]
   [Parallel Time: 4.0 ms, GC Workers: 6]
      [GC Worker Start (ms): Min: 760.1, Avg: 760.1, Max: 760.1, Diff: 0.0]
      [Ext Root Scanning (ms): Min: 0.1, Avg: 0.1, Max: 0.1, Diff: 0.0, Sum: 0.7]
      [Update RS (ms): Min: 0.5, Avg: 1.1, Max: 3.5, Diff: 3.0, Sum: 6.5]
         [Processed Buffers: Min: 6, Avg: 10.8, Max: 13, Diff: 7, Sum: 65]
      [Scan RS (ms): Min: 0.0, Avg: 0.0, Max: 0.0, Diff: 0.0, Sum: 0.1]
      [Code Root Scanning (ms): Min: 0.0, Avg: 0.0, Max: 0.0, Diff: 0.0, Sum: 0.0]
      [Object Copy (ms): Min: 0.2, Avg: 2.6, Max: 3.2, Diff: 3.0, Sum: 15.9]
      [Termination (ms): Min: 0.0, Avg: 0.1, Max: 0.1, Diff: 0.1, Sum: 0.4]
         [Termination Attempts: Min: 1, Avg: 1.0, Max: 1, Diff: 0, Sum: 6]
      [GC Worker Other (ms): Min: 0.0, Avg: 0.0, Max: 0.0, Diff: 0.0, Sum: 0.1]
      [GC Worker Total (ms): Min: 3.9, Avg: 3.9, Max: 4.0, Diff: 0.1, Sum: 23.6]
      [GC Worker End (ms): Min: 764.0, Avg: 764.0, Max: 764.1, Diff: 0.1]
   [Code Root Fixup: 0.0 ms]
   [Code Root Purge: 0.0 ms]
   [Clear CT: 0.0 ms]
   [Other: 0.4 ms]
      [Choose CSet: 0.0 ms]
      [Ref Proc: 0.1 ms]
      [Ref Enq: 0.0 ms]
      [Redirty Cards: 0.0 ms]
      [Humongous Register: 0.1 ms]
      [Humongous Reclaim: 0.0 ms]
      [Free CSet: 0.0 ms]
   [Eden: 21.0M(21.0M)->0.0B(22.0M) Survivors: 4096.0K->4096.0K Heap: 406.6M(512.0M)->373.2M(512.0M)]
 [Times: user=0.00 sys=0.00, real=0.01 secs]
2020-10-27T23:09:53.167+0800: [GC pause (G1 Humongous Allocation) (young) (initial-mark), 0.0010718 secs]
   [Parallel Time: 0.6 ms, GC Workers: 6]
      [GC Worker Start (ms): Min: 767.0, Avg: 767.1, Max: 767.2, Diff: 0.1]
      [Ext Root Scanning (ms): Min: 0.0, Avg: 0.1, Max: 0.1, Diff: 0.1, Sum: 0.7]
      [Update RS (ms): Min: 0.0, Avg: 0.1, Max: 0.2, Diff: 0.2, Sum: 0.5]
         [Processed Buffers: Min: 1, Avg: 1.0, Max: 1, Diff: 0, Sum: 6]
      [Scan RS (ms): Min: 0.0, Avg: 0.0, Max: 0.0, Diff: 0.0, Sum: 0.0]
      [Code Root Scanning (ms): Min: 0.0, Avg: 0.0, Max: 0.0, Diff: 0.0, Sum: 0.0]
      [Object Copy (ms): Min: 0.2, Avg: 0.3, Max: 0.3, Diff: 0.2, Sum: 1.7]
      [Termination (ms): Min: 0.0, Avg: 0.0, Max: 0.1, Diff: 0.1, Sum: 0.2]
         [Termination Attempts: Min: 1, Avg: 1.0, Max: 1, Diff: 0, Sum: 6]
      [GC Worker Other (ms): Min: 0.0, Avg: 0.0, Max: 0.0, Diff: 0.0, Sum: 0.0]
      [GC Worker Total (ms): Min: 0.4, Avg: 0.5, Max: 0.5, Diff: 0.1, Sum: 3.1]
      [GC Worker End (ms): Min: 767.6, Avg: 767.6, Max: 767.6, Diff: 0.0]
   [Code Root Fixup: 0.0 ms]
   [Code Root Purge: 0.0 ms]
   [Clear CT: 0.1 ms]
   [Other: 0.4 ms]
      [Choose CSet: 0.0 ms]
      [Ref Proc: 0.1 ms]
      [Ref Enq: 0.0 ms]
      [Redirty Cards: 0.1 ms]
      [Humongous Register: 0.1 ms]
      [Humongous Reclaim: 0.0 ms]
      [Free CSet: 0.0 ms]
   [Eden: 1024.0K(22.0M)->0.0B(24.0M) Survivors: 4096.0K->1024.0K Heap: 374.0M(512.0M)->373.4M(512.0M)]
 [Times: user=0.00 sys=0.00, real=0.00 secs]
2020-10-27T23:09:53.170+0800: [GC concurrent-root-region-scan-start]
2020-10-27T23:09:53.170+0800: [GC concurrent-root-region-scan-end, 0.0001394 secs]
2020-10-27T23:09:53.170+0800: [GC concurrent-mark-start]
2020-10-27T23:09:53.172+0800: [GC concurrent-mark-end, 0.0013662 secs]
2020-10-27T23:09:53.172+0800: [GC remark 2020-10-27T23:09:53.172+0800: [Finalize Marking, 0.0001235 secs] 2020-10-27T23:09:53.172+0800: [GC ref-proc, 0.0001584 secs] 2020-10-27T23:09:53.172+0800: [Unloading, 0.0004510 secs], 0.0013698 secs]
 [Times: user=0.00 sys=0.00, real=0.00 secs]
2020-10-27T23:09:53.173+0800: [GC cleanup 392M->392M(512M), 0.0003819 secs]
 [Times: user=0.00 sys=0.00, real=0.00 secs]
2020-10-27T23:09:53.175+0800: [GC pause (G1 Evacuation Pause) (young), 0.0018530 secs]
   [Parallel Time: 1.5 ms, GC Workers: 6]
      [GC Worker Start (ms): Min: 775.4, Avg: 775.4, Max: 775.4, Diff: 0.0]
      [Ext Root Scanning (ms): Min: 0.1, Avg: 0.1, Max: 0.1, Diff: 0.0, Sum: 0.7]
      [Update RS (ms): Min: 0.6, Avg: 0.6, Max: 0.6, Diff: 0.0, Sum: 3.4]
         [Processed Buffers: Min: 10, Avg: 11.7, Max: 14, Diff: 4, Sum: 70]
      [Scan RS (ms): Min: 0.0, Avg: 0.0, Max: 0.0, Diff: 0.0, Sum: 0.0]
      [Code Root Scanning (ms): Min: 0.0, Avg: 0.0, Max: 0.0, Diff: 0.0, Sum: 0.0]
      [Object Copy (ms): Min: 0.7, Avg: 0.7, Max: 0.7, Diff: 0.0, Sum: 4.3]
      [Termination (ms): Min: 0.0, Avg: 0.0, Max: 0.1, Diff: 0.1, Sum: 0.2]
         [Termination Attempts: Min: 1, Avg: 1.0, Max: 1, Diff: 0, Sum: 6]
      [GC Worker Other (ms): Min: 0.0, Avg: 0.0, Max: 0.0, Diff: 0.0, Sum: 0.0]
      [GC Worker Total (ms): Min: 1.4, Avg: 1.4, Max: 1.5, Diff: 0.0, Sum: 8.7]
      [GC Worker End (ms): Min: 776.9, Avg: 776.9, Max: 776.9, Diff: 0.0]
   [Code Root Fixup: 0.0 ms]
   [Code Root Purge: 0.0 ms]
   [Clear CT: 0.0 ms]
   [Other: 0.3 ms]
      [Choose CSet: 0.0 ms]
      [Ref Proc: 0.1 ms]
      [Ref Enq: 0.0 ms]
      [Redirty Cards: 0.1 ms]
      [Humongous Register: 0.1 ms]
      [Humongous Reclaim: 0.0 ms]
      [Free CSet: 0.0 ms]
   [Eden: 24.0M(24.0M)->0.0B(21.0M) Survivors: 1024.0K->4096.0K Heap: 405.5M(512.0M)->383.8M(512.0M)]
 [Times: user=0.00 sys=0.00, real=0.00 secs]
2020-10-27T23:09:53.182+0800: [GC pause (G1 Evacuation Pause) (mixed), 0.0037927 secs]
   [Parallel Time: 3.4 ms, GC Workers: 6]
      [GC Worker Start (ms): Min: 782.2, Avg: 782.2, Max: 782.3, Diff: 0.2]
      [Ext Root Scanning (ms): Min: 0.0, Avg: 0.1, Max: 0.2, Diff: 0.2, Sum: 0.7]
      [Update RS (ms): Min: 0.2, Avg: 0.3, Max: 0.3, Diff: 0.1, Sum: 1.7]
         [Processed Buffers: Min: 5, Avg: 5.7, Max: 6, Diff: 1, Sum: 34]
      [Scan RS (ms): Min: 0.0, Avg: 0.0, Max: 0.0, Diff: 0.0, Sum: 0.1]
      [Code Root Scanning (ms): Min: 0.0, Avg: 0.0, Max: 0.0, Diff: 0.0, Sum: 0.0]
      [Object Copy (ms): Min: 2.8, Avg: 2.8, Max: 2.9, Diff: 0.1, Sum: 17.0]
      [Termination (ms): Min: 0.0, Avg: 0.0, Max: 0.0, Diff: 0.0, Sum: 0.2]
         [Termination Attempts: Min: 1, Avg: 1.0, Max: 1, Diff: 0, Sum: 6]
      [GC Worker Other (ms): Min: 0.0, Avg: 0.0, Max: 0.0, Diff: 0.0, Sum: 0.1]
      [GC Worker Total (ms): Min: 3.2, Avg: 3.3, Max: 3.3, Diff: 0.2, Sum: 19.8]
      [GC Worker End (ms): Min: 785.5, Avg: 785.5, Max: 785.5, Diff: 0.0]
   [Code Root Fixup: 0.0 ms]
   [Code Root Purge: 0.0 ms]
   [Clear CT: 0.0 ms]
   [Other: 0.4 ms]
      [Choose CSet: 0.0 ms]
      [Ref Proc: 0.1 ms]
      [Ref Enq: 0.0 ms]
      [Redirty Cards: 0.0 ms]
      [Humongous Register: 0.1 ms]
      [Humongous Reclaim: 0.0 ms]
      [Free CSet: 0.0 ms]
   [Eden: 21.0M(21.0M)->0.0B(21.0M) Survivors: 4096.0K->4096.0K Heap: 408.1M(512.0M)->373.5M(512.0M)]
 [Times: user=0.00 sys=0.00, real=0.01 secs]
2020-10-27T23:09:53.187+0800: [GC pause (G1 Humongous Allocation) (young) (initial-mark), 0.0009944 secs]
   [Parallel Time: 0.6 ms, GC Workers: 6]
      [GC Worker Start (ms): Min: 787.6, Avg: 787.6, Max: 787.6, Diff: 0.1]
      [Ext Root Scanning (ms): Min: 0.1, Avg: 0.1, Max: 0.2, Diff: 0.0, Sum: 0.8]
      [Update RS (ms): Min: 0.0, Avg: 0.1, Max: 0.1, Diff: 0.0, Sum: 0.3]
         [Processed Buffers: Min: 1, Avg: 1.2, Max: 2, Diff: 1, Sum: 7]
      [Scan RS (ms): Min: 0.0, Avg: 0.0, Max: 0.0, Diff: 0.0, Sum: 0.0]
      [Code Root Scanning (ms): Min: 0.0, Avg: 0.0, Max: 0.0, Diff: 0.0, Sum: 0.0]
      [Object Copy (ms): Min: 0.3, Avg: 0.3, Max: 0.3, Diff: 0.0, Sum: 1.8]
      [Termination (ms): Min: 0.0, Avg: 0.0, Max: 0.0, Diff: 0.0, Sum: 0.1]
         [Termination Attempts: Min: 1, Avg: 1.0, Max: 1, Diff: 0, Sum: 6]
      [GC Worker Other (ms): Min: 0.0, Avg: 0.0, Max: 0.0, Diff: 0.0, Sum: 0.0]
      [GC Worker Total (ms): Min: 0.5, Avg: 0.5, Max: 0.5, Diff: 0.1, Sum: 3.0]
      [GC Worker End (ms): Min: 788.1, Avg: 788.1, Max: 788.1, Diff: 0.0]
   [Code Root Fixup: 0.0 ms]
   [Code Root Purge: 0.0 ms]
   [Clear CT: 0.1 ms]
   [Other: 0.3 ms]
      [Choose CSet: 0.0 ms]
      [Ref Proc: 0.1 ms]
      [Ref Enq: 0.0 ms]
      [Redirty Cards: 0.1 ms]
      [Humongous Register: 0.1 ms]
      [Humongous Reclaim: 0.0 ms]
      [Free CSet: 0.0 ms]
   [Eden: 1024.0K(21.0M)->0.0B(24.0M) Survivors: 4096.0K->1024.0K Heap: 374.0M(512.0M)->373.4M(512.0M)]
 [Times: user=0.00 sys=0.00, real=0.00 secs]
2020-10-27T23:09:53.190+0800: [GC concurrent-root-region-scan-start]
2020-10-27T23:09:53.190+0800: [GC concurrent-root-region-scan-end, 0.0001449 secs]
2020-10-27T23:09:53.190+0800: [GC concurrent-mark-start]
2020-10-27T23:09:53.192+0800: [GC concurrent-mark-end, 0.0013693 secs]
2020-10-27T23:09:53.192+0800: [GC remark 2020-10-27T23:09:53.192+0800: [Finalize Marking, 0.0001468 secs] 2020-10-27T23:09:53.192+0800: [GC ref-proc, 0.0001594 secs] 2020-10-27T23:09:53.193+0800: [Unloading, 0.0004120 secs], 0.0013306 secs]
 [Times: user=0.00 sys=0.00, real=0.00 secs]
2020-10-27T23:09:53.194+0800: [GC cleanup 390M->390M(512M), 0.0005868 secs]
 [Times: user=0.00 sys=0.00, real=0.00 secs]
2020-10-27T23:09:53.197+0800: [GC pause (G1 Evacuation Pause) (young), 0.0019181 secs]
   [Parallel Time: 1.4 ms, GC Workers: 6]
      [GC Worker Start (ms): Min: 797.2, Avg: 797.2, Max: 797.3, Diff: 0.1]
      [Ext Root Scanning (ms): Min: 0.0, Avg: 0.1, Max: 0.1, Diff: 0.1, Sum: 0.6]
      [Update RS (ms): Min: 0.4, Avg: 0.5, Max: 0.5, Diff: 0.0, Sum: 2.8]
         [Processed Buffers: Min: 9, Avg: 9.5, Max: 11, Diff: 2, Sum: 57]
      [Scan RS (ms): Min: 0.0, Avg: 0.0, Max: 0.0, Diff: 0.0, Sum: 0.0]
      [Code Root Scanning (ms): Min: 0.0, Avg: 0.0, Max: 0.0, Diff: 0.0, Sum: 0.0]
      [Object Copy (ms): Min: 0.7, Avg: 0.7, Max: 0.8, Diff: 0.1, Sum: 4.5]
      [Termination (ms): Min: 0.0, Avg: 0.0, Max: 0.1, Diff: 0.1, Sum: 0.2]
         [Termination Attempts: Min: 1, Avg: 1.0, Max: 1, Diff: 0, Sum: 6]
      [GC Worker Other (ms): Min: 0.0, Avg: 0.0, Max: 0.0, Diff: 0.0, Sum: 0.0]
      [GC Worker Total (ms): Min: 1.3, Avg: 1.4, Max: 1.4, Diff: 0.1, Sum: 8.2]
      [GC Worker End (ms): Min: 798.6, Avg: 798.6, Max: 798.6, Diff: 0.0]
   [Code Root Fixup: 0.0 ms]
   [Code Root Purge: 0.0 ms]
   [Clear CT: 0.1 ms]
   [Other: 0.4 ms]
      [Choose CSet: 0.0 ms]
      [Ref Proc: 0.1 ms]
      [Ref Enq: 0.0 ms]
      [Redirty Cards: 0.1 ms]
      [Humongous Register: 0.1 ms]
      [Humongous Reclaim: 0.0 ms]
      [Free CSet: 0.0 ms]
   [Eden: 24.0M(24.0M)->0.0B(21.0M) Survivors: 1024.0K->4096.0K Heap: 403.6M(512.0M)->383.1M(512.0M)]
 [Times: user=0.00 sys=0.00, real=0.00 secs]
2020-10-27T23:09:53.203+0800: [GC pause (G1 Evacuation Pause) (mixed), 0.0045655 secs]
   [Parallel Time: 4.1 ms, GC Workers: 6]
      [GC Worker Start (ms): Min: 803.6, Avg: 803.6, Max: 803.7, Diff: 0.1]
      [Ext Root Scanning (ms): Min: 0.1, Avg: 0.1, Max: 0.2, Diff: 0.1, Sum: 0.7]
      [Update RS (ms): Min: 0.8, Avg: 0.8, Max: 0.8, Diff: 0.0, Sum: 4.7]
         [Processed Buffers: Min: 14, Avg: 15.8, Max: 17, Diff: 3, Sum: 95]
      [Scan RS (ms): Min: 0.0, Avg: 0.0, Max: 0.0, Diff: 0.0, Sum: 0.1]
      [Code Root Scanning (ms): Min: 0.0, Avg: 0.0, Max: 0.0, Diff: 0.0, Sum: 0.0]
      [Object Copy (ms): Min: 3.0, Avg: 3.0, Max: 3.1, Diff: 0.1, Sum: 18.1]
      [Termination (ms): Min: 0.0, Avg: 0.0, Max: 0.1, Diff: 0.1, Sum: 0.3]
         [Termination Attempts: Min: 1, Avg: 1.0, Max: 1, Diff: 0, Sum: 6]
      [GC Worker Other (ms): Min: 0.0, Avg: 0.0, Max: 0.0, Diff: 0.0, Sum: 0.0]
      [GC Worker Total (ms): Min: 4.0, Avg: 4.0, Max: 4.0, Diff: 0.1, Sum: 23.9]
      [GC Worker End (ms): Min: 807.6, Avg: 807.6, Max: 807.6, Diff: 0.0]
   [Code Root Fixup: 0.0 ms]
   [Code Root Purge: 0.0 ms]
   [Clear CT: 0.1 ms]
   [Other: 0.4 ms]
      [Choose CSet: 0.0 ms]
      [Ref Proc: 0.1 ms]
      [Ref Enq: 0.0 ms]
      [Redirty Cards: 0.1 ms]
      [Humongous Register: 0.1 ms]
      [Humongous Reclaim: 0.0 ms]
      [Free CSet: 0.0 ms]
   [Eden: 21.0M(21.0M)->0.0B(21.0M) Survivors: 4096.0K->4096.0K Heap: 415.0M(512.0M)->379.0M(512.0M)]
 [Times: user=0.00 sys=0.00, real=0.01 secs]
2020-10-27T23:09:53.210+0800: [GC pause (G1 Humongous Allocation) (young) (initial-mark), 0.0015949 secs]
   [Parallel Time: 0.8 ms, GC Workers: 6]
      [GC Worker Start (ms): Min: 810.1, Avg: 810.1, Max: 810.1, Diff: 0.0]
      [Ext Root Scanning (ms): Min: 0.1, Avg: 0.1, Max: 0.1, Diff: 0.0, Sum: 0.7]
      [Update RS (ms): Min: 0.0, Avg: 0.1, Max: 0.1, Diff: 0.1, Sum: 0.3]
         [Processed Buffers: Min: 1, Avg: 1.2, Max: 2, Diff: 1, Sum: 7]
      [Scan RS (ms): Min: 0.0, Avg: 0.0, Max: 0.0, Diff: 0.0, Sum: 0.0]
      [Code Root Scanning (ms): Min: 0.0, Avg: 0.0, Max: 0.0, Diff: 0.0, Sum: 0.0]
      [Object Copy (ms): Min: 0.4, Avg: 0.4, Max: 0.5, Diff: 0.1, Sum: 2.6]
      [Termination (ms): Min: 0.0, Avg: 0.1, Max: 0.2, Diff: 0.2, Sum: 0.7]
         [Termination Attempts: Min: 1, Avg: 1.0, Max: 1, Diff: 0, Sum: 6]
      [GC Worker Other (ms): Min: 0.0, Avg: 0.0, Max: 0.0, Diff: 0.0, Sum: 0.0]
      [GC Worker Total (ms): Min: 0.7, Avg: 0.7, Max: 0.7, Diff: 0.1, Sum: 4.3]
      [GC Worker End (ms): Min: 810.8, Avg: 810.8, Max: 810.9, Diff: 0.0]
   [Code Root Fixup: 0.0 ms]
   [Code Root Purge: 0.0 ms]
   [Clear CT: 0.1 ms]
   [Other: 0.8 ms]
      [Choose CSet: 0.0 ms]
      [Ref Proc: 0.5 ms]
      [Ref Enq: 0.0 ms]
      [Redirty Cards: 0.0 ms]
      [Humongous Register: 0.1 ms]
      [Humongous Reclaim: 0.0 ms]
      [Free CSet: 0.0 ms]
   [Eden: 3072.0K(21.0M)->0.0B(24.0M) Survivors: 4096.0K->1024.0K Heap: 381.9M(512.0M)->379.8M(512.0M)]
 [Times: user=0.00 sys=0.00, real=0.00 secs]
2020-10-27T23:09:53.213+0800: [GC concurrent-root-region-scan-start]
2020-10-27T23:09:53.213+0800: [GC concurrent-root-region-scan-end, 0.0001659 secs]
2020-10-27T23:09:53.214+0800: [GC concurrent-mark-start]
2020-10-27T23:09:53.215+0800: [GC concurrent-mark-end, 0.0014539 secs]
2020-10-27T23:09:53.215+0800: [GC remark 2020-10-27T23:09:53.215+0800: [Finalize Marking, 0.0001625 secs] 2020-10-27T23:09:53.216+0800: [GC ref-proc, 0.0001648 secs] 2020-10-27T23:09:53.216+0800: [Unloading, 0.0004287 secs], 0.0013805 secs]
 [Times: user=0.00 sys=0.00, real=0.00 secs]
2020-10-27T23:09:53.217+0800: [GC cleanup 398M->398M(512M), 0.0004672 secs]
 [Times: user=0.00 sys=0.00, real=0.00 secs]
2020-10-27T23:09:53.219+0800: [GC pause (G1 Evacuation Pause) (young), 0.0019093 secs]
   [Parallel Time: 1.5 ms, GC Workers: 6]
      [GC Worker Start (ms): Min: 819.3, Avg: 819.3, Max: 819.3, Diff: 0.0]
      [Ext Root Scanning (ms): Min: 0.1, Avg: 0.1, Max: 0.1, Diff: 0.0, Sum: 0.7]
      [Update RS (ms): Min: 0.3, Avg: 0.4, Max: 0.4, Diff: 0.1, Sum: 2.2]
         [Processed Buffers: Min: 7, Avg: 8.0, Max: 9, Diff: 2, Sum: 48]
      [Scan RS (ms): Min: 0.0, Avg: 0.0, Max: 0.0, Diff: 0.0, Sum: 0.0]
      [Code Root Scanning (ms): Min: 0.0, Avg: 0.0, Max: 0.0, Diff: 0.0, Sum: 0.0]
      [Object Copy (ms): Min: 0.9, Avg: 1.0, Max: 1.0, Diff: 0.1, Sum: 5.7]
      [Termination (ms): Min: 0.0, Avg: 0.0, Max: 0.1, Diff: 0.1, Sum: 0.2]
         [Termination Attempts: Min: 1, Avg: 1.0, Max: 1, Diff: 0, Sum: 6]
      [GC Worker Other (ms): Min: 0.0, Avg: 0.0, Max: 0.0, Diff: 0.0, Sum: 0.0]
      [GC Worker Total (ms): Min: 1.4, Avg: 1.5, Max: 1.5, Diff: 0.0, Sum: 8.8]
      [GC Worker End (ms): Min: 820.8, Avg: 820.8, Max: 820.8, Diff: 0.0]
   [Code Root Fixup: 0.0 ms]
   [Code Root Purge: 0.0 ms]
   [Clear CT: 0.1 ms]
   [Other: 0.3 ms]
      [Choose CSet: 0.0 ms]
      [Ref Proc: 0.0 ms]
      [Ref Enq: 0.0 ms]
      [Redirty Cards: 0.1 ms]
      [Humongous Register: 0.1 ms]
      [Humongous Reclaim: 0.0 ms]
      [Free CSet: 0.0 ms]
   [Eden: 24.0M(24.0M)->0.0B(21.0M) Survivors: 1024.0K->4096.0K Heap: 408.9M(512.0M)->393.1M(512.0M)]
 [Times: user=0.00 sys=0.00, real=0.00 secs]
2020-10-27T23:09:53.225+0800: [GC pause (G1 Evacuation Pause) (mixed) (to-space exhausted), 0.0043993 secs]
   [Parallel Time: 3.8 ms, GC Workers: 6]
      [GC Worker Start (ms): Min: 825.6, Avg: 825.7, Max: 825.7, Diff: 0.0]
      [Ext Root Scanning (ms): Min: 0.1, Avg: 0.1, Max: 0.2, Diff: 0.0, Sum: 0.7]
      [Update RS (ms): Min: 0.4, Avg: 0.4, Max: 0.5, Diff: 0.0, Sum: 2.6]
         [Processed Buffers: Min: 8, Avg: 9.2, Max: 10, Diff: 2, Sum: 55]
      [Scan RS (ms): Min: 0.0, Avg: 0.0, Max: 0.0, Diff: 0.0, Sum: 0.1]
      [Code Root Scanning (ms): Min: 0.0, Avg: 0.0, Max: 0.0, Diff: 0.0, Sum: 0.0]
      [Object Copy (ms): Min: 3.0, Avg: 3.0, Max: 3.1, Diff: 0.0, Sum: 18.2]
      [Termination (ms): Min: 0.0, Avg: 0.1, Max: 0.2, Diff: 0.2, Sum: 0.6]
         [Termination Attempts: Min: 1, Avg: 1.8, Max: 3, Diff: 2, Sum: 11]
      [GC Worker Other (ms): Min: 0.0, Avg: 0.0, Max: 0.0, Diff: 0.0, Sum: 0.0]
      [GC Worker Total (ms): Min: 3.6, Avg: 3.7, Max: 3.8, Diff: 0.2, Sum: 22.4]
      [GC Worker End (ms): Min: 829.3, Avg: 829.4, Max: 829.5, Diff: 0.1]
   [Code Root Fixup: 0.0 ms]
   [Code Root Purge: 0.0 ms]
   [Clear CT: 0.0 ms]
   [Other: 0.5 ms]
      [Evacuation Failure: 0.1 ms]
      [Choose CSet: 0.0 ms]
      [Ref Proc: 0.1 ms]
      [Ref Enq: 0.0 ms]
      [Redirty Cards: 0.0 ms]
      [Humongous Register: 0.1 ms]
      [Humongous Reclaim: 0.0 ms]
      [Free CSet: 0.0 ms]
   [Eden: 21.0M(21.0M)->0.0B(21.0M) Survivors: 4096.0K->4096.0K Heap: 420.0M(512.0M)->411.2M(512.0M)]
 [Times: user=0.03 sys=0.00, real=0.01 secs]
2020-10-27T23:09:53.232+0800: [GC pause (G1 Humongous Allocation) (young) (initial-mark), 0.0011546 secs]
   [Parallel Time: 0.7 ms, GC Workers: 6]
      [GC Worker Start (ms): Min: 832.5, Avg: 832.5, Max: 832.5, Diff: 0.0]
      [Ext Root Scanning (ms): Min: 0.1, Avg: 0.1, Max: 0.1, Diff: 0.0, Sum: 0.7]
      [Update RS (ms): Min: 0.1, Avg: 0.1, Max: 0.2, Diff: 0.1, Sum: 0.6]
         [Processed Buffers: Min: 0, Avg: 2.0, Max: 4, Diff: 4, Sum: 12]
      [Scan RS (ms): Min: 0.0, Avg: 0.0, Max: 0.0, Diff: 0.0, Sum: 0.0]
      [Code Root Scanning (ms): Min: 0.0, Avg: 0.0, Max: 0.0, Diff: 0.0, Sum: 0.0]
      [Object Copy (ms): Min: 0.3, Avg: 0.4, Max: 0.4, Diff: 0.2, Sum: 2.4]
      [Termination (ms): Min: 0.0, Avg: 0.0, Max: 0.0, Diff: 0.0, Sum: 0.1]
         [Termination Attempts: Min: 1, Avg: 1.0, Max: 1, Diff: 0, Sum: 6]
      [GC Worker Other (ms): Min: 0.0, Avg: 0.0, Max: 0.0, Diff: 0.0, Sum: 0.0]
      [GC Worker Total (ms): Min: 0.6, Avg: 0.7, Max: 0.7, Diff: 0.0, Sum: 3.9]
      [GC Worker End (ms): Min: 833.1, Avg: 833.1, Max: 833.1, Diff: 0.0]
   [Code Root Fixup: 0.0 ms]
   [Code Root Purge: 0.0 ms]
   [Clear CT: 0.1 ms]
   [Other: 0.4 ms]
      [Choose CSet: 0.0 ms]
      [Ref Proc: 0.1 ms]
      [Ref Enq: 0.0 ms]
      [Redirty Cards: 0.1 ms]
      [Humongous Register: 0.1 ms]
      [Humongous Reclaim: 0.0 ms]
      [Free CSet: 0.0 ms]
   [Eden: 2048.0K(21.0M)->0.0B(24.0M) Survivors: 4096.0K->1024.0K Heap: 412.9M(512.0M)->410.6M(512.0M)]
 [Times: user=0.00 sys=0.00, real=0.00 secs]
2020-10-27T23:09:53.235+0800: [GC concurrent-root-region-scan-start]
2020-10-27T23:09:53.235+0800: [GC concurrent-root-region-scan-end, 0.0001344 secs]
2020-10-27T23:09:53.235+0800: [GC concurrent-mark-start]
2020-10-27T23:09:53.237+0800: [GC concurrent-mark-end, 0.0014288 secs]
2020-10-27T23:09:53.237+0800: [GC remark 2020-10-27T23:09:53.237+0800: [Finalize Marking, 0.0001036 secs] 2020-10-27T23:09:53.237+0800: [GC ref-proc, 0.0001765 secs] 2020-10-27T23:09:53.237+0800: [Unloading, 0.0003661 secs], 0.0012499 secs]
 [Times: user=0.00 sys=0.00, real=0.00 secs]
2020-10-27T23:09:53.238+0800: [GC cleanup 427M->427M(512M), 0.0003508 secs]
 [Times: user=0.00 sys=0.00, real=0.00 secs]
2020-10-27T23:09:53.241+0800: [GC pause (G1 Evacuation Pause) (young), 0.0015831 secs]
   [Parallel Time: 1.2 ms, GC Workers: 6]
      [GC Worker Start (ms): Min: 840.8, Avg: 840.8, Max: 840.8, Diff: 0.0]
      [Ext Root Scanning (ms): Min: 0.1, Avg: 0.1, Max: 0.1, Diff: 0.0, Sum: 0.7]
      [Update RS (ms): Min: 0.3, Avg: 0.3, Max: 0.4, Diff: 0.1, Sum: 1.9]
         [Processed Buffers: Min: 6, Avg: 6.5, Max: 7, Diff: 1, Sum: 39]
      [Scan RS (ms): Min: 0.0, Avg: 0.0, Max: 0.0, Diff: 0.0, Sum: 0.0]
      [Code Root Scanning (ms): Min: 0.0, Avg: 0.0, Max: 0.0, Diff: 0.0, Sum: 0.0]
      [Object Copy (ms): Min: 0.6, Avg: 0.7, Max: 0.8, Diff: 0.2, Sum: 4.1]
      [Termination (ms): Min: 0.0, Avg: 0.0, Max: 0.1, Diff: 0.1, Sum: 0.3]
         [Termination Attempts: Min: 1, Avg: 1.0, Max: 1, Diff: 0, Sum: 6]
      [GC Worker Other (ms): Min: 0.0, Avg: 0.0, Max: 0.0, Diff: 0.0, Sum: 0.0]
      [GC Worker Total (ms): Min: 1.2, Avg: 1.2, Max: 1.2, Diff: 0.0, Sum: 7.1]
      [GC Worker End (ms): Min: 842.0, Avg: 842.0, Max: 842.0, Diff: 0.0]
   [Code Root Fixup: 0.0 ms]
   [Code Root Purge: 0.0 ms]
   [Clear CT: 0.0 ms]
   [Other: 0.3 ms]
      [Choose CSet: 0.0 ms]
      [Ref Proc: 0.1 ms]
      [Ref Enq: 0.0 ms]
      [Redirty Cards: 0.0 ms]
      [Humongous Register: 0.1 ms]
      [Humongous Reclaim: 0.0 ms]
      [Free CSet: 0.0 ms]
   [Eden: 24.0M(24.0M)->0.0B(21.0M) Survivors: 1024.0K->4096.0K Heap: 438.5M(512.0M)->420.2M(512.0M)]
 [Times: user=0.00 sys=0.00, real=0.00 secs]
2020-10-27T23:09:53.247+0800: [GC pause (G1 Evacuation Pause) (mixed) (to-space exhausted), 0.0016811 secs]
   [Parallel Time: 1.0 ms, GC Workers: 6]
      [GC Worker Start (ms): Min: 847.4, Avg: 847.5, Max: 847.7, Diff: 0.2]
      [Ext Root Scanning (ms): Min: 0.0, Avg: 0.1, Max: 0.2, Diff: 0.2, Sum: 0.7]
      [Update RS (ms): Min: 0.6, Avg: 0.6, Max: 0.7, Diff: 0.1, Sum: 3.9]
         [Processed Buffers: Min: 10, Avg: 13.2, Max: 15, Diff: 5, Sum: 79]
      [Scan RS (ms): Min: 0.0, Avg: 0.0, Max: 0.1, Diff: 0.1, Sum: 0.2]
      [Code Root Scanning (ms): Min: 0.0, Avg: 0.0, Max: 0.0, Diff: 0.0, Sum: 0.0]
      [Object Copy (ms): Min: 0.1, Avg: 0.2, Max: 0.2, Diff: 0.0, Sum: 0.9]
      [Termination (ms): Min: 0.0, Avg: 0.0, Max: 0.0, Diff: 0.0, Sum: 0.1]
         [Termination Attempts: Min: 1, Avg: 1.0, Max: 1, Diff: 0, Sum: 6]
      [GC Worker Other (ms): Min: 0.0, Avg: 0.0, Max: 0.0, Diff: 0.0, Sum: 0.0]
      [GC Worker Total (ms): Min: 0.8, Avg: 1.0, Max: 1.0, Diff: 0.2, Sum: 5.8]
      [GC Worker End (ms): Min: 848.5, Avg: 848.5, Max: 848.5, Diff: 0.0]
   [Code Root Fixup: 0.0 ms]
   [Code Root Purge: 0.0 ms]
   [Clear CT: 0.1 ms]
   [Other: 0.6 ms]
      [Evacuation Failure: 0.1 ms]
      [Choose CSet: 0.0 ms]
      [Ref Proc: 0.1 ms]
      [Ref Enq: 0.0 ms]
      [Redirty Cards: 0.1 ms]
      [Humongous Register: 0.1 ms]
      [Humongous Reclaim: 0.0 ms]
      [Free CSet: 0.0 ms]
   [Eden: 18.0M(21.0M)->0.0B(25.0M) Survivors: 4096.0K->0.0B Heap: 447.2M(512.0M)->439.2M(512.0M)]
 [Times: user=0.00 sys=0.00, real=0.00 secs]
2020-10-27T23:09:53.252+0800: [GC pause (G1 Evacuation Pause) (mixed) (to-space exhausted), 0.0011054 secs]
   [Parallel Time: 0.5 ms, GC Workers: 6]
      [GC Worker Start (ms): Min: 852.1, Avg: 852.1, Max: 852.2, Diff: 0.1]
      [Ext Root Scanning (ms): Min: 0.1, Avg: 0.2, Max: 0.3, Diff: 0.2, Sum: 1.0]
      [Update RS (ms): Min: 0.0, Avg: 0.1, Max: 0.2, Diff: 0.2, Sum: 0.7]
         [Processed Buffers: Min: 0, Avg: 3.7, Max: 9, Diff: 9, Sum: 22]
      [Scan RS (ms): Min: 0.0, Avg: 0.0, Max: 0.1, Diff: 0.1, Sum: 0.1]
      [Code Root Scanning (ms): Min: 0.0, Avg: 0.0, Max: 0.0, Diff: 0.0, Sum: 0.0]
      [Object Copy (ms): Min: 0.1, Avg: 0.1, Max: 0.2, Diff: 0.0, Sum: 0.7]
      [Termination (ms): Min: 0.0, Avg: 0.0, Max: 0.0, Diff: 0.0, Sum: 0.1]
         [Termination Attempts: Min: 1, Avg: 1.0, Max: 1, Diff: 0, Sum: 6]
      [GC Worker Other (ms): Min: 0.0, Avg: 0.0, Max: 0.0, Diff: 0.0, Sum: 0.0]
      [GC Worker Total (ms): Min: 0.4, Avg: 0.4, Max: 0.5, Diff: 0.1, Sum: 2.6]
      [GC Worker End (ms): Min: 852.6, Avg: 852.6, Max: 852.6, Diff: 0.0]
   [Code Root Fixup: 0.0 ms]
   [Code Root Purge: 0.0 ms]
   [Clear CT: 0.1 ms]
   [Other: 0.5 ms]
      [Evacuation Failure: 0.1 ms]
      [Choose CSet: 0.0 ms]
      [Ref Proc: 0.1 ms]
      [Ref Enq: 0.0 ms]
      [Redirty Cards: 0.1 ms]
      [Humongous Register: 0.1 ms]
      [Humongous Reclaim: 0.0 ms]
      [Free CSet: 0.0 ms]
   [Eden: 11.0M(25.0M)->0.0B(25.0M) Survivors: 0.0B->0.0B Heap: 450.9M(512.0M)->448.2M(512.0M)]
 [Times: user=0.00 sys=0.00, real=0.00 secs]
2020-10-27T23:09:53.255+0800: [GC pause (G1 Humongous Allocation) (young) (initial-mark) (to-space exhausted), 0.0006632 secs]
   [Parallel Time: 0.3 ms, GC Workers: 6]
      [GC Worker Start (ms): Min: 855.3, Avg: 855.3, Max: 855.5, Diff: 0.1]
      [Ext Root Scanning (ms): Min: 0.0, Avg: 0.1, Max: 0.2, Diff: 0.2, Sum: 0.7]
      [Update RS (ms): Min: 0.0, Avg: 0.1, Max: 0.1, Diff: 0.1, Sum: 0.3]
         [Processed Buffers: Min: 0, Avg: 2.7, Max: 10, Diff: 10, Sum: 16]
      [Scan RS (ms): Min: 0.0, Avg: 0.0, Max: 0.0, Diff: 0.0, Sum: 0.0]
      [Code Root Scanning (ms): Min: 0.0, Avg: 0.0, Max: 0.0, Diff: 0.0, Sum: 0.0]
      [Object Copy (ms): Min: 0.0, Avg: 0.0, Max: 0.0, Diff: 0.0, Sum: 0.1]
      [Termination (ms): Min: 0.0, Avg: 0.0, Max: 0.0, Diff: 0.0, Sum: 0.1]
         [Termination Attempts: Min: 1, Avg: 1.0, Max: 1, Diff: 0, Sum: 6]
      [GC Worker Other (ms): Min: 0.0, Avg: 0.0, Max: 0.0, Diff: 0.0, Sum: 0.0]
      [GC Worker Total (ms): Min: 0.1, Avg: 0.2, Max: 0.2, Diff: 0.1, Sum: 1.2]
      [GC Worker End (ms): Min: 855.5, Avg: 855.5, Max: 855.5, Diff: 0.0]
   [Code Root Fixup: 0.0 ms]
   [Code Root Purge: 0.0 ms]
   [Clear CT: 0.1 ms]
   [Other: 0.3 ms]
      [Evacuation Failure: 0.0 ms]
      [Choose CSet: 0.0 ms]
      [Ref Proc: 0.1 ms]
      [Ref Enq: 0.0 ms]
      [Redirty Cards: 0.0 ms]
      [Humongous Register: 0.1 ms]
      [Humongous Reclaim: 0.0 ms]
      [Free CSet: 0.0 ms]
   [Eden: 3072.0K(25.0M)->0.0B(25.0M) Survivors: 0.0B->0.0B Heap: 450.8M(512.0M)->450.2M(512.0M)]
 [Times: user=0.00 sys=0.00, real=0.00 secs]
2020-10-27T23:09:53.258+0800: [GC concurrent-root-region-scan-start]
2020-10-27T23:09:53.258+0800: 2020-10-27T23:09:53.258+0800: [GC concurrent-root-region-scan-end, 0.0000944 secs]
[GC pause (G1 Humongous Allocation) (young)2020-10-27T23:09:53.258+0800: [GC concurrent-mark-start]
, 0.0006628 secs]
   [Parallel Time: 0.3 ms, GC Workers: 6]
      [GC Worker Start (ms): Min: 858.0, Avg: 858.1, Max: 858.1, Diff: 0.0]
      [Ext Root Scanning (ms): Min: 0.1, Avg: 0.1, Max: 0.2, Diff: 0.0, Sum: 0.7]
      [Update RS (ms): Min: 0.1, Avg: 0.1, Max: 0.1, Diff: 0.0, Sum: 0.5]
         [Processed Buffers: Min: 2, Avg: 2.7, Max: 4, Diff: 2, Sum: 16]
      [Scan RS (ms): Min: 0.0, Avg: 0.0, Max: 0.0, Diff: 0.0, Sum: 0.0]
      [Code Root Scanning (ms): Min: 0.0, Avg: 0.0, Max: 0.0, Diff: 0.0, Sum: 0.0]
      [Object Copy (ms): Min: 0.0, Avg: 0.0, Max: 0.0, Diff: 0.0, Sum: 0.0]
      [Termination (ms): Min: 0.0, Avg: 0.0, Max: 0.0, Diff: 0.0, Sum: 0.1]
         [Termination Attempts: Min: 1, Avg: 1.0, Max: 1, Diff: 0, Sum: 6]
      [GC Worker Other (ms): Min: 0.0, Avg: 0.0, Max: 0.0, Diff: 0.0, Sum: 0.0]
      [GC Worker Total (ms): Min: 0.2, Avg: 0.2, Max: 0.3, Diff: 0.0, Sum: 1.4]
      [GC Worker End (ms): Min: 858.3, Avg: 858.3, Max: 858.3, Diff: 0.0]
   [Code Root Fixup: 0.0 ms]
   [Code Root Purge: 0.0 ms]
   [Clear CT: 0.0 ms]
   [Other: 0.3 ms]
      [Choose CSet: 0.0 ms]
      [Ref Proc: 0.0 ms]
      [Ref Enq: 0.0 ms]
      [Redirty Cards: 0.0 ms]
      [Humongous Register: 0.1 ms]
      [Humongous Reclaim: 0.0 ms]
      [Free CSet: 0.0 ms]
   [Eden: 0.0B(25.0M)->0.0B(25.0M) Survivors: 0.0B->0.0B Heap: 450.9M(512.0M)->450.2M(512.0M)]
 [Times: user=0.00 sys=0.00, real=0.00 secs]
2020-10-27T23:09:53.260+0800: [GC pause (G1 Evacuation Pause) (young), 0.0008331 secs]
   [Parallel Time: 0.4 ms, GC Workers: 6]
      [GC Worker Start (ms): Min: 860.4, Avg: 860.4, Max: 860.5, Diff: 0.2]
      [Ext Root Scanning (ms): Min: 0.0, Avg: 0.1, Max: 0.3, Diff: 0.3, Sum: 0.7]
      [Update RS (ms): Min: 0.0, Avg: 0.1, Max: 0.2, Diff: 0.2, Sum: 0.4]
         [Processed Buffers: Min: 0, Avg: 1.2, Max: 2, Diff: 2, Sum: 7]
      [Scan RS (ms): Min: 0.0, Avg: 0.0, Max: 0.0, Diff: 0.0, Sum: 0.0]
      [Code Root Scanning (ms): Min: 0.0, Avg: 0.0, Max: 0.0, Diff: 0.0, Sum: 0.0]
      [Object Copy (ms): Min: 0.0, Avg: 0.0, Max: 0.0, Diff: 0.0, Sum: 0.0]
      [Termination (ms): Min: 0.0, Avg: 0.1, Max: 0.2, Diff: 0.2, Sum: 0.8]
         [Termination Attempts: Min: 1, Avg: 1.0, Max: 1, Diff: 0, Sum: 6]
      [GC Worker Other (ms): Min: 0.0, Avg: 0.0, Max: 0.0, Diff: 0.0, Sum: 0.0]
      [GC Worker Total (ms): Min: 0.2, Avg: 0.3, Max: 0.4, Diff: 0.2, Sum: 2.0]
      [GC Worker End (ms): Min: 860.7, Avg: 860.7, Max: 860.7, Diff: 0.0]
   [Code Root Fixup: 0.0 ms]
   [Code Root Purge: 0.0 ms]
   [Clear CT: 0.1 ms]
   [Other: 0.3 ms]
      [Choose CSet: 0.0 ms]
      [Ref Proc: 0.1 ms]
      [Ref Enq: 0.0 ms]
      [Redirty Cards: 0.1 ms]
      [Humongous Register: 0.1 ms]
      [Humongous Reclaim: 0.0 ms]
      [Free CSet: 0.0 ms]
   [Eden: 0.0B(25.0M)->0.0B(25.0M) Survivors: 0.0B->0.0B Heap: 450.8M(512.0M)->450.8M(512.0M)]
 [Times: user=0.00 sys=0.00, real=0.00 secs]
2020-10-27T23:09:53.264+0800: [GC pause (G1 Evacuation Pause) (young), 0.0008463 secs]
   [Parallel Time: 0.4 ms, GC Workers: 6]
      [GC Worker Start (ms): Min: 863.9, Avg: 863.9, Max: 864.0, Diff: 0.2]
      [Ext Root Scanning (ms): Min: 0.0, Avg: 0.1, Max: 0.1, Diff: 0.1, Sum: 0.5]
      [Update RS (ms): Min: 0.0, Avg: 0.0, Max: 0.2, Diff: 0.2, Sum: 0.2]
         [Processed Buffers: Min: 0, Avg: 0.3, Max: 1, Diff: 1, Sum: 2]
      [Scan RS (ms): Min: 0.0, Avg: 0.0, Max: 0.0, Diff: 0.0, Sum: 0.0]
      [Code Root Scanning (ms): Min: 0.0, Avg: 0.0, Max: 0.0, Diff: 0.0, Sum: 0.0]
      [Object Copy (ms): Min: 0.0, Avg: 0.0, Max: 0.0, Diff: 0.0, Sum: 0.0]
      [Termination (ms): Min: 0.0, Avg: 0.2, Max: 0.2, Diff: 0.2, Sum: 1.0]
         [Termination Attempts: Min: 1, Avg: 1.0, Max: 1, Diff: 0, Sum: 6]
      [GC Worker Other (ms): Min: 0.0, Avg: 0.0, Max: 0.0, Diff: 0.0, Sum: 0.0]
      [GC Worker Total (ms): Min: 0.2, Avg: 0.3, Max: 0.3, Diff: 0.2, Sum: 1.7]
      [GC Worker End (ms): Min: 864.2, Avg: 864.2, Max: 864.2, Diff: 0.0]
   [Code Root Fixup: 0.0 ms]
   [Code Root Purge: 0.0 ms]
   [Clear CT: 0.1 ms]
   [Other: 0.4 ms]
      [Choose CSet: 0.0 ms]
      [Ref Proc: 0.1 ms]
      [Ref Enq: 0.0 ms]
      [Redirty Cards: 0.1 ms]
      [Humongous Register: 0.1 ms]
      [Humongous Reclaim: 0.0 ms]
      [Free CSet: 0.0 ms]
   [Eden: 0.0B(25.0M)->0.0B(25.0M) Survivors: 0.0B->0.0B Heap: 450.8M(512.0M)->450.8M(512.0M)]
 [Times: user=0.00 sys=0.00, real=0.00 secs]
2020-10-27T23:09:53.267+0800: [Full GC (Allocation Failure)  450M->333M(512M), 0.0315466 secs]
   [Eden: 0.0B(25.0M)->0.0B(29.0M) Survivors: 0.0B->0.0B Heap: 450.8M(512.0M)->333.3M(512.0M)], [Metaspace: 2617K->2617K(1056768K)]
 [Times: user=0.03 sys=0.00, real=0.03 secs]
2020-10-27T23:09:53.299+0800: [GC concurrent-mark-abort]
2020-10-27T23:09:53.300+0800: [GC pause (G1 Humongous Allocation) (young) (initial-mark), 0.0009887 secs]
   [Parallel Time: 0.5 ms, GC Workers: 6]
      [GC Worker Start (ms): Min: 899.7, Avg: 899.7, Max: 899.7, Diff: 0.0]
      [Ext Root Scanning (ms): Min: 0.1, Avg: 0.1, Max: 0.1, Diff: 0.0, Sum: 0.7]
      [Update RS (ms): Min: 0.1, Avg: 0.1, Max: 0.2, Diff: 0.2, Sum: 0.8]
         [Processed Buffers: Min: 2, Avg: 2.0, Max: 2, Diff: 0, Sum: 12]
      [Scan RS (ms): Min: 0.0, Avg: 0.0, Max: 0.0, Diff: 0.0, Sum: 0.0]
      [Code Root Scanning (ms): Min: 0.0, Avg: 0.0, Max: 0.0, Diff: 0.0, Sum: 0.0]
      [Object Copy (ms): Min: 0.0, Avg: 0.1, Max: 0.2, Diff: 0.2, Sum: 0.8]
      [Termination (ms): Min: 0.0, Avg: 0.0, Max: 0.0, Diff: 0.0, Sum: 0.2]
         [Termination Attempts: Min: 1, Avg: 1.0, Max: 1, Diff: 0, Sum: 6]
      [GC Worker Other (ms): Min: 0.0, Avg: 0.0, Max: 0.0, Diff: 0.0, Sum: 0.0]
      [GC Worker Total (ms): Min: 0.4, Avg: 0.4, Max: 0.4, Diff: 0.0, Sum: 2.5]
      [GC Worker End (ms): Min: 900.1, Avg: 900.1, Max: 900.1, Diff: 0.0]
   [Code Root Fixup: 0.0 ms]
   [Code Root Purge: 0.0 ms]
   [Clear CT: 0.0 ms]
   [Other: 0.4 ms]
      [Choose CSet: 0.0 ms]
      [Ref Proc: 0.1 ms]
      [Ref Enq: 0.0 ms]
      [Redirty Cards: 0.1 ms]
      [Humongous Register: 0.1 ms]
      [Humongous Reclaim: 0.0 ms]
      [Free CSet: 0.0 ms]
   [Eden: 7168.0K(29.0M)->0.0B(27.0M) Survivors: 0.0B->2048.0K Heap: 340.9M(512.0M)->333.2M(512.0M)]
 [Times: user=0.00 sys=0.00, real=0.00 secs]
2020-10-27T23:09:53.302+0800: [GC concurrent-root-region-scan-start]
2020-10-27T23:09:53.303+0800: [GC concurrent-root-region-scan-end, 0.0002038 secs]
2020-10-27T23:09:53.303+0800: [GC concurrent-mark-start]
2020-10-27T23:09:53.304+0800: [GC concurrent-mark-end, 0.0013631 secs]
2020-10-27T23:09:53.304+0800: [GC remark 2020-10-27T23:09:53.304+0800: [Finalize Marking, 0.0001503 secs] 2020-10-27T23:09:53.305+0800: [GC ref-proc, 0.0001595 secs] 2020-10-27T23:09:53.305+0800: [Unloading, 0.0004791 secs], 0.0014613 secs]
 [Times: user=0.00 sys=0.00, real=0.00 secs]
2020-10-27T23:09:53.306+0800: [GC cleanup 352M->352M(512M), 0.0004139 secs]
 [Times: user=0.00 sys=0.00, real=0.00 secs]
2020-10-27T23:09:53.308+0800: [GC pause (G1 Evacuation Pause) (young), 0.0019197 secs]
   [Parallel Time: 1.5 ms, GC Workers: 6]
      [GC Worker Start (ms): Min: 908.3, Avg: 908.4, Max: 908.5, Diff: 0.2]
      [Ext Root Scanning (ms): Min: 0.0, Avg: 0.1, Max: 0.1, Diff: 0.1, Sum: 0.6]
      [Update RS (ms): Min: 0.4, Avg: 0.4, Max: 0.4, Diff: 0.1, Sum: 2.4]
         [Processed Buffers: Min: 5, Avg: 7.8, Max: 9, Diff: 4, Sum: 47]
      [Scan RS (ms): Min: 0.0, Avg: 0.0, Max: 0.0, Diff: 0.0, Sum: 0.0]
      [Code Root Scanning (ms): Min: 0.0, Avg: 0.0, Max: 0.0, Diff: 0.0, Sum: 0.0]
      [Object Copy (ms): Min: 0.8, Avg: 0.8, Max: 0.9, Diff: 0.1, Sum: 5.0]
      [Termination (ms): Min: 0.0, Avg: 0.1, Max: 0.1, Diff: 0.1, Sum: 0.4]
         [Termination Attempts: Min: 1, Avg: 1.0, Max: 1, Diff: 0, Sum: 6]
      [GC Worker Other (ms): Min: 0.0, Avg: 0.0, Max: 0.0, Diff: 0.0, Sum: 0.0]
      [GC Worker Total (ms): Min: 1.3, Avg: 1.4, Max: 1.5, Diff: 0.2, Sum: 8.4]
      [GC Worker End (ms): Min: 909.8, Avg: 909.8, Max: 909.8, Diff: 0.0]
   [Code Root Fixup: 0.0 ms]
   [Code Root Purge: 0.0 ms]
   [Clear CT: 0.1 ms]
   [Other: 0.4 ms]
      [Choose CSet: 0.0 ms]
      [Ref Proc: 0.0 ms]
      [Ref Enq: 0.0 ms]
      [Redirty Cards: 0.1 ms]
      [Humongous Register: 0.1 ms]
      [Humongous Reclaim: 0.0 ms]
      [Free CSet: 0.0 ms]
   [Eden: 27.0M(27.0M)->0.0B(27.0M) Survivors: 2048.0K->4096.0K Heap: 365.4M(512.0M)->335.2M(512.0M)]
 [Times: user=0.00 sys=0.00, real=0.00 secs]
2020-10-27T23:09:53.314+0800: [GC pause (G1 Humongous Allocation) (young) (initial-mark), 0.0013292 secs]
   [Parallel Time: 0.8 ms, GC Workers: 6]
      [GC Worker Start (ms): Min: 913.5, Avg: 913.5, Max: 913.6, Diff: 0.1]
      [Ext Root Scanning (ms): Min: 0.0, Avg: 0.1, Max: 0.3, Diff: 0.3, Sum: 0.9]
      [Update RS (ms): Min: 0.0, Avg: 0.0, Max: 0.1, Diff: 0.1, Sum: 0.2]
         [Processed Buffers: Min: 0, Avg: 1.2, Max: 2, Diff: 2, Sum: 7]
      [Scan RS (ms): Min: 0.0, Avg: 0.0, Max: 0.0, Diff: 0.0, Sum: 0.0]
      [Code Root Scanning (ms): Min: 0.0, Avg: 0.0, Max: 0.0, Diff: 0.0, Sum: 0.0]
      [Object Copy (ms): Min: 0.5, Avg: 0.5, Max: 0.5, Diff: 0.1, Sum: 3.0]
      [Termination (ms): Min: 0.0, Avg: 0.0, Max: 0.1, Diff: 0.1, Sum: 0.2]
         [Termination Attempts: Min: 1, Avg: 1.0, Max: 1, Diff: 0, Sum: 6]
      [GC Worker Other (ms): Min: 0.0, Avg: 0.0, Max: 0.0, Diff: 0.0, Sum: 0.0]
      [GC Worker Total (ms): Min: 0.6, Avg: 0.7, Max: 0.8, Diff: 0.1, Sum: 4.4]
      [GC Worker End (ms): Min: 914.2, Avg: 914.2, Max: 914.2, Diff: 0.0]
   [Code Root Fixup: 0.0 ms]
   [Code Root Purge: 0.0 ms]
   [Clear CT: 0.0 ms]
   [Other: 0.5 ms]
      [Choose CSet: 0.0 ms]
      [Ref Proc: 0.2 ms]
      [Ref Enq: 0.0 ms]
      [Redirty Cards: 0.0 ms]
      [Humongous Register: 0.1 ms]
      [Humongous Reclaim: 0.0 ms]
      [Free CSet: 0.0 ms]
   [Eden: 7168.0K(27.0M)->0.0B(24.0M) Survivors: 4096.0K->3072.0K Heap: 341.4M(512.0M)->337.7M(512.0M)]
 [Times: user=0.00 sys=0.00, real=0.00 secs]
2020-10-27T23:09:53.317+0800: [GC concurrent-root-region-scan-start]
2020-10-27T23:09:53.317+0800: [GC concurrent-root-region-scan-end, 0.0001497 secs]
2020-10-27T23:09:53.317+0800: [GC concurrent-mark-start]
2020-10-27T23:09:53.318+0800: [GC concurrent-mark-end, 0.0012119 secs]
2020-10-27T23:09:53.318+0800: [GC remark 2020-10-27T23:09:53.318+0800: [Finalize Marking, 0.0001973 secs] 2020-10-27T23:09:53.319+0800: [GC ref-proc, 0.0001591 secs] 2020-10-27T23:09:53.319+0800: [Unloading, 0.0003854 secs], 0.0013922 secs]
 [Times: user=0.00 sys=0.00, real=0.00 secs]
2020-10-27T23:09:53.320+0800: [GC cleanup 352M->352M(512M), 0.0004158 secs]
 [Times: user=0.00 sys=0.00, real=0.00 secs]
2020-10-27T23:09:53.322+0800: [GC pause (G1 Evacuation Pause) (young), 0.0018733 secs]
   [Parallel Time: 1.4 ms, GC Workers: 6]
      [GC Worker Start (ms): Min: 922.2, Avg: 922.3, Max: 922.4, Diff: 0.2]
      [Ext Root Scanning (ms): Min: 0.0, Avg: 0.1, Max: 0.2, Diff: 0.2, Sum: 0.6]
      [Update RS (ms): Min: 0.4, Avg: 0.4, Max: 0.4, Diff: 0.0, Sum: 2.4]
         [Processed Buffers: Min: 5, Avg: 8.2, Max: 9, Diff: 4, Sum: 49]
      [Scan RS (ms): Min: 0.0, Avg: 0.0, Max: 0.0, Diff: 0.0, Sum: 0.0]
      [Code Root Scanning (ms): Min: 0.0, Avg: 0.0, Max: 0.0, Diff: 0.0, Sum: 0.0]
      [Object Copy (ms): Min: 0.8, Avg: 0.8, Max: 0.8, Diff: 0.1, Sum: 4.8]
      [Termination (ms): Min: 0.0, Avg: 0.0, Max: 0.1, Diff: 0.1, Sum: 0.3]
         [Termination Attempts: Min: 1, Avg: 1.0, Max: 1, Diff: 0, Sum: 6]
      [GC Worker Other (ms): Min: 0.0, Avg: 0.0, Max: 0.0, Diff: 0.0, Sum: 0.0]
      [GC Worker Total (ms): Min: 1.2, Avg: 1.3, Max: 1.4, Diff: 0.2, Sum: 8.1]
      [GC Worker End (ms): Min: 923.6, Avg: 923.6, Max: 923.6, Diff: 0.0]
   [Code Root Fixup: 0.0 ms]
   [Code Root Purge: 0.0 ms]
   [Clear CT: 0.1 ms]
   [Other: 0.3 ms]
      [Choose CSet: 0.0 ms]
      [Ref Proc: 0.1 ms]
      [Ref Enq: 0.0 ms]
      [Redirty Cards: 0.1 ms]
      [Humongous Register: 0.1 ms]
      [Humongous Reclaim: 0.0 ms]
      [Free CSet: 0.0 ms]
   [Eden: 24.0M(24.0M)->0.0B(21.0M) Survivors: 3072.0K->4096.0K Heap: 366.9M(512.0M)->341.9M(512.0M)]
 [Times: user=0.00 sys=0.00, real=0.00 secs]
2020-10-27T23:09:53.328+0800: [GC pause (G1 Evacuation Pause) (mixed), 0.0024583 secs]
   [Parallel Time: 2.0 ms, GC Workers: 6]
      [GC Worker Start (ms): Min: 929.0, Avg: 929.1, Max: 929.2, Diff: 0.2]
      [Ext Root Scanning (ms): Min: 0.0, Avg: 0.1, Max: 0.2, Diff: 0.2, Sum: 0.6]
      [Update RS (ms): Min: 0.4, Avg: 0.6, Max: 1.7, Diff: 1.3, Sum: 3.9]
         [Processed Buffers: Min: 0, Avg: 7.3, Max: 10, Diff: 10, Sum: 44]
      [Scan RS (ms): Min: 0.0, Avg: 0.0, Max: 0.0, Diff: 0.0, Sum: 0.0]
      [Code Root Scanning (ms): Min: 0.0, Avg: 0.0, Max: 0.0, Diff: 0.0, Sum: 0.0]
      [Object Copy (ms): Min: 0.0, Avg: 1.1, Max: 1.4, Diff: 1.4, Sum: 6.5]
      [Termination (ms): Min: 0.0, Avg: 0.1, Max: 0.1, Diff: 0.1, Sum: 0.4]
         [Termination Attempts: Min: 1, Avg: 1.0, Max: 1, Diff: 0, Sum: 6]
      [GC Worker Other (ms): Min: 0.0, Avg: 0.0, Max: 0.0, Diff: 0.0, Sum: 0.0]
      [GC Worker Total (ms): Min: 1.8, Avg: 1.9, Max: 2.0, Diff: 0.2, Sum: 11.4]
      [GC Worker End (ms): Min: 931.0, Avg: 931.0, Max: 931.0, Diff: 0.0]
   [Code Root Fixup: 0.0 ms]
   [Code Root Purge: 0.0 ms]
   [Clear CT: 0.1 ms]
   [Other: 0.4 ms]
      [Choose CSet: 0.0 ms]
      [Ref Proc: 0.0 ms]
      [Ref Enq: 0.0 ms]
      [Redirty Cards: 0.0 ms]
      [Humongous Register: 0.1 ms]
      [Humongous Reclaim: 0.0 ms]
      [Free CSet: 0.0 ms]
   [Eden: 21.0M(21.0M)->0.0B(21.0M) Survivors: 4096.0K->4096.0K Heap: 367.4M(512.0M)->347.8M(512.0M)]
 [Times: user=0.00 sys=0.00, real=0.00 secs]
2020-10-27T23:09:53.333+0800: [GC pause (G1 Humongous Allocation) (young) (initial-mark), 0.0009401 secs]
   [Parallel Time: 0.6 ms, GC Workers: 6]
      [GC Worker Start (ms): Min: 933.6, Avg: 933.6, Max: 933.6, Diff: 0.0]
      [Ext Root Scanning (ms): Min: 0.1, Avg: 0.1, Max: 0.1, Diff: 0.0, Sum: 0.7]
      [Update RS (ms): Min: 0.0, Avg: 0.0, Max: 0.1, Diff: 0.1, Sum: 0.3]
         [Processed Buffers: Min: 1, Avg: 1.0, Max: 1, Diff: 0, Sum: 6]
      [Scan RS (ms): Min: 0.0, Avg: 0.0, Max: 0.0, Diff: 0.0, Sum: 0.0]
      [Code Root Scanning (ms): Min: 0.0, Avg: 0.0, Max: 0.0, Diff: 0.0, Sum: 0.0]
      [Object Copy (ms): Min: 0.3, Avg: 0.3, Max: 0.4, Diff: 0.1, Sum: 2.1]
      [Termination (ms): Min: 0.0, Avg: 0.0, Max: 0.1, Diff: 0.1, Sum: 0.2]
         [Termination Attempts: Min: 1, Avg: 1.2, Max: 2, Diff: 1, Sum: 7]
      [GC Worker Other (ms): Min: 0.0, Avg: 0.0, Max: 0.0, Diff: 0.0, Sum: 0.0]
      [GC Worker Total (ms): Min: 0.5, Avg: 0.6, Max: 0.6, Diff: 0.0, Sum: 3.3]
      [GC Worker End (ms): Min: 934.2, Avg: 934.2, Max: 934.2, Diff: 0.0]
   [Code Root Fixup: 0.0 ms]
   [Code Root Purge: 0.0 ms]
   [Clear CT: 0.0 ms]
   [Other: 0.3 ms]
      [Choose CSet: 0.0 ms]
      [Ref Proc: 0.0 ms]
      [Ref Enq: 0.0 ms]
      [Redirty Cards: 0.0 ms]
      [Humongous Register: 0.1 ms]
      [Humongous Reclaim: 0.0 ms]
      [Free CSet: 0.0 ms]
   [Eden: 1024.0K(21.0M)->0.0B(24.0M) Survivors: 4096.0K->1024.0K Heap: 348.8M(512.0M)->347.5M(512.0M)]
 [Times: user=0.00 sys=0.00, real=0.00 secs]
2020-10-27T23:09:53.336+0800: [GC concurrent-root-region-scan-start]
2020-10-27T23:09:53.336+0800: [GC concurrent-root-region-scan-end, 0.0001708 secs]
2020-10-27T23:09:53.336+0800: [GC concurrent-mark-start]
2020-10-27T23:09:53.337+0800: [GC concurrent-mark-end, 0.0013084 secs]
2020-10-27T23:09:53.338+0800: [GC remark 2020-10-27T23:09:53.338+0800: [Finalize Marking, 0.0000905 secs] 2020-10-27T23:09:53.338+0800: [GC ref-proc, 0.0001580 secs] 2020-10-27T23:09:53.338+0800: [Unloading, 0.0003727 secs], 0.0012255 secs]
 [Times: user=0.00 sys=0.00, real=0.00 secs]
2020-10-27T23:09:53.339+0800: [GC cleanup 367M->367M(512M), 0.0003244 secs]
 [Times: user=0.00 sys=0.00, real=0.00 secs]
2020-10-27T23:09:53.341+0800: [GC pause (G1 Evacuation Pause) (young), 0.0019699 secs]
   [Parallel Time: 1.6 ms, GC Workers: 6]
      [GC Worker Start (ms): Min: 941.7, Avg: 941.7, Max: 941.7, Diff: 0.0]
      [Ext Root Scanning (ms): Min: 0.1, Avg: 0.1, Max: 0.1, Diff: 0.0, Sum: 0.7]
      [Update RS (ms): Min: 0.6, Avg: 0.6, Max: 0.6, Diff: 0.0, Sum: 3.8]
         [Processed Buffers: Min: 12, Avg: 13.2, Max: 14, Diff: 2, Sum: 79]
      [Scan RS (ms): Min: 0.0, Avg: 0.0, Max: 0.0, Diff: 0.0, Sum: 0.0]
      [Code Root Scanning (ms): Min: 0.0, Avg: 0.0, Max: 0.0, Diff: 0.0, Sum: 0.0]
      [Object Copy (ms): Min: 0.7, Avg: 0.7, Max: 0.8, Diff: 0.1, Sum: 4.3]
      [Termination (ms): Min: 0.0, Avg: 0.0, Max: 0.1, Diff: 0.1, Sum: 0.2]
         [Termination Attempts: Min: 1, Avg: 1.0, Max: 1, Diff: 0, Sum: 6]
      [GC Worker Other (ms): Min: 0.0, Avg: 0.0, Max: 0.0, Diff: 0.0, Sum: 0.0]
      [GC Worker Total (ms): Min: 1.5, Avg: 1.5, Max: 1.5, Diff: 0.0, Sum: 9.1]
      [GC Worker End (ms): Min: 943.2, Avg: 943.2, Max: 943.2, Diff: 0.0]
   [Code Root Fixup: 0.0 ms]
   [Code Root Purge: 0.0 ms]
   [Clear CT: 0.1 ms]
   [Other: 0.3 ms]
      [Choose CSet: 0.0 ms]
      [Ref Proc: 0.1 ms]
      [Ref Enq: 0.0 ms]
      [Redirty Cards: 0.1 ms]
      [Humongous Register: 0.1 ms]
      [Humongous Reclaim: 0.0 ms]
      [Free CSet: 0.0 ms]
   [Eden: 24.0M(24.0M)->0.0B(21.0M) Survivors: 1024.0K->4096.0K Heap: 380.4M(512.0M)->354.8M(512.0M)]
 [Times: user=0.00 sys=0.00, real=0.00 secs]
2020-10-27T23:09:53.349+0800: [GC pause (G1 Evacuation Pause) (mixed), 0.0036087 secs]
   [Parallel Time: 3.0 ms, GC Workers: 6]
      [GC Worker Start (ms): Min: 948.9, Avg: 948.9, Max: 949.0, Diff: 0.2]
      [Ext Root Scanning (ms): Min: 0.0, Avg: 0.1, Max: 0.2, Diff: 0.2, Sum: 0.6]
      [Update RS (ms): Min: 0.5, Avg: 0.5, Max: 0.5, Diff: 0.0, Sum: 2.9]
         [Processed Buffers: Min: 9, Avg: 10.0, Max: 13, Diff: 4, Sum: 60]
      [Scan RS (ms): Min: 0.0, Avg: 0.0, Max: 0.0, Diff: 0.0, Sum: 0.1]
      [Code Root Scanning (ms): Min: 0.0, Avg: 0.0, Max: 0.0, Diff: 0.0, Sum: 0.0]
      [Object Copy (ms): Min: 2.2, Avg: 2.3, Max: 2.3, Diff: 0.1, Sum: 13.6]
      [Termination (ms): Min: 0.0, Avg: 0.0, Max: 0.1, Diff: 0.1, Sum: 0.2]
         [Termination Attempts: Min: 1, Avg: 1.0, Max: 1, Diff: 0, Sum: 6]
      [GC Worker Other (ms): Min: 0.0, Avg: 0.0, Max: 0.0, Diff: 0.0, Sum: 0.0]
      [GC Worker Total (ms): Min: 2.8, Avg: 2.9, Max: 3.0, Diff: 0.2, Sum: 17.5]
      [GC Worker End (ms): Min: 951.8, Avg: 951.8, Max: 951.8, Diff: 0.0]
   [Code Root Fixup: 0.0 ms]
   [Code Root Purge: 0.0 ms]
   [Clear CT: 0.1 ms]
   [Other: 0.5 ms]
      [Choose CSet: 0.0 ms]
      [Ref Proc: 0.2 ms]
      [Ref Enq: 0.0 ms]
      [Redirty Cards: 0.1 ms]
      [Humongous Register: 0.1 ms]
      [Humongous Reclaim: 0.0 ms]
      [Free CSet: 0.0 ms]
   [Eden: 21.0M(21.0M)->0.0B(21.0M) Survivors: 4096.0K->4096.0K Heap: 382.2M(512.0M)->353.7M(512.0M)]
 [Times: user=0.00 sys=0.00, real=0.01 secs]
2020-10-27T23:09:53.354+0800: [GC pause (G1 Humongous Allocation) (young) (initial-mark), 0.0008198 secs]
   [Parallel Time: 0.5 ms, GC Workers: 6]
      [GC Worker Start (ms): Min: 954.3, Avg: 954.3, Max: 954.4, Diff: 0.1]
      [Ext Root Scanning (ms): Min: 0.0, Avg: 0.1, Max: 0.1, Diff: 0.1, Sum: 0.6]
      [Update RS (ms): Min: 0.0, Avg: 0.0, Max: 0.1, Diff: 0.1, Sum: 0.3]
         [Processed Buffers: Min: 1, Avg: 1.2, Max: 2, Diff: 1, Sum: 7]
      [Scan RS (ms): Min: 0.0, Avg: 0.0, Max: 0.0, Diff: 0.0, Sum: 0.0]
      [Code Root Scanning (ms): Min: 0.0, Avg: 0.0, Max: 0.0, Diff: 0.0, Sum: 0.0]
      [Object Copy (ms): Min: 0.3, Avg: 0.3, Max: 0.3, Diff: 0.0, Sum: 1.8]
      [Termination (ms): Min: 0.0, Avg: 0.0, Max: 0.0, Diff: 0.0, Sum: 0.1]
         [Termination Attempts: Min: 1, Avg: 1.2, Max: 2, Diff: 1, Sum: 7]
      [GC Worker Other (ms): Min: 0.0, Avg: 0.0, Max: 0.0, Diff: 0.0, Sum: 0.0]
      [GC Worker Total (ms): Min: 0.4, Avg: 0.5, Max: 0.5, Diff: 0.1, Sum: 2.9]
      [GC Worker End (ms): Min: 954.8, Avg: 954.8, Max: 954.8, Diff: 0.0]
   [Code Root Fixup: 0.0 ms]
   [Code Root Purge: 0.0 ms]
   [Clear CT: 0.0 ms]
   [Other: 0.3 ms]
      [Choose CSet: 0.0 ms]
      [Ref Proc: 0.0 ms]
      [Ref Enq: 0.0 ms]
      [Redirty Cards: 0.0 ms]
      [Humongous Register: 0.1 ms]
      [Humongous Reclaim: 0.0 ms]
      [Free CSet: 0.0 ms]
   [Eden: 2048.0K(21.0M)->0.0B(24.0M) Survivors: 4096.0K->1024.0K Heap: 355.2M(512.0M)->352.3M(512.0M)]
 [Times: user=0.00 sys=0.00, real=0.00 secs]
2020-10-27T23:09:53.356+0800: [GC concurrent-root-region-scan-start]
2020-10-27T23:09:53.357+0800: [GC concurrent-root-region-scan-end, 0.0001271 secs]
2020-10-27T23:09:53.357+0800: [GC concurrent-mark-start]
2020-10-27T23:09:53.358+0800: [GC concurrent-mark-end, 0.0012890 secs]
2020-10-27T23:09:53.358+0800: [GC remark 2020-10-27T23:09:53.358+0800: [Finalize Marking, 0.0001026 secs] 2020-10-27T23:09:53.358+0800: [GC ref-proc, 0.0001592 secs] 2020-10-27T23:09:53.359+0800: [Unloading, 0.0003610 secs], 0.0012001 secs]
 [Times: user=0.00 sys=0.00, real=0.00 secs]
2020-10-27T23:09:53.360+0800: [GC cleanup 366M->366M(512M), 0.0003324 secs]
 [Times: user=0.00 sys=0.00, real=0.00 secs]
2020-10-27T23:09:53.363+0800: [GC pause (G1 Evacuation Pause) (young), 0.0015330 secs]
   [Parallel Time: 1.1 ms, GC Workers: 6]
      [GC Worker Start (ms): Min: 962.9, Avg: 962.9, Max: 963.0, Diff: 0.2]
      [Ext Root Scanning (ms): Min: 0.0, Avg: 0.1, Max: 0.1, Diff: 0.1, Sum: 0.6]
      [Update RS (ms): Min: 0.2, Avg: 0.3, Max: 0.4, Diff: 0.1, Sum: 1.6]
         [Processed Buffers: Min: 2, Avg: 4.7, Max: 7, Diff: 5, Sum: 28]
      [Scan RS (ms): Min: 0.0, Avg: 0.0, Max: 0.0, Diff: 0.0, Sum: 0.0]
      [Code Root Scanning (ms): Min: 0.0, Avg: 0.0, Max: 0.0, Diff: 0.0, Sum: 0.0]
      [Object Copy (ms): Min: 0.5, Avg: 0.6, Max: 0.6, Diff: 0.2, Sum: 3.6]
      [Termination (ms): Min: 0.0, Avg: 0.0, Max: 0.1, Diff: 0.1, Sum: 0.2]
         [Termination Attempts: Min: 1, Avg: 1.0, Max: 1, Diff: 0, Sum: 6]
      [GC Worker Other (ms): Min: 0.0, Avg: 0.0, Max: 0.0, Diff: 0.0, Sum: 0.0]
      [GC Worker Total (ms): Min: 0.9, Avg: 1.0, Max: 1.0, Diff: 0.1, Sum: 6.0]
      [GC Worker End (ms): Min: 963.9, Avg: 963.9, Max: 963.9, Diff: 0.0]
   [Code Root Fixup: 0.0 ms]
   [Code Root Purge: 0.0 ms]
   [Clear CT: 0.0 ms]
   [Other: 0.4 ms]
      [Choose CSet: 0.0 ms]
      [Ref Proc: 0.1 ms]
      [Ref Enq: 0.0 ms]
      [Redirty Cards: 0.1 ms]
      [Humongous Register: 0.1 ms]
      [Humongous Reclaim: 0.0 ms]
      [Free CSet: 0.0 ms]
   [Eden: 24.0M(24.0M)->0.0B(21.0M) Survivors: 1024.0K->4096.0K Heap: 378.7M(512.0M)->360.0M(512.0M)]
 [Times: user=0.00 sys=0.00, real=0.00 secs]
2020-10-27T23:09:53.368+0800: [GC pause (G1 Evacuation Pause) (mixed), 0.0034918 secs]
   [Parallel Time: 3.1 ms, GC Workers: 6]
      [GC Worker Start (ms): Min: 968.7, Avg: 968.7, Max: 968.7, Diff: 0.0]
      [Ext Root Scanning (ms): Min: 0.1, Avg: 0.1, Max: 0.1, Diff: 0.0, Sum: 0.7]
      [Update RS (ms): Min: 0.1, Avg: 0.1, Max: 0.2, Diff: 0.1, Sum: 0.9]
         [Processed Buffers: Min: 3, Avg: 3.3, Max: 4, Diff: 1, Sum: 20]
      [Scan RS (ms): Min: 0.0, Avg: 0.0, Max: 0.0, Diff: 0.0, Sum: 0.1]
      [Code Root Scanning (ms): Min: 0.0, Avg: 0.0, Max: 0.0, Diff: 0.0, Sum: 0.0]
      [Object Copy (ms): Min: 2.7, Avg: 2.7, Max: 2.7, Diff: 0.0, Sum: 16.2]
      [Termination (ms): Min: 0.0, Avg: 0.0, Max: 0.0, Diff: 0.0, Sum: 0.1]
         [Termination Attempts: Min: 1, Avg: 1.0, Max: 1, Diff: 0, Sum: 6]
      [GC Worker Other (ms): Min: 0.0, Avg: 0.0, Max: 0.0, Diff: 0.0, Sum: 0.0]
      [GC Worker Total (ms): Min: 3.0, Avg: 3.0, Max: 3.0, Diff: 0.0, Sum: 18.1]
      [GC Worker End (ms): Min: 971.7, Avg: 971.7, Max: 971.7, Diff: 0.0]
   [Code Root Fixup: 0.0 ms]
   [Code Root Purge: 0.0 ms]
   [Clear CT: 0.0 ms]
   [Other: 0.4 ms]
      [Choose CSet: 0.0 ms]
      [Ref Proc: 0.1 ms]
      [Ref Enq: 0.0 ms]
      [Redirty Cards: 0.0 ms]
      [Humongous Register: 0.1 ms]
      [Humongous Reclaim: 0.0 ms]
      [Free CSet: 0.1 ms]
   [Eden: 21.0M(21.0M)->0.0B(21.0M) Survivors: 4096.0K->4096.0K Heap: 382.5M(512.0M)->358.3M(512.0M)]
 [Times: user=0.00 sys=0.02, real=0.01 secs]
2020-10-27T23:09:53.374+0800: [GC pause (G1 Humongous Allocation) (young) (initial-mark), 0.0008768 secs]
   [Parallel Time: 0.6 ms, GC Workers: 6]
      [GC Worker Start (ms): Min: 974.3, Avg: 974.3, Max: 974.3, Diff: 0.0]
      [Ext Root Scanning (ms): Min: 0.1, Avg: 0.1, Max: 0.1, Diff: 0.0, Sum: 0.7]
      [Update RS (ms): Min: 0.0, Avg: 0.1, Max: 0.2, Diff: 0.1, Sum: 0.4]
         [Processed Buffers: Min: 1, Avg: 1.2, Max: 2, Diff: 1, Sum: 7]
      [Scan RS (ms): Min: 0.0, Avg: 0.0, Max: 0.0, Diff: 0.0, Sum: 0.0]
      [Code Root Scanning (ms): Min: 0.0, Avg: 0.0, Max: 0.0, Diff: 0.0, Sum: 0.0]
      [Object Copy (ms): Min: 0.2, Avg: 0.3, Max: 0.4, Diff: 0.2, Sum: 2.1]
      [Termination (ms): Min: 0.0, Avg: 0.0, Max: 0.1, Diff: 0.1, Sum: 0.2]
         [Termination Attempts: Min: 1, Avg: 1.0, Max: 1, Diff: 0, Sum: 6]
      [GC Worker Other (ms): Min: 0.0, Avg: 0.0, Max: 0.0, Diff: 0.0, Sum: 0.0]
      [GC Worker Total (ms): Min: 0.6, Avg: 0.6, Max: 0.6, Diff: 0.0, Sum: 3.4]
      [GC Worker End (ms): Min: 974.9, Avg: 974.9, Max: 974.9, Diff: 0.0]
   [Code Root Fixup: 0.0 ms]
   [Code Root Purge: 0.0 ms]
   [Clear CT: 0.0 ms]
   [Other: 0.2 ms]
      [Choose CSet: 0.0 ms]
      [Ref Proc: 0.0 ms]
      [Ref Enq: 0.0 ms]
      [Redirty Cards: 0.0 ms]
      [Humongous Register: 0.1 ms]
      [Humongous Reclaim: 0.0 ms]
      [Free CSet: 0.0 ms]
   [Eden: 4096.0K(21.0M)->0.0B(24.0M) Survivors: 4096.0K->1024.0K Heap: 361.9M(512.0M)->358.0M(512.0M)]
 [Times: user=0.00 sys=0.00, real=0.00 secs]
2020-10-27T23:09:53.377+0800: [GC concurrent-root-region-scan-start]
2020-10-27T23:09:53.377+0800: [GC concurrent-root-region-scan-end, 0.0001562 secs]
2020-10-27T23:09:53.377+0800: [GC concurrent-mark-start]
2020-10-27T23:09:53.378+0800: [GC concurrent-mark-end, 0.0015708 secs]
2020-10-27T23:09:53.379+0800: [GC remark 2020-10-27T23:09:53.379+0800: [Finalize Marking, 0.0001770 secs] 2020-10-27T23:09:53.379+0800: [GC ref-proc, 0.0001881 secs] 2020-10-27T23:09:53.380+0800: [Unloading, 0.0003950 secs], 0.0014192 secs]
 [Times: user=0.00 sys=0.00, real=0.00 secs]
2020-10-27T23:09:53.381+0800: [GC cleanup 376M->376M(512M), 0.0004316 secs]
 [Times: user=0.00 sys=0.00, real=0.00 secs]
2020-10-27T23:09:53.383+0800: [GC pause (G1 Evacuation Pause) (young), 0.0018512 secs]
   [Parallel Time: 1.5 ms, GC Workers: 6]
      [GC Worker Start (ms): Min: 983.0, Avg: 983.1, Max: 983.1, Diff: 0.0]
      [Ext Root Scanning (ms): Min: 0.1, Avg: 0.1, Max: 0.1, Diff: 0.0, Sum: 0.7]
      [Update RS (ms): Min: 0.5, Avg: 0.5, Max: 0.5, Diff: 0.0, Sum: 3.0]
         [Processed Buffers: Min: 10, Avg: 10.3, Max: 11, Diff: 1, Sum: 62]
      [Scan RS (ms): Min: 0.0, Avg: 0.0, Max: 0.0, Diff: 0.0, Sum: 0.0]
      [Code Root Scanning (ms): Min: 0.0, Avg: 0.0, Max: 0.0, Diff: 0.0, Sum: 0.0]
      [Object Copy (ms): Min: 0.8, Avg: 0.8, Max: 0.8, Diff: 0.1, Sum: 4.9]
      [Termination (ms): Min: 0.0, Avg: 0.0, Max: 0.1, Diff: 0.1, Sum: 0.2]
         [Termination Attempts: Min: 1, Avg: 1.0, Max: 1, Diff: 0, Sum: 6]
      [GC Worker Other (ms): Min: 0.0, Avg: 0.0, Max: 0.0, Diff: 0.0, Sum: 0.0]
      [GC Worker Total (ms): Min: 1.5, Avg: 1.5, Max: 1.5, Diff: 0.0, Sum: 8.8]
      [GC Worker End (ms): Min: 984.5, Avg: 984.5, Max: 984.5, Diff: 0.0]
   [Code Root Fixup: 0.0 ms]
   [Code Root Purge: 0.0 ms]
   [Clear CT: 0.0 ms]
   [Other: 0.3 ms]
      [Choose CSet: 0.0 ms]
      [Ref Proc: 0.1 ms]
      [Ref Enq: 0.0 ms]
      [Redirty Cards: 0.0 ms]
      [Humongous Register: 0.1 ms]
      [Humongous Reclaim: 0.0 ms]
      [Free CSet: 0.0 ms]
   [Eden: 24.0M(24.0M)->0.0B(21.0M) Survivors: 1024.0K->4096.0K Heap: 388.8M(512.0M)->366.6M(512.0M)]
 [Times: user=0.09 sys=0.00, real=0.00 secs]
2020-10-27T23:09:53.389+0800: [GC pause (G1 Evacuation Pause) (mixed), 0.0042777 secs]
   [Parallel Time: 3.9 ms, GC Workers: 6]
      [GC Worker Start (ms): Min: 989.3, Avg: 989.3, Max: 989.4, Diff: 0.0]
      [Ext Root Scanning (ms): Min: 0.1, Avg: 0.1, Max: 0.1, Diff: 0.0, Sum: 0.8]
      [Update RS (ms): Min: 0.5, Avg: 0.5, Max: 0.5, Diff: 0.0, Sum: 3.1]
         [Processed Buffers: Min: 10, Avg: 10.7, Max: 12, Diff: 2, Sum: 64]
      [Scan RS (ms): Min: 0.0, Avg: 0.0, Max: 0.0, Diff: 0.0, Sum: 0.1]
      [Code Root Scanning (ms): Min: 0.0, Avg: 0.0, Max: 0.0, Diff: 0.0, Sum: 0.0]
      [Object Copy (ms): Min: 3.0, Avg: 3.0, Max: 3.1, Diff: 0.1, Sum: 18.2]
      [Termination (ms): Min: 0.0, Avg: 0.0, Max: 0.1, Diff: 0.1, Sum: 0.2]
         [Termination Attempts: Min: 1, Avg: 1.0, Max: 1, Diff: 0, Sum: 6]
      [GC Worker Other (ms): Min: 0.0, Avg: 0.0, Max: 0.0, Diff: 0.0, Sum: 0.0]
      [GC Worker Total (ms): Min: 3.7, Avg: 3.7, Max: 3.7, Diff: 0.0, Sum: 22.4]
      [GC Worker End (ms): Min: 993.1, Avg: 993.1, Max: 993.1, Diff: 0.0]
   [Code Root Fixup: 0.0 ms]
   [Code Root Purge: 0.0 ms]
   [Clear CT: 0.0 ms]
   [Other: 0.4 ms]
      [Choose CSet: 0.0 ms]
      [Ref Proc: 0.1 ms]
      [Ref Enq: 0.0 ms]
      [Redirty Cards: 0.0 ms]
      [Humongous Register: 0.1 ms]
      [Humongous Reclaim: 0.0 ms]
      [Free CSet: 0.0 ms]
   [Eden: 21.0M(21.0M)->0.0B(21.0M) Survivors: 4096.0K->4096.0K Heap: 394.7M(512.0M)->363.4M(512.0M)]
 [Times: user=0.00 sys=0.00, real=0.01 secs]
2020-10-27T23:09:53.396+0800: [GC pause (G1 Humongous Allocation) (young) (initial-mark), 0.0009697 secs]
   [Parallel Time: 0.6 ms, GC Workers: 6]
      [GC Worker Start (ms): Min: 996.2, Avg: 996.3, Max: 996.3, Diff: 0.1]
      [Ext Root Scanning (ms): Min: 0.1, Avg: 0.1, Max: 0.1, Diff: 0.1, Sum: 0.7]
      [Update RS (ms): Min: 0.0, Avg: 0.1, Max: 0.1, Diff: 0.1, Sum: 0.4]
         [Processed Buffers: Min: 1, Avg: 1.2, Max: 2, Diff: 1, Sum: 7]
      [Scan RS (ms): Min: 0.0, Avg: 0.0, Max: 0.0, Diff: 0.0, Sum: 0.0]
      [Code Root Scanning (ms): Min: 0.0, Avg: 0.0, Max: 0.0, Diff: 0.0, Sum: 0.0]
      [Object Copy (ms): Min: 0.3, Avg: 0.3, Max: 0.3, Diff: 0.0, Sum: 2.0]
      [Termination (ms): Min: 0.0, Avg: 0.0, Max: 0.0, Diff: 0.0, Sum: 0.1]
         [Termination Attempts: Min: 1, Avg: 1.0, Max: 1, Diff: 0, Sum: 6]
      [GC Worker Other (ms): Min: 0.0, Avg: 0.0, Max: 0.0, Diff: 0.0, Sum: 0.0]
      [GC Worker Total (ms): Min: 0.5, Avg: 0.5, Max: 0.6, Diff: 0.0, Sum: 3.2]
      [GC Worker End (ms): Min: 996.8, Avg: 996.8, Max: 996.8, Diff: 0.0]
   [Code Root Fixup: 0.0 ms]
   [Code Root Purge: 0.0 ms]
   [Clear CT: 0.1 ms]
   [Other: 0.3 ms]
      [Choose CSet: 0.0 ms]
      [Ref Proc: 0.0 ms]
      [Ref Enq: 0.0 ms]
      [Redirty Cards: 0.0 ms]
      [Humongous Register: 0.1 ms]
      [Humongous Reclaim: 0.0 ms]
      [Free CSet: 0.0 ms]
   [Eden: 3072.0K(21.0M)->0.0B(24.0M) Survivors: 4096.0K->1024.0K Heap: 366.3M(512.0M)->363.9M(512.0M)]
 [Times: user=0.00 sys=0.00, real=0.00 secs]
2020-10-27T23:09:53.399+0800: [GC concurrent-root-region-scan-start]
2020-10-27T23:09:53.399+0800: [GC concurrent-root-region-scan-end, 0.0001512 secs]
2020-10-27T23:09:53.399+0800: [GC concurrent-mark-start]
2020-10-27T23:09:53.401+0800: [GC concurrent-mark-end, 0.0013898 secs]
2020-10-27T23:09:53.401+0800: [GC remark 2020-10-27T23:09:53.401+0800: [Finalize Marking, 0.0001135 secs] 2020-10-27T23:09:53.401+0800: [GC ref-proc, 0.0001589 secs] 2020-10-27T23:09:53.401+0800: [Unloading, 0.0003782 secs], 0.0012420 secs]
 [Times: user=0.00 sys=0.00, real=0.00 secs]
2020-10-27T23:09:53.402+0800: [GC cleanup 382M->382M(512M), 0.0003264 secs]
 [Times: user=0.00 sys=0.00, real=0.00 secs]
2020-10-27T23:09:53.405+0800: [GC pause (G1 Evacuation Pause) (young), 0.0017970 secs]
   [Parallel Time: 1.5 ms, GC Workers: 6]
      [GC Worker Start (ms): Min: 1004.4, Avg: 1004.5, Max: 1004.6, Diff: 0.1]
      [Ext Root Scanning (ms): Min: 0.0, Avg: 0.1, Max: 0.1, Diff: 0.1, Sum: 0.6]
      [Update RS (ms): Min: 0.6, Avg: 0.6, Max: 0.7, Diff: 0.0, Sum: 3.9]
         [Processed Buffers: Min: 11, Avg: 13.0, Max: 15, Diff: 4, Sum: 78]
      [Scan RS (ms): Min: 0.0, Avg: 0.0, Max: 0.0, Diff: 0.0, Sum: 0.0]
      [Code Root Scanning (ms): Min: 0.0, Avg: 0.0, Max: 0.0, Diff: 0.0, Sum: 0.0]
      [Object Copy (ms): Min: 0.6, Avg: 0.6, Max: 0.7, Diff: 0.1, Sum: 3.8]
      [Termination (ms): Min: 0.0, Avg: 0.0, Max: 0.1, Diff: 0.1, Sum: 0.2]
         [Termination Attempts: Min: 1, Avg: 1.0, Max: 1, Diff: 0, Sum: 6]
      [GC Worker Other (ms): Min: 0.0, Avg: 0.0, Max: 0.0, Diff: 0.0, Sum: 0.0]
      [GC Worker Total (ms): Min: 1.3, Avg: 1.4, Max: 1.4, Diff: 0.1, Sum: 8.5]
      [GC Worker End (ms): Min: 1005.9, Avg: 1005.9, Max: 1005.9, Diff: 0.0]
   [Code Root Fixup: 0.0 ms]
   [Code Root Purge: 0.0 ms]
   [Clear CT: 0.0 ms]
   [Other: 0.3 ms]
      [Choose CSet: 0.0 ms]
      [Ref Proc: 0.1 ms]
      [Ref Enq: 0.0 ms]
      [Redirty Cards: 0.0 ms]
      [Humongous Register: 0.1 ms]
      [Humongous Reclaim: 0.0 ms]
      [Free CSet: 0.0 ms]
   [Eden: 24.0M(24.0M)->0.0B(21.0M) Survivors: 1024.0K->4096.0K Heap: 396.8M(512.0M)->374.1M(512.0M)]
 [Times: user=0.00 sys=0.00, real=0.00 secs]
2020-10-27T23:09:53.410+0800: [GC pause (G1 Evacuation Pause) (mixed), 0.0047454 secs]
   [Parallel Time: 4.3 ms, GC Workers: 6]
      [GC Worker Start (ms): Min: 1010.1, Avg: 1010.1, Max: 1010.1, Diff: 0.0]
      [Ext Root Scanning (ms): Min: 0.1, Avg: 0.1, Max: 0.1, Diff: 0.0, Sum: 0.7]
      [Update RS (ms): Min: 0.3, Avg: 0.5, Max: 1.8, Diff: 1.5, Sum: 3.2]
         [Processed Buffers: Min: 5, Avg: 5.8, Max: 6, Diff: 1, Sum: 35]
      [Scan RS (ms): Min: 0.0, Avg: 0.0, Max: 0.0, Diff: 0.0, Sum: 0.1]
      [Code Root Scanning (ms): Min: 0.0, Avg: 0.0, Max: 0.0, Diff: 0.0, Sum: 0.0]
      [Object Copy (ms): Min: 2.2, Avg: 3.4, Max: 3.7, Diff: 1.5, Sum: 20.5]
      [Termination (ms): Min: 0.0, Avg: 0.1, Max: 0.2, Diff: 0.2, Sum: 0.5]
         [Termination Attempts: Min: 1, Avg: 1.0, Max: 1, Diff: 0, Sum: 6]
      [GC Worker Other (ms): Min: 0.0, Avg: 0.0, Max: 0.1, Diff: 0.1, Sum: 0.1]
      [GC Worker Total (ms): Min: 4.1, Avg: 4.2, Max: 4.2, Diff: 0.1, Sum: 25.1]
      [GC Worker End (ms): Min: 1014.2, Avg: 1014.3, Max: 1014.3, Diff: 0.1]
   [Code Root Fixup: 0.0 ms]
   [Code Root Purge: 0.0 ms]
   [Clear CT: 0.0 ms]
   [Other: 0.4 ms]
      [Choose CSet: 0.0 ms]
      [Ref Proc: 0.1 ms]
      [Ref Enq: 0.0 ms]
      [Redirty Cards: 0.0 ms]
      [Humongous Register: 0.1 ms]
      [Humongous Reclaim: 0.0 ms]
      [Free CSet: 0.1 ms]
   [Eden: 21.0M(21.0M)->0.0B(21.0M) Survivors: 4096.0K->4096.0K Heap: 398.6M(512.0M)->365.1M(512.0M)]
 [Times: user=0.00 sys=0.00, real=0.01 secs]
2020-10-27T23:09:53.417+0800: [GC pause (G1 Humongous Allocation) (young) (initial-mark), 0.0010655 secs]
   [Parallel Time: 0.6 ms, GC Workers: 6]
      [GC Worker Start (ms): Min: 1017.0, Avg: 1017.0, Max: 1017.1, Diff: 0.1]
      [Ext Root Scanning (ms): Min: 0.1, Avg: 0.1, Max: 0.1, Diff: 0.1, Sum: 0.7]
      [Update RS (ms): Min: 0.0, Avg: 0.1, Max: 0.1, Diff: 0.1, Sum: 0.4]
         [Processed Buffers: Min: 1, Avg: 1.2, Max: 2, Diff: 1, Sum: 7]
      [Scan RS (ms): Min: 0.0, Avg: 0.0, Max: 0.0, Diff: 0.0, Sum: 0.0]
      [Code Root Scanning (ms): Min: 0.0, Avg: 0.0, Max: 0.0, Diff: 0.0, Sum: 0.0]
      [Object Copy (ms): Min: 0.3, Avg: 0.4, Max: 0.4, Diff: 0.1, Sum: 2.2]
      [Termination (ms): Min: 0.0, Avg: 0.0, Max: 0.1, Diff: 0.1, Sum: 0.1]
         [Termination Attempts: Min: 1, Avg: 1.0, Max: 1, Diff: 0, Sum: 6]
      [GC Worker Other (ms): Min: 0.0, Avg: 0.0, Max: 0.0, Diff: 0.0, Sum: 0.0]
      [GC Worker Total (ms): Min: 0.5, Avg: 0.6, Max: 0.6, Diff: 0.0, Sum: 3.5]
      [GC Worker End (ms): Min: 1017.6, Avg: 1017.6, Max: 1017.6, Diff: 0.0]
   [Code Root Fixup: 0.0 ms]
   [Code Root Purge: 0.0 ms]
   [Clear CT: 0.1 ms]
   [Other: 0.3 ms]
      [Choose CSet: 0.0 ms]
      [Ref Proc: 0.0 ms]
      [Ref Enq: 0.0 ms]
      [Redirty Cards: 0.1 ms]
      [Humongous Register: 0.1 ms]
      [Humongous Reclaim: 0.0 ms]
      [Free CSet: 0.0 ms]
   [Eden: 3072.0K(21.0M)->0.0B(24.0M) Survivors: 4096.0K->1024.0K Heap: 367.4M(512.0M)->365.1M(512.0M)]
 [Times: user=0.00 sys=0.00, real=0.00 secs]
2020-10-27T23:09:53.420+0800: [GC concurrent-root-region-scan-start]
2020-10-27T23:09:53.420+0800: [GC concurrent-root-region-scan-end, 0.0001569 secs]
2020-10-27T23:09:53.420+0800: [GC concurrent-mark-start]
2020-10-27T23:09:53.422+0800: [GC concurrent-mark-end, 0.0013487 secs]
2020-10-27T23:09:53.422+0800: [GC remark 2020-10-27T23:09:53.422+0800: [Finalize Marking, 0.0001152 secs] 2020-10-27T23:09:53.422+0800: [GC ref-proc, 0.0001586 secs] 2020-10-27T23:09:53.422+0800: [Unloading, 0.0003999 secs], 0.0013093 secs]
 [Times: user=0.00 sys=0.00, real=0.00 secs]
2020-10-27T23:09:53.423+0800: [GC cleanup 384M->384M(512M), 0.0002994 secs]
 [Times: user=0.00 sys=0.00, real=0.00 secs]
2020-10-27T23:09:53.426+0800: [GC pause (G1 Evacuation Pause) (young), 0.0024390 secs]
   [Parallel Time: 2.0 ms, GC Workers: 6]
      [GC Worker Start (ms): Min: 1025.5, Avg: 1025.5, Max: 1025.6, Diff: 0.1]
      [Ext Root Scanning (ms): Min: 0.0, Avg: 0.1, Max: 0.1, Diff: 0.1, Sum: 0.7]
      [Update RS (ms): Min: 0.7, Avg: 0.7, Max: 0.7, Diff: 0.0, Sum: 4.3]
         [Processed Buffers: Min: 12, Avg: 14.8, Max: 17, Diff: 5, Sum: 89]
      [Scan RS (ms): Min: 0.0, Avg: 0.0, Max: 0.0, Diff: 0.0, Sum: 0.0]
      [Code Root Scanning (ms): Min: 0.0, Avg: 0.0, Max: 0.0, Diff: 0.0, Sum: 0.0]
      [Object Copy (ms): Min: 0.9, Avg: 1.0, Max: 1.1, Diff: 0.2, Sum: 6.0]
      [Termination (ms): Min: 0.0, Avg: 0.1, Max: 0.2, Diff: 0.2, Sum: 0.8]
         [Termination Attempts: Min: 1, Avg: 1.0, Max: 1, Diff: 0, Sum: 6]
      [GC Worker Other (ms): Min: 0.0, Avg: 0.0, Max: 0.0, Diff: 0.0, Sum: 0.0]
      [GC Worker Total (ms): Min: 1.8, Avg: 2.0, Max: 2.0, Diff: 0.2, Sum: 11.8]
      [GC Worker End (ms): Min: 1027.5, Avg: 1027.5, Max: 1027.5, Diff: 0.0]
   [Code Root Fixup: 0.0 ms]
   [Code Root Purge: 0.0 ms]
   [Clear CT: 0.0 ms]
   [Other: 0.3 ms]
      [Choose CSet: 0.0 ms]
      [Ref Proc: 0.1 ms]
      [Ref Enq: 0.0 ms]
      [Redirty Cards: 0.0 ms]
      [Humongous Register: 0.1 ms]
      [Humongous Reclaim: 0.0 ms]
      [Free CSet: 0.0 ms]
   [Eden: 24.0M(24.0M)->0.0B(21.0M) Survivors: 1024.0K->4096.0K Heap: 399.1M(512.0M)->375.8M(512.0M)]
 [Times: user=0.00 sys=0.00, real=0.00 secs]
2020-10-27T23:09:53.433+0800: [GC pause (G1 Evacuation Pause) (mixed), 0.0040377 secs]
   [Parallel Time: 3.5 ms, GC Workers: 6]
      [GC Worker Start (ms): Min: 1032.9, Avg: 1032.9, Max: 1032.9, Diff: 0.0]
      [Ext Root Scanning (ms): Min: 0.1, Avg: 0.1, Max: 0.1, Diff: 0.0, Sum: 0.7]
      [Update RS (ms): Min: 0.3, Avg: 0.3, Max: 0.4, Diff: 0.0, Sum: 2.1]
         [Processed Buffers: Min: 4, Avg: 7.0, Max: 9, Diff: 5, Sum: 42]
      [Scan RS (ms): Min: 0.0, Avg: 0.0, Max: 0.1, Diff: 0.0, Sum: 0.2]
      [Code Root Scanning (ms): Min: 0.0, Avg: 0.0, Max: 0.0, Diff: 0.0, Sum: 0.0]
      [Object Copy (ms): Min: 2.9, Avg: 2.9, Max: 3.0, Diff: 0.1, Sum: 17.7]
      [Termination (ms): Min: 0.0, Avg: 0.0, Max: 0.1, Diff: 0.1, Sum: 0.2]
         [Termination Attempts: Min: 1, Avg: 1.2, Max: 2, Diff: 1, Sum: 7]
      [GC Worker Other (ms): Min: 0.0, Avg: 0.0, Max: 0.0, Diff: 0.0, Sum: 0.0]
      [GC Worker Total (ms): Min: 3.5, Avg: 3.5, Max: 3.5, Diff: 0.0, Sum: 20.9]
      [GC Worker End (ms): Min: 1036.4, Avg: 1036.4, Max: 1036.4, Diff: 0.0]
   [Code Root Fixup: 0.0 ms]
   [Code Root Purge: 0.0 ms]
   [Clear CT: 0.0 ms]
   [Other: 0.5 ms]
      [Choose CSet: 0.0 ms]
      [Ref Proc: 0.1 ms]
      [Ref Enq: 0.0 ms]
      [Redirty Cards: 0.0 ms]
      [Humongous Register: 0.1 ms]
      [Humongous Reclaim: 0.0 ms]
      [Free CSet: 0.0 ms]
   [Eden: 21.0M(21.0M)->0.0B(21.0M) Survivors: 4096.0K->4096.0K Heap: 401.0M(512.0M)->371.7M(512.0M)]
 [Times: user=0.00 sys=0.00, real=0.01 secs]
2020-10-27T23:09:53.439+0800: [GC pause (G1 Humongous Allocation) (young) (initial-mark), 0.0008515 secs]
   [Parallel Time: 0.6 ms, GC Workers: 6]
      [GC Worker Start (ms): Min: 1038.7, Avg: 1038.7, Max: 1038.7, Diff: 0.0]
      [Ext Root Scanning (ms): Min: 0.1, Avg: 0.1, Max: 0.1, Diff: 0.0, Sum: 0.7]
      [Update RS (ms): Min: 0.0, Avg: 0.1, Max: 0.1, Diff: 0.1, Sum: 0.4]
         [Processed Buffers: Min: 1, Avg: 1.2, Max: 2, Diff: 1, Sum: 7]
      [Scan RS (ms): Min: 0.0, Avg: 0.0, Max: 0.0, Diff: 0.0, Sum: 0.0]
      [Code Root Scanning (ms): Min: 0.0, Avg: 0.0, Max: 0.0, Diff: 0.0, Sum: 0.0]
      [Object Copy (ms): Min: 0.2, Avg: 0.3, Max: 0.3, Diff: 0.1, Sum: 1.7]
      [Termination (ms): Min: 0.0, Avg: 0.0, Max: 0.1, Diff: 0.1, Sum: 0.2]
         [Termination Attempts: Min: 1, Avg: 1.0, Max: 1, Diff: 0, Sum: 6]
      [GC Worker Other (ms): Min: 0.0, Avg: 0.0, Max: 0.0, Diff: 0.0, Sum: 0.0]
      [GC Worker Total (ms): Min: 0.5, Avg: 0.5, Max: 0.5, Diff: 0.0, Sum: 3.1]
      [GC Worker End (ms): Min: 1039.2, Avg: 1039.2, Max: 1039.2, Diff: 0.0]
   [Code Root Fixup: 0.0 ms]
   [Code Root Purge: 0.0 ms]
   [Clear CT: 0.0 ms]
   [Other: 0.3 ms]
      [Choose CSet: 0.0 ms]
      [Ref Proc: 0.0 ms]
      [Ref Enq: 0.0 ms]
      [Redirty Cards: 0.0 ms]
      [Humongous Register: 0.1 ms]
      [Humongous Reclaim: 0.0 ms]
      [Free CSet: 0.0 ms]
   [Eden: 2048.0K(21.0M)->0.0B(24.0M) Survivors: 4096.0K->1024.0K Heap: 373.2M(512.0M)->371.4M(512.0M)]
 [Times: user=0.00 sys=0.00, real=0.00 secs]
2020-10-27T23:09:53.441+0800: [GC concurrent-root-region-scan-start]
2020-10-27T23:09:53.442+0800: [GC concurrent-root-region-scan-end, 0.0001223 secs]
2020-10-27T23:09:53.442+0800: [GC concurrent-mark-start]
2020-10-27T23:09:53.443+0800: [GC concurrent-mark-end, 0.0014335 secs]
2020-10-27T23:09:53.443+0800: [GC remark 2020-10-27T23:09:53.443+0800: [Finalize Marking, 0.0001120 secs] 2020-10-27T23:09:53.443+0800: [GC ref-proc, 0.0001606 secs] 2020-10-27T23:09:53.444+0800: [Unloading, 0.0003829 secs], 0.0015437 secs]
 [Times: user=0.00 sys=0.00, real=0.00 secs]
2020-10-27T23:09:53.445+0800: [GC cleanup 391M->391M(512M), 0.0005120 secs]
 [Times: user=0.00 sys=0.00, real=0.00 secs]
2020-10-27T23:09:53.448+0800: [GC pause (G1 Evacuation Pause) (young), 0.0020233 secs]
   [Parallel Time: 1.6 ms, GC Workers: 6]
      [GC Worker Start (ms): Min: 1047.9, Avg: 1047.9, Max: 1047.9, Diff: 0.0]
      [Ext Root Scanning (ms): Min: 0.1, Avg: 0.1, Max: 0.1, Diff: 0.0, Sum: 0.7]
      [Update RS (ms): Min: 0.8, Avg: 0.8, Max: 0.8, Diff: 0.0, Sum: 4.7]
         [Processed Buffers: Min: 15, Avg: 16.2, Max: 18, Diff: 3, Sum: 97]
      [Scan RS (ms): Min: 0.0, Avg: 0.0, Max: 0.0, Diff: 0.0, Sum: 0.0]
      [Code Root Scanning (ms): Min: 0.0, Avg: 0.0, Max: 0.0, Diff: 0.0, Sum: 0.0]
      [Object Copy (ms): Min: 0.6, Avg: 0.6, Max: 0.6, Diff: 0.1, Sum: 3.7]
      [Termination (ms): Min: 0.0, Avg: 0.0, Max: 0.1, Diff: 0.1, Sum: 0.2]
         [Termination Attempts: Min: 1, Avg: 1.0, Max: 1, Diff: 0, Sum: 6]
      [GC Worker Other (ms): Min: 0.0, Avg: 0.0, Max: 0.0, Diff: 0.0, Sum: 0.0]
      [GC Worker Total (ms): Min: 1.5, Avg: 1.6, Max: 1.6, Diff: 0.0, Sum: 9.4]
      [GC Worker End (ms): Min: 1049.5, Avg: 1049.5, Max: 1049.5, Diff: 0.0]
   [Code Root Fixup: 0.0 ms]
   [Code Root Purge: 0.0 ms]
   [Clear CT: 0.0 ms]
   [Other: 0.4 ms]
      [Choose CSet: 0.0 ms]
      [Ref Proc: 0.1 ms]
      [Ref Enq: 0.0 ms]
      [Redirty Cards: 0.0 ms]
      [Humongous Register: 0.1 ms]
      [Humongous Reclaim: 0.0 ms]
      [Free CSet: 0.0 ms]
   [Eden: 24.0M(24.0M)->0.0B(21.0M) Survivors: 1024.0K->4096.0K Heap: 406.5M(512.0M)->381.0M(512.0M)]
 [Times: user=0.00 sys=0.00, real=0.00 secs]
2020-10-27T23:09:53.455+0800: [GC pause (G1 Evacuation Pause) (mixed) (to-space exhausted), 0.0042796 secs]
   [Parallel Time: 3.8 ms, GC Workers: 6]
      [GC Worker Start (ms): Min: 1054.4, Avg: 1054.4, Max: 1054.4, Diff: 0.0]
      [Ext Root Scanning (ms): Min: 0.1, Avg: 0.1, Max: 0.1, Diff: 0.0, Sum: 0.7]
      [Update RS (ms): Min: 0.5, Avg: 0.5, Max: 0.6, Diff: 0.0, Sum: 3.2]
         [Processed Buffers: Min: 10, Avg: 11.2, Max: 12, Diff: 2, Sum: 67]
      [Scan RS (ms): Min: 0.0, Avg: 0.0, Max: 0.0, Diff: 0.0, Sum: 0.1]
      [Code Root Scanning (ms): Min: 0.0, Avg: 0.0, Max: 0.0, Diff: 0.0, Sum: 0.0]
      [Object Copy (ms): Min: 3.0, Avg: 3.1, Max: 3.1, Diff: 0.1, Sum: 18.3]
      [Termination (ms): Min: 0.0, Avg: 0.0, Max: 0.1, Diff: 0.1, Sum: 0.2]
         [Termination Attempts: Min: 1, Avg: 1.0, Max: 1, Diff: 0, Sum: 6]
      [GC Worker Other (ms): Min: 0.0, Avg: 0.0, Max: 0.0, Diff: 0.0, Sum: 0.0]
      [GC Worker Total (ms): Min: 3.8, Avg: 3.8, Max: 3.8, Diff: 0.0, Sum: 22.7]
      [GC Worker End (ms): Min: 1058.2, Avg: 1058.2, Max: 1058.2, Diff: 0.0]
   [Code Root Fixup: 0.0 ms]
   [Code Root Purge: 0.0 ms]
   [Clear CT: 0.0 ms]
   [Other: 0.4 ms]
      [Evacuation Failure: 0.0 ms]
      [Choose CSet: 0.0 ms]
      [Ref Proc: 0.1 ms]
      [Ref Enq: 0.0 ms]
      [Redirty Cards: 0.0 ms]
      [Humongous Register: 0.1 ms]
      [Humongous Reclaim: 0.0 ms]
      [Free CSet: 0.0 ms]
   [Eden: 21.0M(21.0M)->0.0B(21.0M) Survivors: 4096.0K->4096.0K Heap: 409.5M(512.0M)->377.5M(512.0M)]
 [Times: user=0.00 sys=0.00, real=0.01 secs]
2020-10-27T23:09:53.461+0800: [GC pause (G1 Humongous Allocation) (young) (initial-mark), 0.0011082 secs]
   [Parallel Time: 0.8 ms, GC Workers: 6]
      [GC Worker Start (ms): Min: 1060.6, Avg: 1060.6, Max: 1060.7, Diff: 0.2]
      [Ext Root Scanning (ms): Min: 0.0, Avg: 0.2, Max: 0.5, Diff: 0.5, Sum: 1.2]
      [Update RS (ms): Min: 0.0, Avg: 0.1, Max: 0.5, Diff: 0.5, Sum: 0.8]
         [Processed Buffers: Min: 0, Avg: 2.2, Max: 5, Diff: 5, Sum: 13]
      [Scan RS (ms): Min: 0.0, Avg: 0.0, Max: 0.0, Diff: 0.0, Sum: 0.0]
      [Code Root Scanning (ms): Min: 0.0, Avg: 0.0, Max: 0.0, Diff: 0.0, Sum: 0.0]
      [Object Copy (ms): Min: 0.0, Avg: 0.2, Max: 0.3, Diff: 0.3, Sum: 1.2]
      [Termination (ms): Min: 0.0, Avg: 0.1, Max: 0.1, Diff: 0.1, Sum: 0.4]
         [Termination Attempts: Min: 1, Avg: 1.0, Max: 1, Diff: 0, Sum: 6]
      [GC Worker Other (ms): Min: 0.0, Avg: 0.0, Max: 0.0, Diff: 0.0, Sum: 0.0]
      [GC Worker Total (ms): Min: 0.5, Avg: 0.6, Max: 0.7, Diff: 0.2, Sum: 3.7]
      [GC Worker End (ms): Min: 1061.2, Avg: 1061.3, Max: 1061.3, Diff: 0.0]
   [Code Root Fixup: 0.0 ms]
   [Code Root Purge: 0.0 ms]
   [Clear CT: 0.0 ms]
   [Other: 0.3 ms]
      [Choose CSet: 0.0 ms]
      [Ref Proc: 0.1 ms]
      [Ref Enq: 0.0 ms]
      [Redirty Cards: 0.0 ms]
      [Humongous Register: 0.1 ms]
      [Humongous Reclaim: 0.0 ms]
      [Free CSet: 0.0 ms]
   [Eden: 1024.0K(21.0M)->0.0B(24.0M) Survivors: 4096.0K->1024.0K Heap: 378.1M(512.0M)->377.0M(512.0M)]
 [Times: user=0.00 sys=0.00, real=0.00 secs]
2020-10-27T23:09:53.463+0800: [GC concurrent-root-region-scan-start]
2020-10-27T23:09:53.463+0800: [GC concurrent-root-region-scan-end, 0.0001213 secs]
2020-10-27T23:09:53.464+0800: [GC concurrent-mark-start]
2020-10-27T23:09:53.465+0800: [GC concurrent-mark-end, 0.0016936 secs]
2020-10-27T23:09:53.465+0800: [GC remark 2020-10-27T23:09:53.466+0800: [Finalize Marking, 0.0001022 secs] 2020-10-27T23:09:53.466+0800: [GC ref-proc, 0.0001593 secs] 2020-10-27T23:09:53.466+0800: [Unloading, 0.0003740 secs], 0.0012767 secs]
 [Times: user=0.00 sys=0.00, real=0.00 secs]
2020-10-27T23:09:53.467+0800: [GC cleanup 394M->394M(512M), 0.0003490 secs]
 [Times: user=0.00 sys=0.00, real=0.00 secs]
2020-10-27T23:09:53.469+0800: [GC pause (G1 Evacuation Pause) (young), 0.0016128 secs]
   [Parallel Time: 1.2 ms, GC Workers: 6]
      [GC Worker Start (ms): Min: 1069.9, Avg: 1069.9, Max: 1069.9, Diff: 0.0]
      [Ext Root Scanning (ms): Min: 0.1, Avg: 0.1, Max: 0.1, Diff: 0.0, Sum: 0.8]
      [Update RS (ms): Min: 0.4, Avg: 0.5, Max: 0.5, Diff: 0.0, Sum: 2.7]
         [Processed Buffers: Min: 6, Avg: 8.8, Max: 11, Diff: 5, Sum: 53]
      [Scan RS (ms): Min: 0.0, Avg: 0.0, Max: 0.0, Diff: 0.0, Sum: 0.0]
      [Code Root Scanning (ms): Min: 0.0, Avg: 0.0, Max: 0.0, Diff: 0.0, Sum: 0.0]
      [Object Copy (ms): Min: 0.6, Avg: 0.6, Max: 0.6, Diff: 0.0, Sum: 3.7]
      [Termination (ms): Min: 0.0, Avg: 0.0, Max: 0.0, Diff: 0.0, Sum: 0.1]
         [Termination Attempts: Min: 1, Avg: 1.0, Max: 1, Diff: 0, Sum: 6]
      [GC Worker Other (ms): Min: 0.0, Avg: 0.0, Max: 0.0, Diff: 0.0, Sum: 0.0]
      [GC Worker Total (ms): Min: 1.2, Avg: 1.2, Max: 1.2, Diff: 0.0, Sum: 7.3]
      [GC Worker End (ms): Min: 1071.1, Avg: 1071.1, Max: 1071.1, Diff: 0.0]
   [Code Root Fixup: 0.0 ms]
   [Code Root Purge: 0.0 ms]
   [Clear CT: 0.0 ms]
   [Other: 0.3 ms]
      [Choose CSet: 0.0 ms]
      [Ref Proc: 0.1 ms]
      [Ref Enq: 0.0 ms]
      [Redirty Cards: 0.0 ms]
      [Humongous Register: 0.1 ms]
      [Humongous Reclaim: 0.0 ms]
      [Free CSet: 0.0 ms]
   [Eden: 24.0M(24.0M)->0.0B(21.0M) Survivors: 1024.0K->4096.0K Heap: 407.0M(512.0M)->385.2M(512.0M)]
 [Times: user=0.00 sys=0.00, real=0.00 secs]
执行结束!共生成对象次数:11435
Heap
 garbage-first heap   total 524288K, used 394418K [0x00000000e0000000, 0x00000000e0101000, 0x0000000100000000)
  region size 1024K, 5 young (5120K), 4 survivors (4096K)
 Metaspace       used 2624K, capacity 4486K, committed 4864K, reserved 1056768K
  class space    used 290K, capacity 386K, committed 512K, reserved 1048576K

  
  
  1.可以看到[GC pause (G1 Evacuation Pause) (young), 0.0016128 secs] 年轻代转移暂停
            [GC pause (G1 Humongous Allocation) (young) (initial-mark), 0.0070106 secs] 初始标记
			[GC concurrent-root-region-scan-end, 0.0001213 secs] root区扫描
			[GC concurrent-mark-start] 并发标记
			[GC remark 2020-10-27T23:09:53.466+0800: [Finalize Marking, 0.0001022 secs] 再次标记，最终标记
			[GC cleanup 394M->394M(512M), 0.0003490 secs] 清理
			
			
			[GC pause (G1 Evacuation Pause) (mixed), 0.0038322 secs] 混合模式
			
  2. 初始标记，年轻代转移暂停，再次标记的时间都很短，但是发生的次数，复杂度比前面几种GC的时间都多得多。
   